<html>
<body>
<pre>
<h1>µVision Build Log</h1>
<h2>Tool Versions:</h2>
IDE-Version: ¦ÌVision V5.40.0.0
Copyright (C) 2024 ARM Ltd and ARM Germany GmbH. All rights reserved.
License Information: 1 IPASON, 1, LIC=HN0AE-58FY2-Y8EFK-ZW2JE-WJZCU-BS64D
 
Tool Versions:
Toolchain:       MDK-ARM Plus  Version: 5.40.0.3
Toolchain Path:  C:\Keil_v5\ARM\ARMCC\Bin
C Compiler:      Armcc.exe V5.06 update 6 (build 750)
Assembler:       Armasm.exe V5.06 update 6 (build 750)
Linker/Locator:  ArmLink.exe V5.06 update 6 (build 750)
Library Manager: ArmAr.exe V5.06 update 6 (build 750)
Hex Converter:   FromElf.exe V5.06 update 6 (build 750)
CPU DLL:         SARMCM3.DLL V5.40.0.3
Dialog DLL:      DCM.DLL V1.17.5.0
Target DLL:      CMSIS_AGDI.dll V1.33.18.0
Dialog DLL:      TCM.DLL V1.56.4.0
 
<h2>Project:</h2>
D:\WorkAndStudy\CubeMX\X_004\Code\H743VE\MDK-ARM\H743VE.uvprojx
Project File Date:  12/30/2025

<h2>Output:</h2>
*** Using Compiler 'V5.06 update 6 (build 750)', folder: 'C:\Keil_v5\ARM\ARMCC\Bin'
Build target 'H743VE'
compiling flash.c...
../Core/Inc/usart.h(48): warning:  #1295-D: Deprecated declaration Enable_UART1_Receive - give arg types
  extern void Enable_UART1_Receive();
../Core/Inc/usart.h(49): warning:  #1295-D: Deprecated declaration Disable_UART1_Receive - give arg types
  extern void Disable_UART1_Receive();
../Core/Inc/usart.h(50): warning:  #1295-D: Deprecated declaration UART1_Check - give arg types
  extern void UART1_Check();
../Core/Inc/global_cfg.h(337): warning:  #161-D: unrecognized #pragma
  #pragma unpack()
../Core/Inc/global_cfg.h(347): warning:  #1-D: last line of file ends without a newline
  // #endif
..\Core\Src\flash.c(178): warning:  #167-D: argument of type "uint32_t *" is incompatible with parameter of type "uint32_t"
          if (HAL_FLASH_Program(FLASH_TYPEPROGRAM_FLASHWORD, (Addr + data_pos), flashdata_temp) != HAL_OK)
..\Core\Src\flash.c(159): warning:  #546-D: transfer of control bypasses initialization of:
            variable "data_pos"  (declared at line 172)
          goto End;
          ^
..\Core\Src\flash.c(168): warning:  #546-D: transfer of control bypasses initialization of:
            variable "data_pos"  (declared at line 172)
              goto End;
              ^
..\Core\Src\flash.c(227): warning:  #513-D: a value of type "uint32_t *" cannot be assigned to an entity of type "Flash_info *"
      flash_info = &temp;
..\Core\Src\flash.c(244): warning:  #513-D: a value of type "uint32_t *" cannot be assigned to an entity of type "Flash_info *"
      flash_info = &temp;
..\Core\Src\flash.c(258): warning:  #513-D: a value of type "uint32_t *" cannot be assigned to an entity of type "Flash_info *"
      flash_info = &temp;
..\Core\Src\flash.c(274): warning:  #513-D: a value of type "uint32_t *" cannot be assigned to an entity of type "Flash_info *"
          flash_info = &temp;
..\Core\Src\flash.c(292): warning:  #167-D: argument of type "mem_cfg_t *" is incompatible with parameter of type "uint8_t *"
      read_data_non_check_size(Cur_Cfg_Address, &mem_cfg, sizeof(mem_cfg)); 
..\Core\Src\flash.c(304): warning:  #1-D: last line of file ends without a newline
  }
..\Core\Src\flash.c: 14 warnings, 0 errors
linking...
Program Size: Code=70968 RO-data=1340 RW-data=392 ZI-data=156280  
FromELF: creating hex file...
After Build - User command #1: fromelf --bin --output "H743VE\H743VE.bin" "H743VE\H743VE.axf"
"H743VE\H743VE.axf" - 0 Error(s), 14 Warning(s).

<h2>Software Packages used:</h2>

Package Vendor: ARM
                https://www.keil.com/pack/ARM.CMSIS.6.1.0.pack
                ARM::CMSIS@6.1.0
                CMSIS (Common Microcontroller Software Interface Standard)
   * Component: CORE Version: 6.1.0

Package Vendor: Keil
                http://www.keil.com/pack/Keil.STM32H7xx_DFP.3.0.0.pack
                Keil::STM32H7xx_DFP@3.0.0
                STMicroelectronics STM32H7 Series Device Support and Examples

<h2>Collection of Component include folders:</h2>
  ./RTE/_H743VE
  C:/Keil_v5/ARM/PACK/ARM/CMSIS/6.1.0/CMSIS/Core/Include
  C:/Keil_v5/ARM/PACK/Keil/STM32H7xx_DFP/3.0.0/Drivers/CMSIS/Device/ST/STM32H7xx/Include

<h2>Collection of Component Files used:</h2>

   * Component: ARM::CMSIS:CORE@6.1.0
Build Time Elapsed:  00:00:08
</pre>
</body>
</html>
