<html>
<body>
<pre>
<h1>µVision Build Log</h1>
<h2>Tool Versions:</h2>
IDE-Version: ¦ÌVision V5.40.0.0
Copyright (C) 2024 ARM Ltd and ARM Germany GmbH. All rights reserved.
License Information: 1 IPASON, 1, LIC=HN0AE-58FY2-Y8EFK-ZW2JE-WJZCU-BS64D
 
Tool Versions:
Toolchain:       MDK-ARM Plus  Version: 5.40.0.3
Toolchain Path:  C:\Keil_v5\ARM\ARMCC\Bin
C Compiler:      Armcc.exe V5.06 update 6 (build 750)
Assembler:       Armasm.exe V5.06 update 6 (build 750)
Linker/Locator:  ArmLink.exe V5.06 update 6 (build 750)
Library Manager: ArmAr.exe V5.06 update 6 (build 750)
Hex Converter:   FromElf.exe V5.06 update 6 (build 750)
CPU DLL:         SARMCM3.DLL V5.40.0.3
Dialog DLL:      DCM.DLL V1.17.5.0
Target DLL:      CMSIS_AGDI.dll V1.33.18.0
Dialog DLL:      TCM.DLL V1.56.4.0
 
<h2>Project:</h2>
D:\WorkAndStudy\CubeMX\X_004\Code\H743VE\MDK-ARM\H743VE.uvprojx
Project File Date:  12/29/2025

<h2>Output:</h2>
*** Using Compiler 'V5.06 update 6 (build 750)', folder: 'C:\Keil_v5\ARM\ARMCC\Bin'
Build target 'H743VE'
compiling upgrade.c...
../Core/Inc/upgrade.h(7): warning:  #1295-D: Deprecated declaration upgrade_ini - give arg types
  void upgrade_ini();
../Core/Inc/upgrade.h(8): warning:  #1295-D: Deprecated declaration upgrade_check - give arg types
  void upgrade_check();
../Core/Inc/upgrade.h(12): warning:  #1295-D: Deprecated declaration get_bootmode - give arg types
  uint8_t get_bootmode();
../Core/Inc/usart.h(48): warning:  #1295-D: Deprecated declaration Enable_UART1_Receive - give arg types
  extern void Enable_UART1_Receive();
../Core/Inc/usart.h(49): warning:  #1295-D: Deprecated declaration Disable_UART1_Receive - give arg types
  extern void Disable_UART1_Receive();
../Core/Inc/usart.h(50): warning:  #1295-D: Deprecated declaration UART1_Check - give arg types
  extern void UART1_Check();
../Core/Inc/global_cfg.h(336): warning:  #161-D: unrecognized #pragma
  #pragma unpack()
../Core/Inc/global_cfg.h(346): warning:  #1-D: last line of file ends without a newline
  // #endif
..\Core\Src\upgrade.c: 8 warnings, 0 errors
linking...
Program Size: Code=70980 RO-data=1344 RW-data=388 ZI-data=156268  
FromELF: creating hex file...
After Build - User command #1: fromelf --bin --output "H743VE\H743VE.bin" "H743VE\H743VE.axf"
"H743VE\H743VE.axf" - 0 Error(s), 8 Warning(s).

<h2>Software Packages used:</h2>

Package Vendor: ARM
                https://www.keil.com/pack/ARM.CMSIS.6.1.0.pack
                ARM::CMSIS@6.1.0
                CMSIS (Common Microcontroller Software Interface Standard)
   * Component: CORE Version: 6.1.0

Package Vendor: Keil
                http://www.keil.com/pack/Keil.STM32H7xx_DFP.3.0.0.pack
                Keil::STM32H7xx_DFP@3.0.0
                STMicroelectronics STM32H7 Series Device Support and Examples

<h2>Collection of Component include folders:</h2>
  ./RTE/_H743VE
  C:/Keil_v5/ARM/PACK/ARM/CMSIS/6.1.0/CMSIS/Core/Include
  C:/Keil_v5/ARM/PACK/Keil/STM32H7xx_DFP/3.0.0/Drivers/CMSIS/Device/ST/STM32H7xx/Include

<h2>Collection of Component Files used:</h2>

   * Component: ARM::CMSIS:CORE@6.1.0
Build Time Elapsed:  00:00:07
</pre>
</body>
</html>
