Component: ARM Compiler 5.06 update 6 (build 750) Tool: armlink [4d35ed]

==============================================================================

Section Cross References

    startup_stm32h743xx.o(RESET) refers to startup_stm32h743xx.o(STACK) for __initial_sp
    startup_stm32h743xx.o(RESET) refers to startup_stm32h743xx.o(.text) for Reset_Handler
    startup_stm32h743xx.o(RESET) refers to stm32h7xx_it.o(i.NMI_Handler) for NMI_Handler
    startup_stm32h743xx.o(RESET) refers to stm32h7xx_it.o(i.HardFault_Handler) for HardFault_Handler
    startup_stm32h743xx.o(RESET) refers to stm32h7xx_it.o(i.MemManage_Handler) for MemManage_Handler
    startup_stm32h743xx.o(RESET) refers to stm32h7xx_it.o(i.BusFault_Handler) for BusFault_Handler
    startup_stm32h743xx.o(RESET) refers to stm32h7xx_it.o(i.UsageFault_Handler) for UsageFault_Handler
    startup_stm32h743xx.o(RESET) refers to port.o(.emb_text) for SVC_Handler
    startup_stm32h743xx.o(RESET) refers to stm32h7xx_it.o(i.DebugMon_Handler) for DebugMon_Handler
    startup_stm32h743xx.o(RESET) refers to cmsis_os2.o(i.SysTick_Handler) for SysTick_Handler
    startup_stm32h743xx.o(RESET) refers to stm32h7xx_it.o(i.EXTI0_IRQHandler) for EXTI0_IRQHandler
    startup_stm32h743xx.o(RESET) refers to stm32h7xx_it.o(i.EXTI1_IRQHandler) for EXTI1_IRQHandler
    startup_stm32h743xx.o(RESET) refers to stm32h7xx_it.o(i.DMA1_Stream0_IRQHandler) for DMA1_Stream0_IRQHandler
    startup_stm32h743xx.o(RESET) refers to stm32h7xx_it.o(i.DMA1_Stream1_IRQHandler) for DMA1_Stream1_IRQHandler
    startup_stm32h743xx.o(RESET) refers to stm32h7xx_it.o(i.DMA1_Stream2_IRQHandler) for DMA1_Stream2_IRQHandler
    startup_stm32h743xx.o(RESET) refers to stm32h7xx_it.o(i.ADC_IRQHandler) for ADC_IRQHandler
    startup_stm32h743xx.o(RESET) refers to stm32h7xx_it.o(i.FDCAN1_IT0_IRQHandler) for FDCAN1_IT0_IRQHandler
    startup_stm32h743xx.o(RESET) refers to stm32h7xx_it.o(i.TIM2_IRQHandler) for TIM2_IRQHandler
    startup_stm32h743xx.o(RESET) refers to stm32h7xx_it.o(i.TIM3_IRQHandler) for TIM3_IRQHandler
    startup_stm32h743xx.o(RESET) refers to stm32h7xx_it.o(i.TIM4_IRQHandler) for TIM4_IRQHandler
    startup_stm32h743xx.o(RESET) refers to stm32h7xx_it.o(i.USART1_IRQHandler) for USART1_IRQHandler
    startup_stm32h743xx.o(RESET) refers to stm32h7xx_it.o(i.EXTI15_10_IRQHandler) for EXTI15_10_IRQHandler
    startup_stm32h743xx.o(RESET) refers to stm32h7xx_it.o(i.TIM6_DAC_IRQHandler) for TIM6_DAC_IRQHandler
    startup_stm32h743xx.o(RESET) refers to stm32h7xx_it.o(i.DMA2_Stream0_IRQHandler) for DMA2_Stream0_IRQHandler
    startup_stm32h743xx.o(RESET) refers to stm32h7xx_it.o(i.DMA2_Stream1_IRQHandler) for DMA2_Stream1_IRQHandler
    startup_stm32h743xx.o(RESET) refers to stm32h7xx_it.o(i.DMA2_Stream2_IRQHandler) for DMA2_Stream2_IRQHandler
    startup_stm32h743xx.o(RESET) refers to stm32h7xx_it.o(i.DMA2_Stream3_IRQHandler) for DMA2_Stream3_IRQHandler
    startup_stm32h743xx.o(RESET) refers to stm32h7xx_it.o(i.ADC3_IRQHandler) for ADC3_IRQHandler
    startup_stm32h743xx.o(.text) refers to system_stm32h7xx.o(i.ExitRun0Mode) for ExitRun0Mode
    startup_stm32h743xx.o(.text) refers to system_stm32h7xx.o(i.SystemInit) for SystemInit
    startup_stm32h743xx.o(.text) refers to entry.o(.ARM.Collect$$$$00000000) for __main
    flash.o(i.FLASH_Erase) refers to flash.o(i.GetSector) for GetSector
    flash.o(i.FLASH_Erase) refers to stm32h7xx_hal_flash_ex.o(i.HAL_FLASHEx_Erase) for HAL_FLASHEx_Erase
    flash.o(i.FLASH_Write) refers to stm32h7xx_hal_flash.o(i.HAL_FLASH_Unlock) for HAL_FLASH_Unlock
    flash.o(i.FLASH_Write) refers to flash.o(i.IsSectorStart) for IsSectorStart
    flash.o(i.FLASH_Write) refers to flash.o(i.FLASH_Erase) for FLASH_Erase
    flash.o(i.FLASH_Write) refers to stm32h7xx_hal_flash.o(i.HAL_FLASH_Lock) for HAL_FLASH_Lock
    flash.o(i.FLASH_Write) refers to memseta.o(.text) for __aeabi_memclr4
    flash.o(i.FLASH_Write) refers to fmin.o(i.__hardfp_fmin) for __hardfp_fmin
    flash.o(i.FLASH_Write) refers to memcpya.o(.text) for __aeabi_memcpy
    flash.o(i.FLASH_Write) refers to stm32h7xx_hal_flash.o(i.HAL_FLASH_Program) for HAL_FLASH_Program
    flash.o(i.Flash_Ini) refers to ceil.o(i.__hardfp_ceil) for __hardfp_ceil
    flash.o(i.Flash_Ini) refers to flash.o(.data) for .data
    flash.o(i.read_all_data) refers to flash.o(i.FLASH_ReadData) for FLASH_ReadData
    flash.o(i.read_cfg) refers to flash.o(i.Flash_Ini) for Flash_Ini
    flash.o(i.read_cfg) refers to flash.o(i.read_data_non_check_size) for read_data_non_check_size
    flash.o(i.read_cfg) refers to main.o(.data) for mem_cfg
    flash.o(i.read_cfg) refers to flash.o(.data) for .data
    flash.o(i.read_data) refers to flash.o(i.FLASH_ReadData) for FLASH_ReadData
    flash.o(i.read_data_non_check_size) refers to flash.o(i.FLASH_ReadData) for FLASH_ReadData
    flash.o(i.write_cfg) refers to memcpya.o(.text) for __aeabi_memcpy4
    flash.o(i.write_cfg) refers to flash.o(i.FLASH_Write) for FLASH_Write
[...]
    get_bootmode                             0x0802ece1   Thumb Code     6  upgrade.o(i.get_bootmode)
    get_kb_param                             0x0802eced   Thumb Code    94  pc_interface.o(i.get_kb_param)
    get_ld_curr                              0x0802ed51   Thumb Code    96  measure.o(i.get_ld_curr)
    get_ld_vol                               0x0802edd1   Thumb Code    64  measure.o(i.get_ld_vol)
    get_measure_param                        0x0802ee25   Thumb Code   272  measure.o(i.get_measure_param)
    get_out_PD                               0x0802ef4d   Thumb Code    40  measure.o(i.get_out_PD)
    get_out_temp                             0x0802ef7d   Thumb Code   238  measure.o(i.get_out_temp)
    get_pid_param                            0x0802f0d1   Thumb Code   124  pc_interface.o(i.get_pid_param)
    get_pulse_param                          0x0802f151   Thumb Code    56  pc_interface.o(i.get_pulse_param)
    get_sys_curr                             0x0802f189   Thumb Code    54  measure.o(i.get_sys_curr)
    get_sys_temp                             0x0802f1dd   Thumb Code   248  measure.o(i.get_sys_temp)
    get_sys_vol                              0x0802f339   Thumb Code    54  measure.o(i.get_sys_vol)
    get_tec_curr                             0x0802f385   Thumb Code    74  measure.o(i.get_tec_curr)
    get_tec_param                            0x0802f3e5   Thumb Code    28  pc_interface.o(i.get_tec_param)
    info_printf                              0x0802f401   Thumb Code    42  usart.o(i.info_printf)
    init_buffer                              0x0802f431   Thumb Code     8  adc_filt.o(i.init_buffer)
    init_buffer_with_external                0x0802f439   Thumb Code    74  adc_filt.o(i.init_buffer_with_external)
    init_buffer_with_params                  0x0802f483   Thumb Code    46  adc_filt.o(i.init_buffer_with_params)
    init_cbuffers                            0x0802f4b1   Thumb Code    46  adc_filt.o(i.init_cbuffers)
    main                                     0x0802f4e9   Thumb Code   176  main.o(i.main)
    malloc                                   0x0802f599   Thumb Code    92  malloc.o(i.malloc)
    osDelay                                  0x0802f605   Thumb Code    28  cmsis_os2.o(i.osDelay)
    osKernelInitialize                       0x0802f621   Thumb Code    32  cmsis_os2.o(i.osKernelInitialize)
    osKernelStart                            0x0802f645   Thumb Code    48  cmsis_os2.o(i.osKernelStart)
    osMutexNew                               0x0802f67d   Thumb Code   104  cmsis_os2.o(i.osMutexNew)
    osThreadExit                             0x0802f6e5   Thumb Code     8  cmsis_os2.o(i.osThreadExit)
    osThreadNew                              0x0802f6ed   Thumb Code   144  cmsis_os2.o(i.osThreadNew)
    pc_parse_and_execute_command2            0x0802f77d   Thumb Code   174  pc_interface.o(i.pc_parse_and_execute_command2)
    pc_send_ack                              0x0802f831   Thumb Code    32  pc_interface.o(i.pc_send_ack)
    pid_adjust                               0x0802f851   Thumb Code   138  tec_ctrl.o(i.pid_adjust)
    pulse_ini                                0x0803009d   Thumb Code    42  tim.o(i.pulse_ini)
    pulse_reconfig                           0x080300d1   Thumb Code   124  tim.o(i.pulse_reconfig)
    pump_parse                               0x08030159   Thumb Code    84  pump.o(i.pump_parse)
    pump_setting                             0x080301b5   Thumb Code    40  pump.o(i.pump_setting)
    pvPortMalloc                             0x080301e1   Thumb Code   216  heap_4.o(i.pvPortMalloc)
    pxPortInitialiseStack                    0x080302bd   Thumb Code    42  port.o(i.pxPortInitialiseStack)
    readPara                                 0x080302ed   Thumb Code    28  eeprom.o(i.readPara)
    read_cfg                                 0x0803030d   Thumb Code    24  flash.o(i.read_cfg)
    read_data_non_check_size                 0x08030331   Thumb Code    30  flash.o(i.read_data_non_check_size)
    saveBitInfo                              0x08030351   Thumb Code    26  eeprom.o(i.saveBitInfo)
    savePara                                 0x08030371   Thumb Code    26  eeprom.o(i.savePara)
    save_param                               0x08030391   Thumb Code    30  pc_interface.o(i.save_param)
    set_LCM_param                            0x080303b1   Thumb Code   166  pc_interface.o(i.set_LCM_param)
    set_LD_HOC_param                         0x08030469   Thumb Code    74  pc_interface.o(i.set_LD_HOC_param)
    set_LD_Vol_param                         0x080304c1   Thumb Code    74  pc_interface.o(i.set_LD_Vol_param)
    set_TRG_type                             0x08030511   Thumb Code    28  pc_interface.o(i.set_TRG_type)
    set_Version                              0x08030531   Thumb Code    10  pc_interface.o(i.set_Version)
    set_boot_bootmode                        0x08030541   Thumb Code    40  upgrade.o(i.set_boot_bootmode)
    set_kb_param                             0x08030571   Thumb Code    58  pc_interface.o(i.set_kb_param)
    set_pid_param                            0x080305b5   Thumb Code    84  pc_interface.o(i.set_pid_param)
    set_pulse_param                          0x08030611   Thumb Code    92  pc_interface.o(i.set_pulse_param)
    set_pulse_type                           0x08030671   Thumb Code    28  pc_interface.o(i.set_pulse_type)
    set_tec_param                            0x08030691   Thumb Code    24  pc_interface.o(i.set_tec_param)
    sqrt                                     0x080306a9   Thumb Code   106  sqrt.o(i.sqrt)
    status_deley_check                       0x08030713   Thumb Code    58  ld_ctrl.o(i.status_deley_check)
    sum_crc                                  0x0803074d   Thumb Code    24  pc_interface.o(i.sum_crc)
    uart1_send                               0x08030765   Thumb Code    82  pc_interface.o(i.uart1_send)
    upgrade_check                            0x080307c1   Thumb Code    28  upgrade.o(i.upgrade_check)
    upgrade_ini                              0x080307e1   Thumb Code     8  upgrade.o(i.upgrade_ini)
    uxListRemove                             0x080307ed   Thumb Code    38  list.o(i.uxListRemove)
    vApplicationGetIdleTaskMemory            0x08030815   Thumb Code    18  cmsis_os2.o(i.vApplicationGetIdleTaskMemory)
    vApplicationGetTimerTaskMemory           0x0803082d   Thumb Code    20  cmsis_os2.o(i.vApplicationGetTimerTaskMemory)
    vListInitialise                          0x08030845   Thumb Code    22  list.o(i.vListInitialise)
    vListInitialiseItem                      0x0803085b   Thumb Code     6  list.o(i.vListInitialiseItem)
    vListInsert                              0x08030861   Thumb Code    48  list.o(i.vListInsert)
    vListInsertEnd                           0x08030891   Thumb Code    24  list.o(i.vListInsertEnd)
    vPortEnterCritical                       0x080308a9   Thumb Code    54  port.o(i.vPortEnterCritical)
    vPortExitCritical                        0x080308e9   Thumb Code    34  port.o(i.vPortExitCritical)
    vPortFree                                0x08030911   Thumb Code    94  heap_4.o(i.vPortFree)
    vPortSetupTimerInterrupt                 0x08030975   Thumb Code    32  port.o(i.vPortSetupTimerInterrupt)
    vPortValidateInterruptPriority           0x08030999   Thumb Code    74  port.o(i.vPortValidateInterruptPriority)
    vQueueAddToRegistry                      0x080309ed   Thumb Code    34  queue.o(i.vQueueAddToRegistry)
    vQueueWaitForMessageRestricted           0x08030a15   Thumb Code    68  queue.o(i.vQueueWaitForMessageRestricted)
    vTaskDelay                               0x08030a59   Thumb Code    66  tasks.o(i.vTaskDelay)
    vTaskDelete                              0x08030aa5   Thumb Code   130  tasks.o(i.vTaskDelete)
    vTaskInternalSetTimeOutState             0x08030b35   Thumb Code    12  tasks.o(i.vTaskInternalSetTimeOutState)
    vTaskMissedYield                         0x08030b45   Thumb Code     8  tasks.o(i.vTaskMissedYield)
    vTaskPlaceOnEventList                    0x08030b51   Thumb Code    44  tasks.o(i.vTaskPlaceOnEventList)
    vTaskPlaceOnEventListRestricted          0x08030b81   Thumb Code    52  tasks.o(i.vTaskPlaceOnEventListRestricted)
    vTaskStartScheduler                      0x08030bb9   Thumb Code   118  tasks.o(i.vTaskStartScheduler)
    vTaskSuspendAll                          0x08030c41   Thumb Code    10  tasks.o(i.vTaskSuspendAll)
    vTaskSwitchContext                       0x08030c51   Thumb Code    90  tasks.o(i.vTaskSwitchContext)
    write_cfg                                0x08030cb5   Thumb Code    76  flash.o(i.write_cfg)
    x24Cxx_ReadNByte                         0x08030d11   Thumb Code    78  at24cxx.o(i.x24Cxx_ReadNByte)
    xPortStartScheduler                      0x08030d65   Thumb Code   222  port.o(i.xPortStartScheduler)
    xPortSysTickHandler                      0x08030e59   Thumb Code    38  port.o(i.xPortSysTickHandler)
    xQueueCreateMutex                        0x08030e85   Thumb Code    22  queue.o(i.xQueueCreateMutex)
    xQueueCreateMutexStatic                  0x08030e9b   Thumb Code    26  queue.o(i.xQueueCreateMutexStatic)
    xQueueGenericCreate                      0x08030eb5   Thumb Code    66  queue.o(i.xQueueGenericCreate)
    xQueueGenericCreateStatic                0x08030ef7   Thumb Code   102  queue.o(i.xQueueGenericCreateStatic)
    xQueueGenericReset                       0x08030f5d   Thumb Code   144  queue.o(i.xQueueGenericReset)
    xQueueGenericSend                        0x08030ff1   Thumb Code   346  queue.o(i.xQueueGenericSend)
    xQueueGenericSendFromISR                 0x08031151   Thumb Code   190  queue.o(i.xQueueGenericSendFromISR)
    xQueueReceive                            0x08031211   Thumb Code   310  queue.o(i.xQueueReceive)
    xTaskCheckForTimeOut                     0x0803134d   Thumb Code   116  tasks.o(i.xTaskCheckForTimeOut)
    xTaskCreate                              0x080313c5   Thumb Code    90  tasks.o(i.xTaskCreate)
    xTaskCreateStatic                        0x0803141f   Thumb Code    86  tasks.o(i.xTaskCreateStatic)
    xTaskGetSchedulerState                   0x08031475   Thumb Code    22  tasks.o(i.xTaskGetSchedulerState)
    xTaskGetTickCount                        0x08031491   Thumb Code     6  tasks.o(i.xTaskGetTickCount)
    xTaskIncrementTick                       0x0803149d   Thumb Code   192  tasks.o(i.xTaskIncrementTick)
    xTaskPriorityDisinherit                  0x08031565   Thumb Code   116  tasks.o(i.xTaskPriorityDisinherit)
    xTaskRemoveFromEventList                 0x080315e1   Thumb Code   100  tasks.o(i.xTaskRemoveFromEventList)
    xTaskResumeAll                           0x08031651   Thumb Code   184  tasks.o(i.xTaskResumeAll)
    xTimerCreateTimerTask                    0x08031715   Thumb Code    78  timers.o(i.xTimerCreateTimerTask)
    xTimerGenericCommand                     0x08031775   Thumb Code    98  timers.o(i.xTimerGenericCommand)
    defaultTask_attributes                   0x080317dc   Data          36  freertos.o(.constdata)
    myTask02_attributes                      0x08031800   Data          36  freertos.o(.constdata)
    myTask03_attributes                      0x08031824   Data          36  freertos.o(.constdata)
    myMutex01_attributes                     0x08031848   Data          16  freertos.o(.constdata)
    myMutex02_attributes                     0x08031858   Data          16  freertos.o(.constdata)
    UARTPrescTable                           0x080318cc   Data          24  stm32h7xx_hal_uart.o(.constdata)
    D1CorePrescTable                         0x080318f4   Data          16  system_stm32h7xx.o(.constdata)
    __mathlib_zero                           0x08031a20   Data           8  qnan.o(.constdata)
    Region$$Table$$Base                      0x08031a64   Number         0  anon$$obj.o(Region$$Table)
    Region$$Table$$Limit                     0x08031a84   Number         0  anon$$obj.o(Region$$Table)
    para_flash_area                          0x080e0000   Data       131072  flash.o(.ARM.__AT_0x080E0000)
    Next_Cfg_Address                         0x24000000   Data           4  flash.o(.data)
    Cur_Cfg_Address                          0x24000004   Data           4  flash.o(.data)
    Version2                                 0x24000008   Data           4  pc_interface.o(.data)
    tec_cur_limits                           0x2400000c   Data          16  tec_ctrl.o(.data)
    pump_get_param                           0x2400001c   Data           8  pump.o(.data)
    pump_set_param                           0x24000024   Data           4  pump.o(.data)
    upgrade_ctl                              0x24000028   Data           1  upgrade.o(.data)
    Heat_PID                                 0x24000030   Data          28  heat.o(.data)
    mem_cfg                                  0x2400004c   Data          28  main.o(.data)
    running_flag                             0x24000068   Data           3  main.o(.data)
    Work_Status                              0x2400006b   Data           4  main.o(.data)
    test_size                                0x24000070   Data           4  freertos.o(.data)
    defaultTaskHandle                        0x24000074   Data           4  freertos.o(.data)
    myTask02Handle                           0x24000078   Data           4  freertos.o(.data)
    myTask03Handle                           0x2400007c   Data           4  freertos.o(.data)
    myMutex01Handle                          0x24000080   Data           4  freertos.o(.data)
    myMutex02Handle                          0x24000084   Data           4  freertos.o(.data)
    PumpTxFrame                              0x2400008c   Data          48  fdcan.o(.data)
    LD_TRG_RCC_SPWM_Len                      0x240000bc   Data           2  tim.o(.data)
    Q_TRG_RCC_SPWM_Len                       0x240000be   Data           2  tim.o(.data)
    LD_TRG_RCC_NOR                           0x240000c0   Data           8  tim.o(.data)
    Q_TRG_RCC_NOR                            0x240000c8   Data           8  tim.o(.data)
    aRxBuffer2                               0x240000d0   Data           1  usart.o(.data)
    uwTickFreq                               0x240000d4   Data           1  stm32h7xx_hal.o(.data)
    uwTickPrio                               0x240000d8   Data           4  stm32h7xx_hal.o(.data)
    uwTick                                   0x240000dc   Data           4  stm32h7xx_hal.o(.data)
    SystemCoreClock                          0x240000e0   Data           4  system_stm32h7xx.o(.data)
    SystemD2Clock                            0x240000e4   Data           4  system_stm32h7xx.o(.data)
    PT_ref                                   0x240000e8   Data          16  max31865.o(.data)
    pxCurrentTCB                             0x240000f8   Data           4  tasks.o(.data)
    __microlib_freelist                      0x24000178   Data           4  mvars.o(.data)
    __microlib_freelist_initialised          0x2400017c   Data           4  mvars.o(.data)
    LD_TRG_IN_param                          0x24000284   Data          25  ld_ctrl.o(.bss)
    UC_status                                0x2400029d   Data          10  ld_ctrl.o(.bss)
    OT_status                                0x240002bc   Data          20  tec_ctrl.o(.bss)
    UT_status                                0x240002d0   Data          20  tec_ctrl.o(.bss)
    TEC_status                               0x240002e4   Data          20  tec_ctrl.o(.bss)
    tec_pid_ticket                           0x240002f8   Data          16  tec_ctrl.o(.bss)
    adc_cb                                   0x24000308   Data         384  adc_filt.o(.bss)
    cli_para                                 0x240004ec   Data         304  main.o(.bss)
    set_param                                0x2400061c   Data         290  main.o(.bss)
    measure_param                            0x2400073e   Data         109  main.o(.bss)
    ADC1_Raw_Value                           0x240007ac   Data          56  adc.o(.bss)
    ADC2_Raw_Value                           0x240007e4   Data         112  adc.o(.bss)
    ADC3_Raw_Value                           0x24000854   Data          56  adc.o(.bss)
    hadc1                                    0x2400088c   Data         100  adc.o(.bss)
    hadc2                                    0x240008f0   Data         100  adc.o(.bss)
    hadc3                                    0x24000954   Data         100  adc.o(.bss)
    hdma_adc1                                0x240009b8   Data         120  adc.o(.bss)
    hdma_adc2                                0x24000a30   Data         120  adc.o(.bss)
    hdma_adc3                                0x24000aa8   Data         120  adc.o(.bss)
    hfdcan1                                  0x24000b20   Data         160  fdcan.o(.bss)
    FDCAN1_RxFrame                           0x24000bc0   Data          52  fdcan.o(.bss)
    Fcandata                                 0x24000bf4   Data          15  fdcan.o(.bss)
    hi2c1                                    0x24000c04   Data          84  i2c.o(.bss)
    hspi2                                    0x24000c58   Data         136  spi.o(.bss)
    hspi4                                    0x24000ce0   Data         136  spi.o(.bss)
    htim1                                    0x24000d68   Data          76  tim.o(.bss)
    htim2                                    0x24000db4   Data          76  tim.o(.bss)
    htim3                                    0x24000e00   Data          76  tim.o(.bss)
    htim4                                    0x24000e4c   Data          76  tim.o(.bss)
    hdma_tim2_ch1                            0x24000e98   Data         120  tim.o(.bss)
    hdma_tim2_ch3                            0x24000f10   Data         120  tim.o(.bss)
    LD_TRG_RCC_SPWM                          0x24000f88   Data          96  tim.o(.bss)
    Q_TRG_RCC_SPWM                           0x24000fe8   Data          96  tim.o(.bss)
    rxBufArr                                 0x24001148   Data         300  usart.o(.bss)
    huart1                                   0x24001274   Data         148  usart.o(.bss)
    huart2                                   0x24001308   Data         148  usart.o(.bss)
    hdma_usart1_rx                           0x2400139c   Data         120  usart.o(.bss)
    hdma_usart1_tx                           0x24001414   Data         120  usart.o(.bss)
    htim6                                    0x2400148c   Data          76  stm32h7xx_hal_timebase_tim.o(.bss)
    hcrc                                     0x240014d8   Data          36  crc.o(.bss)
    pFlash                                   0x240014fc   Data          28  stm32h7xx_hal_flash.o(.bss)
    xQueueRegistry                           0x24001518   Data          64  queue.o(.bss)
    __heap_base                              0x24005df0   Data           0  startup_stm32h743xx.o(HEAP)
    __heap_limit                             0x24005ff0   Data           0  startup_stm32h743xx.o(HEAP)
    __initial_sp                             0x240063f0   Data           0  startup_stm32h743xx.o(STACK)



==============================================================================

Memory Map of the image

  Image Entry point : 0x08020299

  Load Region LR_IROM1 (Base: 0x08020000, Size: 0x00011c08, Max: 0x00060000, ABSOLUTE, COMPRESSED[0x00011ac4])

    Execution Region ER_IROM1 (Exec base: 0x08020000, Load base: 0x08020000, Size: 0x00011a84, Max: 0x00060000, ABSOLUTE)

    Exec Addr    Load Addr    Size         Type   Attr      Idx    E Section Name        Object

    0x08020000   0x08020000   0x00000298   Data   RO            3    RESET               startup_stm32h743xx.o
    0x08020298   0x08020298   0x00000000   Code   RO         9583  * .ARM.Collect$$$$00000000  mc_w.l(entry.o)
    0x08020298   0x08020298   0x00000004   Code   RO         9922    .ARM.Collect$$$$00000001  mc_w.l(entry2.o)
    0x0802029c   0x0802029c   0x00000004   Code   RO         9925    .ARM.Collect$$$$00000004  mc_w.l(entry5.o)
    0x080202a0   0x080202a0   0x00000000   Code   RO         9927    .ARM.Collect$$$$00000008  mc_w.l(entry7b.o)
    0x080202a0   0x080202a0   0x00000000   Code   RO         9929    .ARM.Collect$$$$0000000A  mc_w.l(entry8b.o)
    0x080202a0   0x080202a0   0x00000008   Code   RO         9930    .ARM.Collect$$$$0000000B  mc_w.l(entry9a.o)
    0x080202a8   0x080202a8   0x00000000   Code   RO         9932    .ARM.Collect$$$$0000000D  mc_w.l(entry10a.o)
    0x080202a8   0x080202a8   0x00000000   Code   RO         9934    .ARM.Collect$$$$0000000F  mc_w.l(entry11a.o)
    0x080202a8   0x080202a8   0x00000004   Code   RO         9923    .ARM.Collect$$$$00002712  mc_w.l(entry2.o)
    0x080202ac   0x080202ac   0x000000be   Code   RO         9450    .emb_text           port.o
    0x0802036a   0x0802036a   0x00000002   PAD
    0x0802036c   0x0802036c   0x0000002c   Code   RO            4    .text               startup_stm32h743xx.o
    0x08020398   0x08020398   0x00000062   Code   RO         9586    .text               mc_w.l(uldiv.o)
    0x080203fa   0x080203fa   0x00000024   Code   RO         9588    .text               mc_w.l(memcpya.o)
    0x0802041e   0x0802041e   0x00000024   Code   RO         9592    .text               mc_w.l(memseta.o)
    0x08020442   0x08020442   0x0000002c   Code   RO         9939    .text               mc_w.l(uidiv.o)
    0x0802046e   0x0802046e   0x0000001e   Code   RO         9941    .text               mc_w.l(llshl.o)
    0x0802048c   0x0802048c   0x00000020   Code   RO         9943    .text               mc_w.l(llushr.o)
    0x080204ac   0x080204ac   0x00000000   Code   RO         9954    .text               mc_w.l(iusefp.o)
    0x080204ac   0x080204ac   0x0000014e   Code   RO         9955    .text               mf_w.l(dadd.o)
    0x080205fa   0x080205fa   0x000000e4   Code   RO         9957    .text               mf_w.l(dmul.o)
    0x080206de   0x080206de   0x000000de   Code   RO         9959    .text               mf_w.l(ddiv.o)
    0x080207bc   0x080207bc   0x0000002e   Code   RO         9961    .text               mf_w.l(dscalb.o)
    0x080207ea   0x080207ea   0x00000002   PAD
    0x080207ec   0x080207ec   0x00000088   Code   RO         9963    .text               mf_w.l(drnd.o)
    0x08020874   0x08020874   0x00000030   Code   RO         9965    .text               mf_w.l(dfixul.o)
    0x080208a4   0x080208a4   0x00000030   Code   RO         9967    .text               mf_w.l(cdrcmple.o)
    0x080208d4   0x080208d4   0x00000060   Code   RO         9969    .text               mf_w.l(dcmp4.o)
    0x08020934   0x08020934   0x00000024   Code   RO         9971    .text               mc_w.l(init.o)
    0x08020958   0x08020958   0x00000024   Code   RO         9974    .text               mc_w.l(llsshr.o)
    0x0802097c   0x0802097c   0x000000ba   Code   RO         9977    .text               mf_w.l(depilogue.o)
    0x08020a36   0x08020a36   0x00000056   Code   RO         9987    .text               mc_w.l(__dczerorl2.o)
    0x08020a8c   0x08020a8c   0x0000000c   Code   RO         1788    i.ADC3_IRQHandler   stm32h7xx_it.o
    0x08020a98   0x08020a98   0x00000108   Code   RO         3072    i.ADC_ConfigureBoostMode  stm32h7xx_hal_adc.o
    0x08020ba0   0x08020ba0   0x00000068   Code   RO         3074    i.ADC_DMAConvCplt   stm32h7xx_hal_adc.o
    0x08020c08   0x08020c08   0x0000001a   Code   RO         3075    i.ADC_DMAError      stm32h7xx_hal_adc.o
    0x08020c22   0x08020c22   0x0000000a   Code   RO         3076    i.ADC_DMAHalfConvCplt  stm32h7xx_hal_adc.o
    0x08020c2c   0x08020c2c   0x000000a8   Code   RO         3078    i.ADC_Enable        stm32h7xx_hal_adc.o
    0x08020cd4   0x08020cd4   0x0000001c   Code   RO         1789    i.ADC_IRQHandler    stm32h7xx_it.o
    0x08020cf0   0x08020cf0   0x00000052   Code   RO         7700    i.AT24CXX_Check     at24cxx.o
    0x08020d42   0x08020d42   0x00000018   Code   RO         7702    i.AT24CXX_Read      at24cxx.o
    0x08020d5a   0x08020d5a   0x00000002   PAD
    0x08020d5c   0x08020d5c   0x00000050   Code   RO         7703    i.AT24CXX_ReadOneByte  at24cxx.o
    0x08020dac   0x08020dac   0x000000c8   Code   RO         7704    i.AT24CXX_Write     at24cxx.o
    0x08020e74   0x08020e74   0x00000028   Code   RO         7705    i.AT24CXX_Write2    at24cxx.o
    0x08020e9c   0x08020e9c   0x00000028   Code   RO         7706    i.AT24CXX_WriteOneByte  at24cxx.o
    0x08020ec4   0x08020ec4   0x00000054   Code   RO         7707    i.AT24CXX_WritePage  at24cxx.o
    0x08020f18   0x08020f18   0x00000002   Code   RO         1790    i.BusFault_Handler  stm32h7xx_it.o
    0x08020f1a   0x08020f1a   0x00000002   PAD
    0x08020f1c   0x08020f1c   0x00000030   Code   RO         7410    i.CRC_Handle_16     stm32h7xx_hal_crc.o
    0x08020f4c   0x08020f4c   0x00000066   Code   RO         7411    i.CRC_Handle_8      stm32h7xx_hal_crc.o
    0x08020fb2   0x08020fb2   0x00000002   PAD
    0x08020fb4   0x08020fb4   0x0000009c   Code   RO         1527    i.CalcPulse_NORParam  tim.o
    0x08021050   0x08021050   0x000000dc   Code   RO         1528    i.CalcPulse_SPWMParam  tim.o
    0x0802112c   0x0802112c   0x00000030   Code   RO          264    i.CheckUartReady    pc_interface.o
    0x0802115c   0x0802115c   0x00000034   Code   RO          265    i.ClearErrs         pc_interface.o
    0x08021190   0x08021190   0x0000001c   Code   RO         7561    i.DAC8568_CS        dac8568.o
    0x080211ac   0x080211ac   0x0000000e   Code   RO         7563    i.DAC8568_SET       dac8568.o
    0x080211ba   0x080211ba   0x00000002   PAD
    0x080211bc   0x080211bc   0x00000044   Code   RO         7566    i.DAC_SPI_WRITE     dac8568.o
    0x08021200   0x08021200   0x0000000c   Code   RO         1791    i.DMA1_Stream0_IRQHandler  stm32h7xx_it.o
    0x0802120c   0x0802120c   0x0000000c   Code   RO         1792    i.DMA1_Stream1_IRQHandler  stm32h7xx_it.o
    0x08021218   0x08021218   0x0000000c   Code   RO         1793    i.DMA1_Stream2_IRQHandler  stm32h7xx_it.o
    0x08021224   0x08021224   0x0000000c   Code   RO         1794    i.DMA2_Stream0_IRQHandler  stm32h7xx_it.o
    0x08021230   0x08021230   0x0000000c   Code   RO         1795    i.DMA2_Stream1_IRQHandler  stm32h7xx_it.o
    0x0802123c   0x0802123c   0x0000000c   Code   RO         1796    i.DMA2_Stream2_IRQHandler  stm32h7xx_it.o
    0x08021248   0x08021248   0x0000000c   Code   RO         1797    i.DMA2_Stream3_IRQHandler  stm32h7xx_it.o
    0x08021254   0x08021254   0x000000b4   Code   RO         4155    i.DMA_CalcBaseAndBitshift  stm32h7xx_hal_dma.o
    0x08021308   0x08021308   0x0000009c   Code   RO         4156    i.DMA_CalcDMAMUXChannelBaseAndMask  stm32h7xx_hal_dma.o
    0x080213a4   0x080213a4   0x00000074   Code   RO         4157    i.DMA_CalcDMAMUXRequestGenBaseAndMask  stm32h7xx_hal_dma.o
    0x08021418   0x08021418   0x00000054   Code   RO         4158    i.DMA_CheckFifoParam  stm32h7xx_hal_dma.o
    0x0802146c   0x0802146c   0x00000220   Code   RO         4159    i.DMA_SetConfig     stm32h7xx_hal_dma.o
    0x0802168c   0x0802168c   0x00000002   Code   RO         1798    i.DebugMon_Handler  stm32h7xx_it.o
    0x0802168e   0x0802168e   0x00000002   PAD
    0x08021690   0x08021690   0x000000c8   Code   RO          934    i.DefaultParams     bit_ini.o
    0x08021758   0x08021758   0x00000040   Code   RO          935    i.DefaultStatus     bit_ini.o
    0x08021798   0x08021798   0x00000006   Code   RO         1799    i.EXTI0_IRQHandler  stm32h7xx_it.o
    0x0802179e   0x0802179e   0x00000008   Code   RO         1800    i.EXTI15_10_IRQHandler  stm32h7xx_it.o
    0x080217a6   0x080217a6   0x00000006   Code   RO         1801    i.EXTI1_IRQHandler  stm32h7xx_it.o
    0x080217ac   0x080217ac   0x000000b4   Code   RO         1691    i.Enable_UART1_Receive  usart.o
    0x08021860   0x08021860   0x00000004   Code   RO         1088    i.Error_Handler     main.o
    0x08021864   0x08021864   0x0000001c   Code   RO         7516    i.ExitRun0Mode      system_stm32h7xx.o
    0x08021880   0x08021880   0x0000000c   Code   RO         1802    i.FDCAN1_IT0_IRQHandler  stm32h7xx_it.o
    0x0802188c   0x0802188c   0x000001c8   Code   RO         5925    i.FDCAN_CalcultateRamBlockAddresses  stm32h7xx_hal_fdcan.o
    0x08021a54   0x08021a54   0x0000006c   Code   RO         5926    i.FDCAN_CopyMessageToRAM  stm32h7xx_hal_fdcan.o
    0x08021ac0   0x08021ac0   0x0000002e   Code   RO           13    i.FLASH_Erase       flash.o
    0x08021aee   0x08021aee   0x00000002   PAD
    0x08021af0   0x08021af0   0x00000040   Code   RO         3909    i.FLASH_Erase_Sector  stm32h7xx_hal_flash_ex.o
    0x08021b30   0x08021b30   0x0000007c   Code   RO         3910    i.FLASH_MassErase   stm32h7xx_hal_flash_ex.o
    0x08021bac   0x08021bac   0x0000001c   Code   RO           14    i.FLASH_ReadData    flash.o
    0x08021bc8   0x08021bc8   0x000000cc   Code   RO         3801    i.FLASH_WaitForLastOperation  stm32h7xx_hal_flash.o
    0x08021c94   0x08021c94   0x000000ac   Code   RO           16    i.FLASH_Write       flash.o
    0x08021d40   0x08021d40   0x00000074   Code   RO           17    i.Flash_Ini         flash.o
    0x08021db4   0x08021db4   0x000000d8   Code   RO           18    i.GetSector         flash.o
    0x08021e8c   0x08021e8c   0x00000002   Code   RO         3293    i.HAL_ADCEx_EndOfSamplingCallback  stm32h7xx_hal_adc_ex.o
    0x08021e8e   0x08021e8e   0x00000002   Code   RO         3296    i.HAL_ADCEx_InjectedConvCpltCallback  stm32h7xx_hal_adc_ex.o
    0x08021e90   0x08021e90   0x00000002   Code   RO         3299    i.HAL_ADCEx_InjectedQueueOverflowCallback  stm32h7xx_hal_adc_ex.o
    0x08021e92   0x08021e92   0x00000002   Code   RO         3304    i.HAL_ADCEx_LevelOutOfWindow2Callback  stm32h7xx_hal_adc_ex.o
    0x08021e94   0x08021e94   0x00000002   Code   RO         3305    i.HAL_ADCEx_LevelOutOfWindow3Callback  stm32h7xx_hal_adc_ex.o
    0x08021e96   0x08021e96   0x00000002   PAD
    0x08021e98   0x08021e98   0x00000128   Code   RO         3309    i.HAL_ADCEx_MultiModeConfigChannel  stm32h7xx_hal_adc_ex.o
    0x08021fc0   0x08021fc0   0x00000420   Code   RO         3080    i.HAL_ADC_ConfigChannel  stm32h7xx_hal_adc.o
    0x080223e0   0x080223e0   0x000000bc   Code   RO         1255    i.HAL_ADC_ConvCpltCallback  adc.o
    0x0802249c   0x0802249c   0x00000002   Code   RO         3082    i.HAL_ADC_ConvHalfCpltCallback  stm32h7xx_hal_adc.o
    0x0802249e   0x0802249e   0x00000002   Code   RO         3084    i.HAL_ADC_ErrorCallback  stm32h7xx_hal_adc.o
    0x080224a0   0x080224a0   0x00000290   Code   RO         3088    i.HAL_ADC_IRQHandler  stm32h7xx_hal_adc.o
    0x08022730   0x08022730   0x00000228   Code   RO         3089    i.HAL_ADC_Init      stm32h7xx_hal_adc.o
    0x08022958   0x08022958   0x00000002   Code   RO         3090    i.HAL_ADC_LevelOutOfWindowCallback  stm32h7xx_hal_adc.o
    0x0802295a   0x0802295a   0x00000002   PAD
    0x0802295c   0x0802295c   0x00000208   Code   RO         1257    i.HAL_ADC_MspInit   adc.o
    0x08022b64   0x08022b64   0x00000108   Code   RO         3096    i.HAL_ADC_Start_DMA  stm32h7xx_hal_adc.o
    0x08022c6c   0x08022c6c   0x00000054   Code   RO         7482    i.HAL_CRCEx_Polynomial_Set  stm32h7xx_hal_crc_ex.o
    0x08022cc0   0x08022cc0   0x0000004c   Code   RO         7413    i.HAL_CRC_Calculate  stm32h7xx_hal_crc.o
    0x08022d0c   0x08022d0c   0x00000078   Code   RO         7416    i.HAL_CRC_Init      stm32h7xx_hal_crc.o
    0x08022d84   0x08022d84   0x00000028   Code   RO         2018    i.HAL_CRC_MspInit   crc.o
    0x08022dac   0x08022dac   0x00000360   Code   RO         4160    i.HAL_DMA_Abort     stm32h7xx_hal_dma.o
    0x0802310c   0x0802310c   0x00000284   Code   RO         4161    i.HAL_DMA_Abort_IT  stm32h7xx_hal_dma.o
    0x08023390   0x08023390   0x00000006   Code   RO         4164    i.HAL_DMA_GetState  stm32h7xx_hal_dma.o
    0x08023396   0x08023396   0x00000002   PAD
    0x08023398   0x08023398   0x000006e8   Code   RO         4165    i.HAL_DMA_IRQHandler  stm32h7xx_hal_dma.o
    0x08023a80   0x08023a80   0x000003c4   Code   RO         4166    i.HAL_DMA_Init      stm32h7xx_hal_dma.o
    0x08023e44   0x08023e44   0x0000029c   Code   RO         4170    i.HAL_DMA_Start_IT  stm32h7xx_hal_dma.o
    0x080240e0   0x080240e0   0x00000088   Code   RO         5928    i.HAL_FDCAN_ActivateNotification  stm32h7xx_hal_fdcan.o
    0x08024168   0x08024168   0x00000066   Code   RO         5930    i.HAL_FDCAN_AddMessageToTxFifoQ  stm32h7xx_hal_fdcan.o
    0x080241ce   0x080241ce   0x00000002   Code   RO         5931    i.HAL_FDCAN_ClockCalibrationCallback  stm32h7xx_hal_fdcan.o
    0x080241d0   0x080241d0   0x0000007e   Code   RO         5935    i.HAL_FDCAN_ConfigFilter  stm32h7xx_hal_fdcan.o
    0x0802424e   0x0802424e   0x00000032   Code   RO         5936    i.HAL_FDCAN_ConfigGlobalFilter  stm32h7xx_hal_fdcan.o
    0x08024280   0x08024280   0x00000004   Code   RO         1346    i.HAL_FDCAN_ErrorCallback  fdcan.o
    0x08024284   0x08024284   0x00000002   Code   RO         1347    i.HAL_FDCAN_ErrorStatusCallback  fdcan.o
    0x08024286   0x08024286   0x00000006   Code   RO         5963    i.HAL_FDCAN_GetError  stm32h7xx_hal_fdcan.o
    0x0802428c   0x0802428c   0x0000018c   Code   RO         5969    i.HAL_FDCAN_GetRxMessage  stm32h7xx_hal_fdcan.o
    0x08024418   0x08024418   0x00000002   Code   RO         5975    i.HAL_FDCAN_HighPriorityMessageCallback  stm32h7xx_hal_fdcan.o
    0x0802441a   0x0802441a   0x00000002   PAD
    0x0802441c   0x0802441c   0x00000320   Code   RO         5976    i.HAL_FDCAN_IRQHandler  stm32h7xx_hal_fdcan.o
    0x0802473c   0x0802473c   0x00000244   Code   RO         5977    i.HAL_FDCAN_Init    stm32h7xx_hal_fdcan.o
    0x08024980   0x08024980   0x00000078   Code   RO         1349    i.HAL_FDCAN_MspInit  fdcan.o
    0x080249f8   0x080249f8   0x00000002   Code   RO         5986    i.HAL_FDCAN_RxBufferNewMessageCallback  stm32h7xx_hal_fdcan.o
    0x080249fa   0x080249fa   0x00000002   PAD
    0x080249fc   0x080249fc   0x0000002c   Code   RO         1350    i.HAL_FDCAN_RxFifo0Callback  fdcan.o
    0x08024a28   0x08024a28   0x00000002   Code   RO         5988    i.HAL_FDCAN_RxFifo1Callback  stm32h7xx_hal_fdcan.o
    0x08024a2a   0x08024a2a   0x00000032   Code   RO         5989    i.HAL_FDCAN_Start   stm32h7xx_hal_fdcan.o
    0x08024a5c   0x08024a5c   0x00000002   Code   RO         6011    i.HAL_FDCAN_TT_GlobalTimeCallback  stm32h7xx_hal_fdcan.o
    0x08024a5e   0x08024a5e   0x00000002   Code   RO         6012    i.HAL_FDCAN_TT_ScheduleSyncCallback  stm32h7xx_hal_fdcan.o
    0x08024a60   0x08024a60   0x00000002   Code   RO         6017    i.HAL_FDCAN_TT_StopWatchCallback  stm32h7xx_hal_fdcan.o
    0x08024a62   0x08024a62   0x00000002   Code   RO         6018    i.HAL_FDCAN_TT_TimeMarkCallback  stm32h7xx_hal_fdcan.o
    0x08024a64   0x08024a64   0x00000002   Code   RO         6019    i.HAL_FDCAN_TimeoutOccurredCallback  stm32h7xx_hal_fdcan.o
    0x08024a66   0x08024a66   0x00000002   Code   RO         6020    i.HAL_FDCAN_TimestampWraparoundCallback  stm32h7xx_hal_fdcan.o
    0x08024a68   0x08024a68   0x00000002   Code   RO         6021    i.HAL_FDCAN_TxBufferAbortCallback  stm32h7xx_hal_fdcan.o
    0x08024a6a   0x08024a6a   0x00000002   Code   RO         1351    i.HAL_FDCAN_TxBufferCompleteCallback  fdcan.o
    0x08024a6c   0x08024a6c   0x00000002   Code   RO         6023    i.HAL_FDCAN_TxEventFifoCallback  stm32h7xx_hal_fdcan.o
    0x08024a6e   0x08024a6e   0x00000002   Code   RO         6024    i.HAL_FDCAN_TxFifoEmptyCallback  stm32h7xx_hal_fdcan.o
    0x08024a70   0x08024a70   0x00000114   Code   RO         3913    i.HAL_FLASHEx_Erase  stm32h7xx_hal_flash_ex.o
    0x08024b84   0x08024b84   0x00000030   Code   RO         3805    i.HAL_FLASH_Lock    stm32h7xx_hal_flash.o
    0x08024bb4   0x08024bb4   0x000000c0   Code   RO         3810    i.HAL_FLASH_Program  stm32h7xx_hal_flash.o
    0x08024c74   0x08024c74   0x00000044   Code   RO         3812    i.HAL_FLASH_Unlock  stm32h7xx_hal_flash.o
    0x08024cb8   0x08024cb8   0x0000016c   Code   RO          519    i.HAL_GPIO_EXTI_Callback  ld_ctrl.o
    0x08024e24   0x08024e24   0x00000018   Code   RO         4007    i.HAL_GPIO_EXTI_IRQHandler  stm32h7xx_hal_gpio.o
    0x08024e3c   0x08024e3c   0x0000022c   Code   RO         4008    i.HAL_GPIO_Init     stm32h7xx_hal_gpio.o
    0x08025068   0x08025068   0x0000000a   Code   RO         4010    i.HAL_GPIO_ReadPin  stm32h7xx_hal_gpio.o
    0x08025072   0x08025072   0x0000000a   Code   RO         4012    i.HAL_GPIO_WritePin  stm32h7xx_hal_gpio.o
    0x0802507c   0x0802507c   0x0000000c   Code   RO         5033    i.HAL_GetREVID      stm32h7xx_hal.o
    0x08025088   0x08025088   0x0000000c   Code   RO         5034    i.HAL_GetTick       stm32h7xx_hal.o
    0x08025094   0x08025094   0x00000058   Code   RO         5799    i.HAL_I2CEx_ConfigAnalogFilter  stm32h7xx_hal_i2c_ex.o
    0x080250ec   0x080250ec   0x00000054   Code   RO         5800    i.HAL_I2CEx_ConfigDigitalFilter  stm32h7xx_hal_i2c_ex.o
    0x08025140   0x08025140   0x000000c0   Code   RO         5338    i.HAL_I2C_Init      stm32h7xx_hal_i2c.o
    0x08025200   0x08025200   0x00000124   Code   RO         5344    i.HAL_I2C_Master_Receive  stm32h7xx_hal_i2c.o
    0x08025324   0x08025324   0x0000014c   Code   RO         5351    i.HAL_I2C_Master_Transmit  stm32h7xx_hal_i2c.o
    0x08025470   0x08025470   0x00000158   Code   RO         5359    i.HAL_I2C_Mem_Write  stm32h7xx_hal_i2c.o
    0x080255c8   0x080255c8   0x00000084   Code   RO         1420    i.HAL_I2C_MspInit   i2c.o
    0x0802564c   0x0802564c   0x00000010   Code   RO         5040    i.HAL_IncTick       stm32h7xx_hal.o
    0x0802565c   0x0802565c   0x0000005c   Code   RO         5041    i.HAL_Init          stm32h7xx_hal.o
    0x080256b8   0x080256b8   0x0000008c   Code   RO         1978    i.HAL_InitTick      stm32h7xx_hal_timebase_tim.o
    0x08025744   0x08025744   0x0000005c   Code   RO         4863    i.HAL_MPU_ConfigRegion  stm32h7xx_hal_cortex.o
    0x080257a0   0x080257a0   0x0000001c   Code   RO         4864    i.HAL_MPU_Disable   stm32h7xx_hal_cortex.o
    0x080257bc   0x080257bc   0x00000024   Code   RO         4866    i.HAL_MPU_Enable    stm32h7xx_hal_cortex.o
    0x080257e0   0x080257e0   0x00000024   Code   RO         1954    i.HAL_MspInit       stm32h7xx_hal_msp.o
    0x08025804   0x08025804   0x00000022   Code   RO         4869    i.HAL_NVIC_DisableIRQ  stm32h7xx_hal_cortex.o
    0x08025826   0x08025826   0x0000001a   Code   RO         4870    i.HAL_NVIC_EnableIRQ  stm32h7xx_hal_cortex.o
    0x08025840   0x08025840   0x00000040   Code   RO         4876    i.HAL_NVIC_SetPriority  stm32h7xx_hal_cortex.o
    0x08025880   0x08025880   0x00000024   Code   RO         4877    i.HAL_NVIC_SetPriorityGrouping  stm32h7xx_hal_cortex.o
    0x080258a4   0x080258a4   0x00000054   Code   RO         4609    i.HAL_PWREx_ConfigSupply  stm32h7xx_hal_pwr_ex.o
    0x080258f8   0x080258f8   0x00000024   Code   RO         3629    i.HAL_RCCEx_GetD3PCLK1Freq  stm32h7xx_hal_rcc_ex.o
    0x0802591c   0x0802591c   0x00000148   Code   RO         3630    i.HAL_RCCEx_GetPLL1ClockFreq  stm32h7xx_hal_rcc_ex.o
    0x08025a64   0x08025a64   0x00000144   Code   RO         3631    i.HAL_RCCEx_GetPLL2ClockFreq  stm32h7xx_hal_rcc_ex.o
    0x08025ba8   0x08025ba8   0x00000144   Code   RO         3632    i.HAL_RCCEx_GetPLL3ClockFreq  stm32h7xx_hal_rcc_ex.o
    0x08025cec   0x08025cec   0x000002c8   Code   RO         3634    i.HAL_RCCEx_GetPeriphCLKFreq  stm32h7xx_hal_rcc_ex.o
    0x08025fb4   0x08025fb4   0x000009ac   Code   RO         3638    i.HAL_RCCEx_PeriphCLKConfig  stm32h7xx_hal_rcc_ex.o
    0x08026960   0x08026960   0x0000025c   Code   RO         3514    i.HAL_RCC_ClockConfig  stm32h7xx_hal_rcc.o
    0x08026bbc   0x08026bbc   0x0000005c   Code   RO         3518    i.HAL_RCC_GetClockConfig  stm32h7xx_hal_rcc.o
    0x08026c18   0x08026c18   0x00000044   Code   RO         3519    i.HAL_RCC_GetHCLKFreq  stm32h7xx_hal_rcc.o
    0x08026c5c   0x08026c5c   0x00000024   Code   RO         3521    i.HAL_RCC_GetPCLK1Freq  stm32h7xx_hal_rcc.o
    0x08026c80   0x08026c80   0x00000024   Code   RO         3522    i.HAL_RCC_GetPCLK2Freq  stm32h7xx_hal_rcc.o
    0x08026ca4   0x08026ca4   0x00000138   Code   RO         3523    i.HAL_RCC_GetSysClockFreq  stm32h7xx_hal_rcc.o
    0x08026ddc   0x08026ddc   0x00000582   Code   RO         3526    i.HAL_RCC_OscConfig  stm32h7xx_hal_rcc.o
    0x0802735e   0x0802735e   0x00000002   PAD
    0x08027360   0x08027360   0x0000017c   Code   RO         6554    i.HAL_SPI_Init      stm32h7xx_hal_spi.o
    0x080274dc   0x080274dc   0x000000dc   Code   RO         1480    i.HAL_SPI_MspInit   spi.o
    0x080275b8   0x080275b8   0x00000242   Code   RO         6563    i.HAL_SPI_Transmit  stm32h7xx_hal_spi.o
    0x080277fa   0x080277fa   0x00000002   PAD
    0x080277fc   0x080277fc   0x00000348   Code   RO         6564    i.HAL_SPI_TransmitReceive  stm32h7xx_hal_spi.o
    0x08027b44   0x08027b44   0x00000010   Code   RO         5046    i.HAL_SYSCFG_AnalogSwitchConfig  stm32h7xx_hal.o
    0x08027b54   0x08027b54   0x00000002   Code   RO         2781    i.HAL_TIMEx_Break2Callback  stm32h7xx_hal_tim_ex.o
    0x08027b56   0x08027b56   0x00000002   Code   RO         2782    i.HAL_TIMEx_BreakCallback  stm32h7xx_hal_tim_ex.o
    0x08027b58   0x08027b58   0x00000002   Code   RO         2783    i.HAL_TIMEx_CommutCallback  stm32h7xx_hal_tim_ex.o
    0x08027b5a   0x08027b5a   0x00000002   PAD
    0x08027b5c   0x08027b5c   0x000000a0   Code   RO         2785    i.HAL_TIMEx_ConfigBreakDeadTime  stm32h7xx_hal_tim_ex.o
    0x08027bfc   0x08027bfc   0x000000a4   Code   RO         2803    i.HAL_TIMEx_MasterConfigSynchronization  stm32h7xx_hal_tim_ex.o
    0x08027ca0   0x08027ca0   0x00000062   Code   RO         2061    i.HAL_TIM_Base_Init  stm32h7xx_hal_tim.o
    0x08027d02   0x08027d02   0x00000002   Code   RO         2063    i.HAL_TIM_Base_MspInit  stm32h7xx_hal_tim.o
    0x08027d04   0x08027d04   0x00000080   Code   RO         2064    i.HAL_TIM_Base_Start  stm32h7xx_hal_tim.o
    0x08027d84   0x08027d84   0x0000008c   Code   RO         2066    i.HAL_TIM_Base_Start_IT  stm32h7xx_hal_tim.o
    0x08027e10   0x08027e10   0x00000030   Code   RO         2069    i.HAL_TIM_Base_Stop_IT  stm32h7xx_hal_tim.o
    0x08027e40   0x08027e40   0x00000002   Code   RO         1530    i.HAL_TIM_ErrorCallback  tim.o
    0x08027e42   0x08027e42   0x00000002   Code   RO         1531    i.HAL_TIM_IC_CaptureCallback  tim.o
    0x08027e44   0x08027e44   0x00000148   Code   RO         2109    i.HAL_TIM_IRQHandler  stm32h7xx_hal_tim.o
    0x08027f8c   0x08027f8c   0x000000ac   Code   RO         1532    i.HAL_TIM_MspPostInit  tim.o
    0x08028038   0x08028038   0x0000006e   Code   RO         2110    i.HAL_TIM_OC_ConfigChannel  stm32h7xx_hal_tim.o
    0x080280a6   0x080280a6   0x00000002   PAD
    0x080280a8   0x080280a8   0x0000017c   Code   RO         2111    i.HAL_TIM_OC_DMA_Config  stm32h7xx_hal_tim.o
    0x08028224   0x08028224   0x0000005c   Code   RO         1533    i.HAL_TIM_OC_DelayElapsedCallback  tim.o
    0x08028280   0x08028280   0x00000062   Code   RO         2115    i.HAL_TIM_OC_Init   stm32h7xx_hal_tim.o
    0x080282e2   0x080282e2   0x00000002   PAD
    0x080282e4   0x080282e4   0x00000108   Code   RO         1535    i.HAL_TIM_OC_MspInit  tim.o
    0x080283ec   0x080283ec   0x00000140   Code   RO         2120    i.HAL_TIM_OC_Start_IT  stm32h7xx_hal_tim.o
    0x0802852c   0x0802852c   0x000000b0   Code   RO         2121    i.HAL_TIM_OC_Stop   stm32h7xx_hal_tim.o
    0x080285dc   0x080285dc   0x00000124   Code   RO         2134    i.HAL_TIM_PWM_ConfigChannel  stm32h7xx_hal_tim.o
    0x08028700   0x08028700   0x00000062   Code   RO         2137    i.HAL_TIM_PWM_Init  stm32h7xx_hal_tim.o
    0x08028762   0x08028762   0x00000002   PAD
    0x08028764   0x08028764   0x00000028   Code   RO         1537    i.HAL_TIM_PWM_MspInit  tim.o
    0x0802878c   0x0802878c   0x00000040   Code   RO         1538    i.HAL_TIM_PWM_PulseFinishedCallback  tim.o
    0x080287cc   0x080287cc   0x00000002   Code   RO         2141    i.HAL_TIM_PWM_PulseFinishedHalfCpltCallback  stm32h7xx_hal_tim.o
    0x080287ce   0x080287ce   0x00000002   PAD
    0x080287d0   0x080287d0   0x0000002c   Code   RO         1089    i.HAL_TIM_PeriodElapsedCallback  main.o
    0x080287fc   0x080287fc   0x00000002   Code   RO         2153    i.HAL_TIM_TriggerCallback  stm32h7xx_hal_tim.o
    0x080287fe   0x080287fe   0x00000040   Code   RO         7292    i.HAL_UARTEx_DisableFifoMode  stm32h7xx_hal_uart_ex.o
    0x0802883e   0x0802883e   0x0000004a   Code   RO         7298    i.HAL_UARTEx_ReceiveToIdle_DMA  stm32h7xx_hal_uart_ex.o
    0x08028888   0x08028888   0x0000004c   Code   RO         1692    i.HAL_UARTEx_RxEventCallback  usart.o
    0x080288d4   0x080288d4   0x00000002   Code   RO         7300    i.HAL_UARTEx_RxFifoFullCallback  stm32h7xx_hal_uart_ex.o
    0x080288d6   0x080288d6   0x0000004c   Code   RO         7301    i.HAL_UARTEx_SetRxFifoThreshold  stm32h7xx_hal_uart_ex.o
    0x08028922   0x08028922   0x0000004c   Code   RO         7302    i.HAL_UARTEx_SetTxFifoThreshold  stm32h7xx_hal_uart_ex.o
    0x0802896e   0x0802896e   0x00000002   Code   RO         7304    i.HAL_UARTEx_TxFifoEmptyCallback  stm32h7xx_hal_uart_ex.o
    0x08028970   0x08028970   0x00000002   Code   RO         7305    i.HAL_UARTEx_WakeupCallback  stm32h7xx_hal_uart_ex.o
    0x08028972   0x08028972   0x00000002   PAD
    0x08028974   0x08028974   0x00000018   Code   RO         1693    i.HAL_UART_ErrorCallback  usart.o
    0x0802898c   0x0802898c   0x0000039c   Code   RO         6900    i.HAL_UART_IRQHandler  stm32h7xx_hal_uart.o
    0x08028d28   0x08028d28   0x0000006a   Code   RO         6901    i.HAL_UART_Init     stm32h7xx_hal_uart.o
    0x08028d92   0x08028d92   0x00000002   PAD
    0x08028d94   0x08028d94   0x0000015c   Code   RO         1695    i.HAL_UART_MspInit  usart.o
    0x08028ef0   0x08028ef0   0x00000048   Code   RO         6906    i.HAL_UART_Receive_IT  stm32h7xx_hal_uart.o
    0x08028f38   0x08028f38   0x00000020   Code   RO         1696    i.HAL_UART_RxCpltCallback  usart.o
    0x08028f58   0x08028f58   0x00000002   Code   RO         6909    i.HAL_UART_RxHalfCpltCallback  stm32h7xx_hal_uart.o
    0x08028f5a   0x08028f5a   0x00000002   PAD
    0x08028f5c   0x08028f5c   0x00000090   Code   RO         6911    i.HAL_UART_Transmit_DMA  stm32h7xx_hal_uart.o
    0x08028fec   0x08028fec   0x00000002   Code   RO         6913    i.HAL_UART_TxCpltCallback  stm32h7xx_hal_uart.o
    0x08028fee   0x08028fee   0x00000002   Code   RO         6914    i.HAL_UART_TxHalfCpltCallback  stm32h7xx_hal_uart.o
    0x08028ff0   0x08028ff0   0x00000002   Code   RO         1803    i.HardFault_Handler  stm32h7xx_it.o
    0x08028ff2   0x08028ff2   0x00000002   PAD
    0x08028ff4   0x08028ff4   0x00000098   Code   RO         1055    i.Heat_Ctrl         heat.o
    0x0802908c   0x0802908c   0x00000022   Code   RO         5385    i.I2C_Flush_TXDR    stm32h7xx_hal_i2c.o
    0x080290ae   0x080290ae   0x00000002   PAD
    0x080290b0   0x080290b0   0x00000110   Code   RO         5393    i.I2C_IsErrorOccurred  stm32h7xx_hal_i2c.o
    0x080291c0   0x080291c0   0x00000064   Code   RO         5399    i.I2C_RequestMemoryWrite  stm32h7xx_hal_i2c.o
    0x08029224   0x08029224   0x00000030   Code   RO         5402    i.I2C_TransferConfig  stm32h7xx_hal_i2c.o
    0x08029254   0x08029254   0x0000007c   Code   RO         5404    i.I2C_WaitOnFlagUntilTimeout  stm32h7xx_hal_i2c.o
    0x080292d0   0x080292d0   0x000000a8   Code   RO         5405    i.I2C_WaitOnRXNEFlagUntilTimeout  stm32h7xx_hal_i2c.o
    0x08029378   0x08029378   0x00000058   Code   RO         5406    i.I2C_WaitOnSTOPFlagUntilTimeout  stm32h7xx_hal_i2c.o
    0x080293d0   0x080293d0   0x0000005c   Code   RO         5407    i.I2C_WaitOnTXISFlagUntilTimeout  stm32h7xx_hal_i2c.o
    0x0802942c   0x0802942c   0x0000001a   Code   RO           19    i.IsSectorStart     flash.o
    0x08029446   0x08029446   0x00000002   PAD
    0x08029448   0x08029448   0x00000084   Code   RO          520    i.LD_Ctrl           ld_ctrl.o
    0x080294cc   0x080294cc   0x00000028   Code   RO          521    i.LD_OC_funexec     ld_ctrl.o
    0x080294f4   0x080294f4   0x00000008   Code   RO         3101    i.LL_ADC_INJ_IsConversionOngoing  stm32h7xx_hal_adc.o
    0x080294fc   0x080294fc   0x00000008   Code   RO         3102    i.LL_ADC_REG_IsConversionOngoing  stm32h7xx_hal_adc.o
    0x08029504   0x08029504   0x00000008   Code   RO         3319    i.LL_ADC_REG_IsConversionOngoing  stm32h7xx_hal_adc_ex.o
    0x0802950c   0x0802950c   0x00000010   Code   RO         3103    i.LL_ADC_REG_IsTriggerSourceSWStart  stm32h7xx_hal_adc.o
    0x0802951c   0x0802951c   0x0000003c   Code   RO         7628    i.MAX31865_CS       max31865.o
    0x08029558   0x08029558   0x00000030   Code   RO         7629    i.MAX31865_Clear_Fault_Status  max31865.o
    0x08029588   0x08029588   0x00000044   Code   RO         7630    i.MAX31865_ReadByte  max31865.o
    0x080295cc   0x080295cc   0x00000020   Code   RO         7632    i.MAX31865_Set_Configuration  max31865.o
    0x080295ec   0x080295ec   0x00000040   Code   RO         7633    i.MAX31865_WriteByte  max31865.o
    0x0802962c   0x0802962c   0x000000e8   Code   RO         1258    i.MX_ADC1_Init      adc.o
    0x08029714   0x08029714   0x00000144   Code   RO         1259    i.MX_ADC2_Init      adc.o
    0x08029858   0x08029858   0x000000c8   Code   RO         1260    i.MX_ADC3_Init      adc.o
    0x08029920   0x08029920   0x00000030   Code   RO         2019    i.MX_CRC_Init       crc.o
    0x08029950   0x08029950   0x0000009c   Code   RO         1322    i.MX_DMA_Init       dma.o
    0x080299ec   0x080299ec   0x000000b4   Code   RO         1352    i.MX_FDCAN1_Init    fdcan.o
    0x08029aa0   0x08029aa0   0x00000034   Code   RO         1182    i.MX_FREERTOS_Init  freertos.o
    0x08029ad4   0x08029ad4   0x0000017c   Code   RO         1158    i.MX_GPIO_Init      gpio.o
    0x08029c50   0x08029c50   0x00000058   Code   RO         1421    i.MX_I2C1_Init      i2c.o
    0x08029ca8   0x08029ca8   0x00000060   Code   RO         1481    i.MX_SPI2_Init      spi.o
    0x08029d08   0x08029d08   0x00000064   Code   RO         1482    i.MX_SPI4_Init      spi.o
    0x08029d6c   0x08029d6c   0x000000ac   Code   RO         1539    i.MX_TIM1_Init      tim.o
    0x08029e18   0x08029e18   0x00000080   Code   RO         1540    i.MX_TIM2_Init      tim.o
    0x08029e98   0x08029e98   0x00000070   Code   RO         1542    i.MX_TIM3_Init      tim.o
    0x08029f08   0x08029f08   0x0000007c   Code   RO         1543    i.MX_TIM4_Init      tim.o
    0x08029f84   0x08029f84   0x0000006c   Code   RO         1697    i.MX_USART1_UART_Init  usart.o
    0x08029ff0   0x08029ff0   0x00000068   Code   RO         1698    i.MX_USART2_UART_Init  usart.o
    0x0802a058   0x0802a058   0x00000022   Code   RO         7634    i.Max31865_Read_Temperature  max31865.o
    0x0802a07a   0x0802a07a   0x00000002   Code   RO         1804    i.MemManage_Handler  stm32h7xx_it.o
    0x0802a07c   0x0802a07c   0x00000002   Code   RO         1805    i.NMI_Handler       stm32h7xx_it.o
    0x0802a07e   0x0802a07e   0x00000044   Code   RO         1090    i.PeriphCommonClock_Config  main.o
    0x0802a0c2   0x0802a0c2   0x00000002   PAD
    0x0802a0c4   0x0802a0c4   0x00000120   Code   RO         3641    i.RCCEx_PLL2_Config  stm32h7xx_hal_rcc_ex.o
    0x0802a1e4   0x0802a1e4   0x00000120   Code   RO         3642    i.RCCEx_PLL3_Config  stm32h7xx_hal_rcc_ex.o
    0x0802a304   0x0802a304   0x0000000a   Code   RO          608    i.RESET_PID         tec_ctrl.o
    0x0802a30e   0x0802a30e   0x00000002   PAD
    0x0802a310   0x0802a310   0x0000008c   Code   RO          522    i.SET_LD_Curr       ld_ctrl.o
    0x0802a39c   0x0802a39c   0x00000068   Code   RO          523    i.SET_LD_MAX_Curr   ld_ctrl.o
    0x0802a404   0x0802a404   0x00000180   Code   RO          524    i.SET_LD_SW         ld_ctrl.o
    0x0802a584   0x0802a584   0x00000050   Code   RO          525    i.SET_LD_SW_OFF     ld_ctrl.o
    0x0802a5d4   0x0802a5d4   0x00000098   Code   RO          526    i.SET_LD_Vol        ld_ctrl.o
    0x0802a66c   0x0802a66c   0x000000dc   Code   RO          609    i.SET_TEC_OUT_Vol   tec_ctrl.o
    0x0802a748   0x0802a748   0x0000004c   Code   RO          610    i.SET_TEC_SW        tec_ctrl.o
    0x0802a794   0x0802a794   0x000000bc   Code   RO         6574    i.SPI_CloseTransfer  stm32h7xx_hal_spi.o
    0x0802a850   0x0802a850   0x00000046   Code   RO         6591    i.SPI_WaitOnFlagUntilTimeout  stm32h7xx_hal_spi.o
    0x0802a896   0x0802a896   0x00000002   PAD
    0x0802a898   0x0802a898   0x00000068   Code   RO         1544    i.SetInterTrgFreq   tim.o
    0x0802a900   0x0802a900   0x00000028   Code   RO         1545    i.SetPulse_NORParam  tim.o
    0x0802a928   0x0802a928   0x000000bc   Code   RO         1546    i.SetPulse_SPWMParam  tim.o
    0x0802a9e4   0x0802a9e4   0x0000003e   Code   RO         1547    i.Set_PWM_DutyCycle  tim.o
    0x0802aa22   0x0802aa22   0x00000002   PAD
    0x0802aa24   0x0802aa24   0x00000020   Code   RO         1183    i.StartCMDThread    freertos.o
    0x0802aa44   0x0802aa44   0x00000020   Code   RO         1184    i.StartCtrlThread   freertos.o
    0x0802aa64   0x0802aa64   0x00000026   Code   RO         1185    i.StartDefaultTask  freertos.o
    0x0802aa8a   0x0802aa8a   0x00000002   PAD
    0x0802aa8c   0x0802aa8c   0x00000090   Code   RO         1186    i.StartTask02       freertos.o
    0x0802ab1c   0x0802ab1c   0x00000010   Code   RO         1187    i.StartTask03       freertos.o
    0x0802ab2c   0x0802ab2c   0x00000034   Code   RO         1261    i.Start_ADC_DMA     adc.o
    0x0802ab60   0x0802ab60   0x0000001a   Code   RO         8882    i.SysTick_Handler   cmsis_os2.o
    0x0802ab7a   0x0802ab7a   0x00000002   PAD
    0x0802ab7c   0x0802ab7c   0x000000a8   Code   RO         1091    i.SystemClock_Config  main.o
    0x0802ac24   0x0802ac24   0x000000f8   Code   RO         7518    i.SystemInit        system_stm32h7xx.o
    0x0802ad1c   0x0802ad1c   0x00000038   Code   RO          611    i.TEC_Check_OT      tec_ctrl.o
    0x0802ad54   0x0802ad54   0x00000038   Code   RO          612    i.TEC_Check_UT      tec_ctrl.o
    0x0802ad8c   0x0802ad8c   0x00000108   Code   RO          613    i.TEC_Ctrl          tec_ctrl.o
    0x0802ae94   0x0802ae94   0x0000002c   Code   RO          614    i.TEC_Cur_Limit     tec_ctrl.o
    0x0802aec0   0x0802aec0   0x00000160   Code   RO          615    i.TEC_Work          tec_ctrl.o
    0x0802b020   0x0802b020   0x0000000c   Code   RO         1806    i.TIM2_IRQHandler   stm32h7xx_it.o
    0x0802b02c   0x0802b02c   0x0000000c   Code   RO         1807    i.TIM3_IRQHandler   stm32h7xx_it.o
    0x0802b038   0x0802b038   0x0000000c   Code   RO         1808    i.TIM4_IRQHandler   stm32h7xx_it.o
    0x0802b044   0x0802b044   0x0000000c   Code   RO         1809    i.TIM6_DAC_IRQHandler  stm32h7xx_it.o
    0x0802b050   0x0802b050   0x000000cc   Code   RO         2155    i.TIM_Base_SetConfig  stm32h7xx_hal_tim.o
    0x0802b11c   0x0802b11c   0x0000001a   Code   RO         2156    i.TIM_CCxChannelCmd  stm32h7xx_hal_tim.o
    0x0802b136   0x0802b136   0x0000005e   Code   RO         2159    i.TIM_DMADelayPulseCplt  stm32h7xx_hal_tim.o
    0x0802b194   0x0802b194   0x00000038   Code   RO         2160    i.TIM_DMADelayPulseHalfCplt  stm32h7xx_hal_tim.o
    0x0802b1cc   0x0802b1cc   0x00000054   Code   RO         2161    i.TIM_DMAError      stm32h7xx_hal_tim.o
    0x0802b220   0x0802b220   0x000000a4   Code   RO         2168    i.TIM_OC1_SetConfig  stm32h7xx_hal_tim.o
    0x0802b2c4   0x0802b2c4   0x00000098   Code   RO         2169    i.TIM_OC2_SetConfig  stm32h7xx_hal_tim.o
    0x0802b35c   0x0802b35c   0x00000098   Code   RO         2170    i.TIM_OC3_SetConfig  stm32h7xx_hal_tim.o
    0x0802b3f4   0x0802b3f4   0x00000078   Code   RO         2171    i.TIM_OC4_SetConfig  stm32h7xx_hal_tim.o
    0x0802b46c   0x0802b46c   0x00000074   Code   RO         2172    i.TIM_OC5_SetConfig  stm32h7xx_hal_tim.o
    0x0802b4e0   0x0802b4e0   0x00000074   Code   RO         2173    i.TIM_OC6_SetConfig  stm32h7xx_hal_tim.o
    0x0802b554   0x0802b554   0x00000044   Code   RO         7306    i.UARTEx_SetNbDataToProcess  stm32h7xx_hal_uart_ex.o
    0x0802b598   0x0802b598   0x000000c8   Code   RO         6915    i.UART_AdvFeatureConfig  stm32h7xx_hal_uart.o
    0x0802b660   0x0802b660   0x000000aa   Code   RO         6916    i.UART_CheckIdleState  stm32h7xx_hal_uart.o
    0x0802b70a   0x0802b70a   0x00000010   Code   RO         6917    i.UART_DMAAbortOnError  stm32h7xx_hal_uart.o
    0x0802b71a   0x0802b71a   0x0000004e   Code   RO         6918    i.UART_DMAError     stm32h7xx_hal_uart.o
    0x0802b768   0x0802b768   0x00000082   Code   RO         6919    i.UART_DMAReceiveCplt  stm32h7xx_hal_uart.o
    0x0802b7ea   0x0802b7ea   0x00000020   Code   RO         6921    i.UART_DMARxHalfCplt  stm32h7xx_hal_uart.o
    0x0802b80a   0x0802b80a   0x00000040   Code   RO         6923    i.UART_DMATransmitCplt  stm32h7xx_hal_uart.o
    0x0802b84a   0x0802b84a   0x0000000a   Code   RO         6925    i.UART_DMATxHalfCplt  stm32h7xx_hal_uart.o
    0x0802b854   0x0802b854   0x00000054   Code   RO         6927    i.UART_EndRxTransfer  stm32h7xx_hal_uart.o
    0x0802b8a8   0x0802b8a8   0x0000002e   Code   RO         6928    i.UART_EndTxTransfer  stm32h7xx_hal_uart.o
    0x0802b8d6   0x0802b8d6   0x00000002   PAD
    0x0802b8d8   0x0802b8d8   0x000000c8   Code   RO         6929    i.UART_RxISR_16BIT  stm32h7xx_hal_uart.o
    0x0802b9a0   0x0802b9a0   0x000001a0   Code   RO         6930    i.UART_RxISR_16BIT_FIFOEN  stm32h7xx_hal_uart.o
    0x0802bb40   0x0802bb40   0x000000c8   Code   RO         6931    i.UART_RxISR_8BIT   stm32h7xx_hal_uart.o
    0x0802bc08   0x0802bc08   0x000001a0   Code   RO         6932    i.UART_RxISR_8BIT_FIFOEN  stm32h7xx_hal_uart.o
    0x0802bda8   0x0802bda8   0x000003ac   Code   RO         6933    i.UART_SetConfig    stm32h7xx_hal_uart.o
    0x0802c154   0x0802c154   0x000000a8   Code   RO         6934    i.UART_Start_Receive_DMA  stm32h7xx_hal_uart.o
    0x0802c1fc   0x0802c1fc   0x00000110   Code   RO         6935    i.UART_Start_Receive_IT  stm32h7xx_hal_uart.o
    0x0802c30c   0x0802c30c   0x00000094   Code   RO         6940    i.UART_WaitOnFlagUntilTimeout  stm32h7xx_hal_uart.o
    0x0802c3a0   0x0802c3a0   0x0000000c   Code   RO         1810    i.USART1_IRQHandler  stm32h7xx_it.o
    0x0802c3ac   0x0802c3ac   0x00000002   Code   RO         1811    i.UsageFault_Handler  stm32h7xx_it.o
    0x0802c3ae   0x0802c3ae   0x00000002   PAD
    0x0802c3b0   0x0802c3b0   0x0000002c   Code   RO         9834    i.__0vsnprintf      mc_w.l(printfa.o)
    0x0802c3dc   0x0802c3dc   0x00000030   Code   RO         9905    i.__ARM_fpclassify  m_wv.l(fpclassify.o)
    0x0802c40c   0x0802c40c   0x00000022   Code   RO         4883    i.__NVIC_SetPriority  stm32h7xx_hal_cortex.o
    0x0802c42e   0x0802c42e   0x00000002   PAD
    0x0802c430   0x0802c430   0x00000024   Code   RO          988    i.__NVIC_SystemReset  upgrade.o
    0x0802c454   0x0802c454   0x00000004   PAD
    0x0802c458   0x0802c458   0x000000f0   Code   RO         9527    i.__hardfp_ceil     m_wv.l(ceil.o)
    0x0802c548   0x0802c548   0x00000268   Code   RO         9533    i.__hardfp_exp      m_wv.l(exp.o)
    0x0802c7b0   0x0802c7b0   0x00000062   Code   RO         9579    i.__hardfp_fmin     m_wv.l(fmin.o)
    0x0802c812   0x0802c812   0x00000006   PAD
    0x0802c818   0x0802c818   0x0000023c   Code   RO         9547    i.__hardfp_log      m_wv.l(log.o)
    0x0802ca54   0x0802ca54   0x00000004   PAD
    0x0802ca58   0x0802ca58   0x000008f8   Code   RO         9561    i.__hardfp_pow      m_wv.l(pow.o)
    0x0802d350   0x0802d350   0x000000a0   Code   RO         9575    i.__hardfp_round    m_wv.l(round.o)
    0x0802d3f0   0x0802d3f0   0x00000070   Code   RO         9907    i.__kernel_poly     m_wv.l(poly.o)
    0x0802d460   0x0802d460   0x00000020   Code   RO         9885    i.__mathlib_dbl_divzero  m_wv.l(dunder.o)
    0x0802d480   0x0802d480   0x00000006   Code   RO         9886    i.__mathlib_dbl_infnan  m_wv.l(dunder.o)
    0x0802d486   0x0802d486   0x00000006   Code   RO         9887    i.__mathlib_dbl_infnan2  m_wv.l(dunder.o)
    0x0802d48c   0x0802d48c   0x00000004   PAD
    0x0802d490   0x0802d490   0x00000018   Code   RO         9888    i.__mathlib_dbl_invalid  m_wv.l(dunder.o)
    0x0802d4a8   0x0802d4a8   0x00000018   Code   RO         9889    i.__mathlib_dbl_overflow  m_wv.l(dunder.o)
    0x0802d4c0   0x0802d4c0   0x00000018   Code   RO         9891    i.__mathlib_dbl_underflow  m_wv.l(dunder.o)
    0x0802d4d8   0x0802d4d8   0x0000000e   Code   RO         9981    i.__scatterload_copy  mc_w.l(handlers.o)
    0x0802d4e6   0x0802d4e6   0x00000002   Code   RO         9982    i.__scatterload_null  mc_w.l(handlers.o)
    0x0802d4e8   0x0802d4e8   0x0000000e   Code   RO         9983    i.__scatterload_zeroinit  mc_w.l(handlers.o)
    0x0802d4f6   0x0802d4f6   0x00000002   PAD
    0x0802d4f8   0x0802d4f8   0x0000000c   Code   RO         9949    i.__set_errno       mc_w.l(errno.o)
    0x0802d504   0x0802d504   0x00000184   Code   RO         9836    i._fp_digits        mc_w.l(printfa.o)
    0x0802d688   0x0802d688   0x000006dc   Code   RO         9837    i._printf_core      mc_w.l(printfa.o)
    0x0802dd64   0x0802dd64   0x00000024   Code   RO         9838    i._printf_post_padding  mc_w.l(printfa.o)
    0x0802dd88   0x0802dd88   0x0000002e   Code   RO         9839    i._printf_pre_padding  mc_w.l(printfa.o)
    0x0802ddb6   0x0802ddb6   0x00000016   Code   RO         9840    i._snputc           mc_w.l(printfa.o)
    0x0802ddcc   0x0802ddcc   0x00000016   Code   RO          266    i.ack_boot_mode     pc_interface.o
    0x0802dde2   0x0802dde2   0x0000004e   Code   RO          817    i.adc_write_data_to_buff  adc_filt.o
    0x0802de30   0x0802de30   0x0000012c   Code   RO          936    i.bit_check         bit_ini.o
    0x0802df5c   0x0802df5c   0x00000160   Code   RO          937    i.bit_init          bit_ini.o
    0x0802e0bc   0x0802e0bc   0x00000038   Code   RO          818    i.bubble_sort       adc_filt.o
    0x0802e0f4   0x0802e0f4   0x000000cc   Code   RO          819    i.calculate_moving_average  adc_filt.o
    0x0802e1c0   0x0802e1c0   0x00000040   Code   RO         7635    i.calib_temp        max31865.o
    0x0802e200   0x0802e200   0x00000054   Code   RO         1188    i.crc_test_func     freertos.o
    0x0802e254   0x0802e254   0x000007a4   Code   RO          267    i.exec_commands     pc_interface.o
    0x0802e9f8   0x0802e9f8   0x00000018   Code   RO         9901    i.fabs              m_wv.l(fabs.o)
    0x0802ea10   0x0802ea10   0x0000000e   Code   RO         1353    i.fdcan_send        fdcan.o
    0x0802ea1e   0x0802ea1e   0x00000002   PAD
    0x0802ea20   0x0802ea20   0x00000050   Code   RO         9857    i.free              mc_w.l(malloc.o)
    0x0802ea70   0x0802ea70   0x0000002c   Code   RO          616    i.get_TEC_MaxVol    tec_ctrl.o
    0x0802ea9c   0x0802ea9c   0x000001c0   Code   RO          268    i.get_all_measure_param  pc_interface.o
    0x0802ec5c   0x0802ec5c   0x00000084   Code   RO          269    i.get_all_set_param  pc_interface.o
    0x0802ece0   0x0802ece0   0x0000000c   Code   RO          989    i.get_bootmode      upgrade.o
    0x0802ecec   0x0802ecec   0x00000064   Code   RO          270    i.get_kb_param      pc_interface.o
    0x0802ed50   0x0802ed50   0x00000080   Code   RO          738    i.get_ld_curr       measure.o
    0x0802edd0   0x0802edd0   0x00000054   Code   RO          739    i.get_ld_vol        measure.o
    0x0802ee24   0x0802ee24   0x00000128   Code   RO          740    i.get_measure_param  measure.o
    0x0802ef4c   0x0802ef4c   0x00000030   Code   RO          741    i.get_out_PD        measure.o
    0x0802ef7c   0x0802ef7c   0x00000154   Code   RO          742    i.get_out_temp      measure.o
    0x0802f0d0   0x0802f0d0   0x00000080   Code   RO          271    i.get_pid_param     pc_interface.o
    0x0802f150   0x0802f150   0x00000038   Code   RO          272    i.get_pulse_param   pc_interface.o
    0x0802f188   0x0802f188   0x00000054   Code   RO          743    i.get_sys_curr      measure.o
    0x0802f1dc   0x0802f1dc   0x0000015c   Code   RO          744    i.get_sys_temp      measure.o
    0x0802f338   0x0802f338   0x0000004c   Code   RO          745    i.get_sys_vol       measure.o
    0x0802f384   0x0802f384   0x00000060   Code   RO          746    i.get_tec_curr      measure.o
    0x0802f3e4   0x0802f3e4   0x0000001c   Code   RO          273    i.get_tec_param     pc_interface.o
    0x0802f400   0x0802f400   0x00000030   Code   RO         1700    i.info_printf       usart.o
    0x0802f430   0x0802f430   0x00000008   Code   RO          820    i.init_buffer       adc_filt.o
    0x0802f438   0x0802f438   0x0000004a   Code   RO          821    i.init_buffer_with_external  adc_filt.o
    0x0802f482   0x0802f482   0x0000002e   Code   RO          822    i.init_buffer_with_params  adc_filt.o
    0x0802f4b0   0x0802f4b0   0x00000038   Code   RO          823    i.init_cbuffers     adc_filt.o
    0x0802f4e8   0x0802f4e8   0x000000b0   Code   RO         1092    i.main              main.o
    0x0802f598   0x0802f598   0x0000006c   Code   RO         9858    i.malloc            mc_w.l(malloc.o)
    0x0802f604   0x0802f604   0x0000001c   Code   RO         8884    i.osDelay           cmsis_os2.o
    0x0802f620   0x0802f620   0x00000024   Code   RO         8898    i.osKernelInitialize  cmsis_os2.o
    0x0802f644   0x0802f644   0x00000038   Code   RO         8901    i.osKernelStart     cmsis_os2.o
    0x0802f67c   0x0802f67c   0x00000068   Code   RO         8924    i.osMutexNew        cmsis_os2.o
    0x0802f6e4   0x0802f6e4   0x00000008   Code   RO         8932    i.osThreadExit      cmsis_os2.o
    0x0802f6ec   0x0802f6ec   0x00000090   Code   RO         8943    i.osThreadNew       cmsis_os2.o
    0x0802f77c   0x0802f77c   0x000000b4   Code   RO          274    i.pc_parse_and_execute_command2  pc_interface.o
    0x0802f830   0x0802f830   0x00000020   Code   RO          275    i.pc_send_ack       pc_interface.o
    0x0802f850   0x0802f850   0x0000009c   Code   RO          618    i.pid_adjust        tec_ctrl.o
    0x0802f8ec   0x0802f8ec   0x0000005c   Code   RO         8343    i.prvAddCurrentTaskToDelayedList  tasks.o
    0x0802f948   0x0802f948   0x000000d0   Code   RO         8344    i.prvAddNewTaskToReadyList  tasks.o
    0x0802fa18   0x0802fa18   0x00000058   Code   RO         8708    i.prvCheckForValidListAndQueue  timers.o
    0x0802fa70   0x0802fa70   0x00000026   Code   RO         7943    i.prvCopyDataFromQueue  queue.o
    0x0802fa96   0x0802fa96   0x0000006c   Code   RO         7944    i.prvCopyDataToQueue  queue.o
    0x0802fb02   0x0802fb02   0x00000034   Code   RO         8345    i.prvDeleteTCB      tasks.o
    0x0802fb36   0x0802fb36   0x00000002   PAD
    0x0802fb38   0x0802fb38   0x00000050   Code   RO         9395    i.prvHeapInit       heap_4.o
    0x0802fb88   0x0802fb88   0x00000060   Code   RO         8346    i.prvIdleTask       tasks.o
    0x0802fbe8   0x0802fbe8   0x00000016   Code   RO         7945    i.prvInitialiseMutex  queue.o
    0x0802fbfe   0x0802fbfe   0x00000002   PAD
    0x0802fc00   0x0802fc00   0x00000022   Code   RO         7946    i.prvInitialiseNewQueue  queue.o
    0x0802fc22   0x0802fc22   0x000000b0   Code   RO         8347    i.prvInitialiseNewTask  tasks.o
    0x0802fcd2   0x0802fcd2   0x00000002   PAD
    0x0802fcd4   0x0802fcd4   0x0000004c   Code   RO         9396    i.prvInsertBlockIntoFreeList  heap_4.o
    0x0802fd20   0x0802fd20   0x0000003c   Code   RO         8710    i.prvInsertTimerInActiveList  timers.o
    0x0802fd5c   0x0802fd5c   0x0000001c   Code   RO         7947    i.prvIsQueueEmpty   queue.o
    0x0802fd78   0x0802fd78   0x000000f8   Code   RO         8711    i.prvProcessReceivedCommands  timers.o
    0x0802fe70   0x0802fe70   0x000000c0   Code   RO         8712    i.prvProcessTimerOrBlockTask  timers.o
    0x0802ff30   0x0802ff30   0x00000020   Code   RO         8349    i.prvResetNextTaskUnblockTime  tasks.o
    0x0802ff50   0x0802ff50   0x00000028   Code   RO         8713    i.prvSampleTimeNow  timers.o
    0x0802ff78   0x0802ff78   0x0000006c   Code   RO         8714    i.prvSwitchTimerLists  timers.o
    0x0802ffe4   0x0802ffe4   0x00000028   Code   RO         9451    i.prvTaskExitError  port.o
    0x0803000c   0x0803000c   0x00000024   Code   RO         8715    i.prvTimerTask      timers.o
    0x08030030   0x08030030   0x0000006a   Code   RO         7948    i.prvUnlockQueue    queue.o
    0x0803009a   0x0803009a   0x00000002   PAD
    0x0803009c   0x0803009c   0x00000034   Code   RO         1548    i.pulse_ini         tim.o
    0x080300d0   0x080300d0   0x00000088   Code   RO         1549    i.pulse_reconfig    tim.o
    0x08030158   0x08030158   0x0000005c   Code   RO          697    i.pump_parse        pump.o
    0x080301b4   0x080301b4   0x0000002c   Code   RO          698    i.pump_setting      pump.o
    0x080301e0   0x080301e0   0x000000dc   Code   RO         9397    i.pvPortMalloc      heap_4.o
    0x080302bc   0x080302bc   0x00000030   Code   RO         9452    i.pxPortInitialiseStack  port.o
    0x080302ec   0x080302ec   0x00000020   Code   RO          465    i.readPara          eeprom.o
    0x0803030c   0x0803030c   0x00000024   Code   RO           21    i.read_cfg          flash.o
    0x08030330   0x08030330   0x0000001e   Code   RO           23    i.read_data_non_check_size  flash.o
    0x0803034e   0x0803034e   0x00000002   PAD
    0x08030350   0x08030350   0x00000020   Code   RO          466    i.saveBitInfo       eeprom.o
    0x08030370   0x08030370   0x00000020   Code   RO          467    i.savePara          eeprom.o
    0x08030390   0x08030390   0x0000001e   Code   RO          276    i.save_param        pc_interface.o
    0x080303ae   0x080303ae   0x00000002   PAD
    0x080303b0   0x080303b0   0x000000b8   Code   RO          277    i.set_LCM_param     pc_interface.o
    0x08030468   0x08030468   0x00000058   Code   RO          278    i.set_LD_HOC_param  pc_interface.o
    0x080304c0   0x080304c0   0x00000050   Code   RO          279    i.set_LD_Vol_param  pc_interface.o
    0x08030510   0x08030510   0x00000020   Code   RO          280    i.set_TRG_type      pc_interface.o
    0x08030530   0x08030530   0x00000010   Code   RO          281    i.set_Version       pc_interface.o
    0x08030540   0x08030540   0x00000030   Code   RO          990    i.set_boot_bootmode  upgrade.o
    0x08030570   0x08030570   0x00000044   Code   RO          282    i.set_kb_param      pc_interface.o
    0x080305b4   0x080305b4   0x0000005c   Code   RO          283    i.set_pid_param     pc_interface.o
    0x08030610   0x08030610   0x00000060   Code   RO          284    i.set_pulse_param   pc_interface.o
    0x08030670   0x08030670   0x00000020   Code   RO          285    i.set_pulse_type    pc_interface.o
    0x08030690   0x08030690   0x00000018   Code   RO          286    i.set_tec_param     pc_interface.o
    0x080306a8   0x080306a8   0x0000006a   Code   RO         9912    i.sqrt              m_wv.l(sqrt.o)
    0x08030712   0x08030712   0x0000003a   Code   RO          527    i.status_deley_check  ld_ctrl.o
    0x0803074c   0x0803074c   0x00000018   Code   RO          287    i.sum_crc           pc_interface.o
    0x08030764   0x08030764   0x0000005c   Code   RO          288    i.uart1_send        pc_interface.o
    0x080307c0   0x080307c0   0x00000020   Code   RO          991    i.upgrade_check     upgrade.o
    0x080307e0   0x080307e0   0x0000000c   Code   RO          992    i.upgrade_ini       upgrade.o
    0x080307ec   0x080307ec   0x00000026   Code   RO         7903    i.uxListRemove      list.o
    0x08030812   0x08030812   0x00000002   PAD
    0x08030814   0x08030814   0x00000018   Code   RO         8955    i.vApplicationGetIdleTaskMemory  cmsis_os2.o
    0x0803082c   0x0803082c   0x00000018   Code   RO         8956    i.vApplicationGetTimerTaskMemory  cmsis_os2.o
    0x08030844   0x08030844   0x00000016   Code   RO         7904    i.vListInitialise   list.o
    0x0803085a   0x0803085a   0x00000006   Code   RO         7905    i.vListInitialiseItem  list.o
    0x08030860   0x08030860   0x00000030   Code   RO         7906    i.vListInsert       list.o
    0x08030890   0x08030890   0x00000018   Code   RO         7907    i.vListInsertEnd    list.o
    0x080308a8   0x080308a8   0x00000040   Code   RO         9454    i.vPortEnterCritical  port.o
    0x080308e8   0x080308e8   0x00000028   Code   RO         9455    i.vPortExitCritical  port.o
    0x08030910   0x08030910   0x00000064   Code   RO         9398    i.vPortFree         heap_4.o
    0x08030974   0x08030974   0x00000024   Code   RO         9456    i.vPortSetupTimerInterrupt  port.o
    0x08030998   0x08030998   0x00000054   Code   RO         9457    i.vPortValidateInterruptPriority  port.o
    0x080309ec   0x080309ec   0x00000028   Code   RO         7954    i.vQueueAddToRegistry  queue.o
    0x08030a14   0x08030a14   0x00000044   Code   RO         7958    i.vQueueWaitForMessageRestricted  queue.o
    0x08030a58   0x08030a58   0x0000004c   Code   RO         8362    i.vTaskDelay        tasks.o
    0x08030aa4   0x08030aa4   0x00000090   Code   RO         8364    i.vTaskDelete       tasks.o
    0x08030b34   0x08030b34   0x00000010   Code   RO         8367    i.vTaskInternalSetTimeOutState  tasks.o
    0x08030b44   0x08030b44   0x0000000c   Code   RO         8368    i.vTaskMissedYield  tasks.o
    0x08030b50   0x08030b50   0x00000030   Code   RO         8370    i.vTaskPlaceOnEventList  tasks.o
    0x08030b80   0x08030b80   0x00000038   Code   RO         8371    i.vTaskPlaceOnEventListRestricted  tasks.o
    0x08030bb8   0x08030bb8   0x00000088   Code   RO         8379    i.vTaskStartScheduler  tasks.o
    0x08030c40   0x08030c40   0x00000010   Code   RO         8381    i.vTaskSuspendAll   tasks.o
    0x08030c50   0x08030c50   0x00000064   Code   RO         8382    i.vTaskSwitchContext  tasks.o
    0x08030cb4   0x08030cb4   0x0000005c   Code   RO           24    i.write_cfg         flash.o
    0x08030d10   0x08030d10   0x00000054   Code   RO         7709    i.x24Cxx_ReadNByte  at24cxx.o
    0x08030d64   0x08030d64   0x000000f4   Code   RO         9458    i.xPortStartScheduler  port.o
    0x08030e58   0x08030e58   0x0000002c   Code   RO         9459    i.xPortSysTickHandler  port.o
    0x08030e84   0x08030e84   0x00000016   Code   RO         7961    i.xQueueCreateMutex  queue.o
    0x08030e9a   0x08030e9a   0x0000001a   Code   RO         7962    i.xQueueCreateMutexStatic  queue.o
    0x08030eb4   0x08030eb4   0x00000042   Code   RO         7963    i.xQueueGenericCreate  queue.o
    0x08030ef6   0x08030ef6   0x00000066   Code   RO         7964    i.xQueueGenericCreateStatic  queue.o
    0x08030f5c   0x08030f5c   0x00000094   Code   RO         7965    i.xQueueGenericReset  queue.o
    0x08030ff0   0x08030ff0   0x00000160   Code   RO         7966    i.xQueueGenericSend  queue.o
    0x08031150   0x08031150   0x000000be   Code   RO         7967    i.xQueueGenericSendFromISR  queue.o
    0x0803120e   0x0803120e   0x00000002   PAD
    0x08031210   0x08031210   0x0000013c   Code   RO         7976    i.xQueueReceive     queue.o
    0x0803134c   0x0803134c   0x00000078   Code   RO         8384    i.xTaskCheckForTimeOut  tasks.o
    0x080313c4   0x080313c4   0x0000005a   Code   RO         8385    i.xTaskCreate       tasks.o
    0x0803141e   0x0803141e   0x00000056   Code   RO         8386    i.xTaskCreateStatic  tasks.o
    0x08031474   0x08031474   0x0000001c   Code   RO         8390    i.xTaskGetSchedulerState  tasks.o
    0x08031490   0x08031490   0x0000000c   Code   RO         8391    i.xTaskGetTickCount  tasks.o
    0x0803149c   0x0803149c   0x000000c8   Code   RO         8393    i.xTaskIncrementTick  tasks.o
    0x08031564   0x08031564   0x0000007c   Code   RO         8396    i.xTaskPriorityDisinherit  tasks.o
    0x080315e0   0x080315e0   0x00000070   Code   RO         8398    i.xTaskRemoveFromEventList  tasks.o
    0x08031650   0x08031650   0x000000c4   Code   RO         8399    i.xTaskResumeAll    tasks.o
    0x08031714   0x08031714   0x00000060   Code   RO         8724    i.xTimerCreateTimerTask  timers.o
    0x08031774   0x08031774   0x00000068   Code   RO         8725    i.xTimerGenericCommand  timers.o
    0x080317dc   0x080317dc   0x0000008c   Data   RO         1189    .constdata          freertos.o
    0x08031868   0x08031868   0x00000008   Data   RO         4172    .constdata          stm32h7xx_hal_dma.o
    0x08031870   0x08031870   0x0000005c   Data   RO         6025    .constdata          stm32h7xx_hal_fdcan.o
    0x080318cc   0x080318cc   0x00000018   Data   RO         6941    .constdata          stm32h7xx_hal_uart.o
    0x080318e4   0x080318e4   0x00000010   Data   RO         7307    .constdata          stm32h7xx_hal_uart_ex.o
    0x080318f4   0x080318f4   0x00000010   Data   RO         7519    .constdata          system_stm32h7xx.o
    0x08031904   0x08031904   0x00000004   PAD
    0x08031908   0x08031908   0x00000058   Data   RO         9536    .constdata          m_wv.l(exp.o)
    0x08031960   0x08031960   0x00000038   Data   RO         9550    .constdata          m_wv.l(log.o)
    0x08031998   0x08031998   0x00000088   Data   RO         9564    .constdata          m_wv.l(pow.o)
    0x08031a20   0x08031a20   0x00000008   Data   RO         9909    .constdata          m_wv.l(qnan.o)
    0x08031a28   0x08031a28   0x0000003c   Data   RO         1190    .conststring        freertos.o
    0x08031a64   0x08031a64   0x00000020   Data   RO         9979    Region$$Table       anon$$obj.o


    Execution Region RW_IRAM1 (Exec base: 0x20000000, Load base: 0x08031a84, Size: 0x00000000, Max: 0x00020000, ABSOLUTE)

    **** No section assigned to this execution region ****


    Execution Region RW_IRAM2 (Exec base: 0x24000000, Load base: 0x08031a84, Size: 0x000063f0, Max: 0x00080000, ABSOLUTE, COMPRESSED[0x00000040])

    Exec Addr    Load Addr    Size         Type   Attr      Idx    E Section Name        Object

    0x24000000   COMPRESSED   0x00000008   Data   RW           26    .data               flash.o
    0x24000008   COMPRESSED   0x00000004   Data   RW          292    .data               pc_interface.o
    0x2400000c   COMPRESSED   0x00000010   Data   RW          622    .data               tec_ctrl.o
    0x2400001c   COMPRESSED   0x00000008   Data   RW          699    .data               pump.o
    0x24000024   COMPRESSED   0x00000004   Data   RW          700    .data               pump.o
    0x24000028   COMPRESSED   0x00000001   Data   RW          993    .data               upgrade.o
    0x24000029   COMPRESSED   0x00000003   PAD
    0x2400002c   COMPRESSED   0x00000020   Data   RW         1057    .data               heat.o
    0x2400004c   COMPRESSED   0x0000001c   Data   RW         1096    .data               main.o
    0x24000068   COMPRESSED   0x00000003   Data   RW         1097    .data               main.o
    0x2400006b   COMPRESSED   0x00000004   Data   RW         1098    .data               main.o
    0x2400006f   COMPRESSED   0x00000001   PAD
    0x24000070   COMPRESSED   0x00000018   Data   RW         1191    .data               freertos.o
    0x24000088   COMPRESSED   0x00000004   Data   RW         1263    .data               adc.o
    0x2400008c   COMPRESSED   0x00000030   Data   RW         1355    .data               fdcan.o
    0x240000bc   COMPRESSED   0x00000014   Data   RW         1551    .data               tim.o
    0x240000d0   COMPRESSED   0x00000001   Data   RW         1704    .data               usart.o
    0x240000d1   COMPRESSED   0x00000003   PAD
    0x240000d4   COMPRESSED   0x0000000c   Data   RW         5063    .data               stm32h7xx_hal.o
    0x240000e0   COMPRESSED   0x00000008   Data   RW         7520    .data               system_stm32h7xx.o
    0x240000e8   COMPRESSED   0x00000010   Data   RW         7636    .data               max31865.o
    0x240000f8   COMPRESSED   0x0000003c   Data   RW         8402    .data               tasks.o
    0x24000134   COMPRESSED   0x00000014   Data   RW         8733    .data               timers.o
    0x24000148   COMPRESSED   0x00000004   Data   RW         8958    .data               cmsis_os2.o
    0x2400014c   COMPRESSED   0x00000020   Data   RW         9404    .data               heap_4.o
    0x2400016c   COMPRESSED   0x0000000c   Data   RW         9460    .data               port.o
    0x24000178   COMPRESSED   0x00000004   Data   RW         9945    .data               mc_w.l(mvars.o)
    0x2400017c   COMPRESSED   0x00000004   Data   RW         9946    .data               mc_w.l(mvars.o)
    0x24000180   COMPRESSED   0x00000004   Data   RW         9950    .data               mc_w.l(errno.o)
    0x24000184        -       0x00000100   Zero   RW          289    .bss                pc_interface.o
    0x24000284        -       0x00000037   Zero   RW          529    .bss                ld_ctrl.o
    0x240002bb   COMPRESSED   0x00000001   PAD
    0x240002bc        -       0x0000004c   Zero   RW          620    .bss                tec_ctrl.o
    0x24000308        -       0x000001e4   Zero   RW          824    .bss                adc_filt.o
    0x240004ec        -       0x00000130   Zero   RW         1093    .bss                main.o
    0x2400061c        -       0x00000122   Zero   RW         1094    .bss                main.o
    0x2400073e        -       0x0000006d   Zero   RW         1095    .bss                main.o
    0x240007ab   COMPRESSED   0x00000001   PAD
    0x240007ac        -       0x00000374   Zero   RW         1262    .bss                adc.o
    0x24000b20        -       0x000000e3   Zero   RW         1354    .bss                fdcan.o
    0x24000c03   COMPRESSED   0x00000001   PAD
    0x24000c04        -       0x00000054   Zero   RW         1422    .bss                i2c.o
    0x24000c58        -       0x00000110   Zero   RW         1483    .bss                spi.o
    0x24000d68        -       0x000002e0   Zero   RW         1550    .bss                tim.o
    0x24001048        -       0x00000444   Zero   RW         1702    .bss                usart.o
    0x2400148c        -       0x0000004c   Zero   RW         1981    .bss                stm32h7xx_hal_timebase_tim.o
    0x240014d8        -       0x00000024   Zero   RW         2020    .bss                crc.o
    0x240014fc        -       0x0000001c   Zero   RW         3813    .bss                stm32h7xx_hal_flash.o
    0x24001518        -       0x00000040   Zero   RW         7980    .bss                queue.o
    0x24001558        -       0x000004c4   Zero   RW         8401    .bss                tasks.o
    0x24001a1c        -       0x00000118   Zero   RW         8732    .bss                timers.o
    0x24001b34        -       0x000006b8   Zero   RW         8957    .bss                cmsis_os2.o
    0x240021ec        -       0x00003c00   Zero   RW         9403    .bss                heap_4.o
    0x24005dec   COMPRESSED   0x00000004   PAD
    0x24005df0        -       0x00000200   Zero   RW            2    HEAP                startup_stm32h743xx.o
    0x24005ff0        -       0x00000400   Zero   RW            1    STACK               startup_stm32h743xx.o



  Load Region LR$$.ARM.__AT_0x080E0000 (Base: 0x080e0000, Size: 0x00000000, Max: 0x00020000, ABSOLUTE)

    Execution Region ER$$.ARM.__AT_0x080E0000 (Exec base: 0x080e0000, Load base: 0x080e0000, Size: 0x00020000, Max: 0x00020000, ABSOLUTE, UNINIT)

    Exec Addr    Load Addr    Size         Type   Attr      Idx    E Section Name        Object

    0x080e0000        -       0x00020000   Zero   RW           25    .ARM.__AT_0x080E0000  flash.o


==============================================================================

Image component sizes


      Code (inc. data)   RO Data    RW Data    ZI Data      Debug   Object Name

      1516        156          0          4        884       6077   adc.o
       522         14          0          0        484      13815   adc_filt.o
       634         22          0          0          0       6452   at24cxx.o
       916         54          0          0          0       3031   bit_ini.o
       450         22          0          4       1720      72727   cmsis_os2.o
        88         18          0          0         36       1671   crc.o
       110         10          0          0          0       1779   dac8568.o
       156          4          0          0          0        986   dma.o
        96         16          0          0          0       1536   eeprom.o
         0          0          0          0          0      17996   event_groups.o
       366         24          0         48        227       5395   fdcan.o
       762        108          0          8     131072    1422882   flash.o
       398         94        200         24          0       5246   freertos.o
       380         20          0          0          0       1243   gpio.o
       476         24          0         32      15360       5007   heap_4.o
       152         30          0         32          0        811   heat.o
       220         24          0          0         84       1909   i2c.o
      1454        180          0          0         55       7761   ld_ctrl.o
       138          0          0          0          0       3702   list.o
       460         16          0         35        703       9354   main.o
       370         34          0         16          0       5508   max31865.o
      1500        360          0          0          0       5614   measure.o
      4040        260          0          4        256      34346   pc_interface.o
       790         84          0         12          0      11689   port.o
       136         12          0         12          0       2412   pump.o
      1666         22          0          0         64      20620   queue.o
       416         40          0          0        272       2698   spi.o
        44         12        664          0       1536        844   startup_stm32h743xx.o
       148         36          0         12          0      22841   stm32h7xx_hal.o
      3138        274          0          0          0      76663   stm32h7xx_hal_adc.o
       314         22          0          0          0      66144   stm32h7xx_hal_adc_ex.o
       350         28          0          0          0      41834   stm32h7xx_hal_cortex.o
       346          6          0          0          0       3739   stm32h7xx_hal_crc.o
        84          0          0          0          0       1407   stm32h7xx_hal_crc_ex.o
      5994        246          8          0          0      12585   stm32h7xx_hal_dma.o
      2836         48         92          0          0      21442   stm32h7xx_hal_fdcan.o
       512         52          0          0         28      14818   stm32h7xx_hal_flash.o
       464         16          0          0          0       4397   stm32h7xx_hal_flash_ex.o
       600         50          0          0          0       3646   stm32h7xx_hal_gpio.o
      2086         48          0          0          0      14070   stm32h7xx_hal_i2c.o
       172          0          0          0          0       2103   stm32h7xx_hal_i2c_ex.o
        36          4          0          0          0        958   stm32h7xx_hal_msp.o
        84          6          0          0          0        793   stm32h7xx_hal_pwr_ex.o
      2558        110          0          0          0       7925   stm32h7xx_hal_rcc.o
      4776        174          0          0          0      10631   stm32h7xx_hal_rcc_ex.o
      2056         26          0          0          0       7400   stm32h7xx_hal_spi.o
      3506        328          0          0          0      21736   stm32h7xx_hal_tim.o
       330         40          0          0          0       4184   stm32h7xx_hal_tim_ex.o
       140         20          0          0         76       1619   stm32h7xx_hal_timebase_tim.o
      4842        220         24          0          0      42073   stm32h7xx_hal_uart.o
       364          6         16          0          0       6465   stm32h7xx_hal_uart_ex.o
       228         94          0          0          0      11415   stm32h7xx_it.o
         0          0          0          0          0        392   stream_buffer.o
       276         48         16          8          0       2033   system_stm32h7xx.o
      2228        176          0         60       1220      28022   tasks.o
      1278         82          0         16         76       8506   tec_ctrl.o
      2130        222          0         20        736      13340   tim.o
       972         84          0         20        280      32267   timers.o
       140         32          0          1          0      40378   upgrade.o
       920        102          0          1       1092       6779   usart.o

    ----------------------------------------------------------------------
     62254       4264       1056        376     156268    2205716   Object Totals
         0          0         32          0          0          0   (incl. Generated)
        90          4          4          7          7          0   (incl. Padding)

    ----------------------------------------------------------------------

      Code (inc. data)   RO Data    RW Data    ZI Data      Debug   Library Member Name

       240         26          0          0          0        132   ceil.o
       116         60          0          0          0        696   dunder.o
       616        130         88          0          0        260   exp.o
        24          0          0          0          0        124   fabs.o
        98          0          0          0          0        164   fmin.o
        48          0          0          0          0        124   fpclassify.o
       572         92         56          0          0        312   log.o
       112          0          0          0          0        116   poly.o
      2296        304        136          0          0        320   pow.o
         0          0          8          0          0          0   qnan.o
       160         24          0          0          0        132   round.o
       106          0          0          0          0        140   sqrt.o
        86          0          0          0          0          0   __dczerorl2.o
         0          0          0          0          0          0   entry.o
         0          0          0          0          0          0   entry10a.o
         0          0          0          0          0          0   entry11a.o
         8          4          0          0          0          0   entry2.o
         4          0          0          0          0          0   entry5.o
         0          0          0          0          0          0   entry7b.o
         0          0          0          0          0          0   entry8b.o
         8          4          0          0          0          0   entry9a.o
        12          6          0          4          0         68   errno.o
        30          0          0          0          0          0   handlers.o
        36          8          0          0          0         68   init.o
         0          0          0          0          0          0   iusefp.o
        30          0          0          0          0         68   llshl.o
        36          0          0          0          0         68   llsshr.o
        32          0          0          0          0         68   llushr.o
       188         20          0          0          0        160   malloc.o
        36          0          0          0          0         68   memcpya.o
        36          0          0          0          0        108   memseta.o
         0          0          0          8          0          0   mvars.o
      2292         84          0          0          0        516   printfa.o
        44          0          0          0          0         80   uidiv.o
        98          0          0          0          0         92   uldiv.o
        48          0          0          0          0         68   cdrcmple.o
       334          0          0          0          0        148   dadd.o
        96          0          0          0          0         80   dcmp4.o
       222          0          0          0          0        100   ddiv.o
       186          0          0          0          0        176   depilogue.o
        48          0          0          0          0         68   dfixul.o
       228          0          0          0          0         96   dmul.o
       136          4          0          0          0         92   drnd.o
        46          0          0          0          0         80   dscalb.o

    ----------------------------------------------------------------------
      8726        770        288         12          0       4792   Library Totals
        18          4          0          0          0          0   (incl. Padding)

    ----------------------------------------------------------------------

      Code (inc. data)   RO Data    RW Data    ZI Data      Debug   Library Name

      4388        636        288          0          0       2520   m_wv.l
      2976        126          0         12          0       1364   mc_w.l
      1344          4          0          0          0        908   mf_w.l

    ----------------------------------------------------------------------
      8726        770        288         12          0       4792   Library Totals

    ----------------------------------------------------------------------

==============================================================================


      Code (inc. data)   RO Data    RW Data    ZI Data      Debug   

     70980       5034       1344        388     156268    2164496   Grand Totals
     70980       5034       1344         64     156268    2164496   ELF Image Totals (compressed)
     70980       5034       1344         64          0          0   ROM Totals

==============================================================================

    Total RO  Size (Code + RO Data)                72324 (  70.63kB)
    Total RW  Size (RW Data + ZI Data)            156656 ( 152.98kB)
    Total ROM Size (Code + RO Data + RW Data)      72388 (  70.69kB)

==============================================================================

