<html>
<body>
<pre>
<h1>µVision Build Log</h1>
<h2>Tool Versions:</h2>
IDE-Version: ¦ÌVision V5.40.0.0
Copyright (C) 2024 ARM Ltd and ARM Germany GmbH. All rights reserved.
License Information: 1 IPASON, 1, LIC=HN0AE-58FY2-Y8EFK-ZW2JE-WJZCU-BS64D
 
Tool Versions:
Toolchain:       MDK-ARM Plus  Version: 5.40.0.3
Toolchain Path:  C:\Keil_v5\ARM\ARMCC\Bin
C Compiler:      Armcc.exe V5.06 update 6 (build 750)
Assembler:       Armasm.exe V5.06 update 6 (build 750)
Linker/Locator:  ArmLink.exe V5.06 update 6 (build 750)
Library Manager: ArmAr.exe V5.06 update 6 (build 750)
Hex Converter:   FromElf.exe V5.06 update 6 (build 750)
CPU DLL:         SARMCM3.DLL V5.40.0.3
Dialog DLL:      DCM.DLL V1.17.5.0
Target DLL:      CMSIS_AGDI.dll V1.33.18.0
Dialog DLL:      TCM.DLL V1.56.4.0
 
<h2>Project:</h2>
D:\WorkAndStudy\CubeMX\X_004\Code\H743VE\MDK-ARM\H743VE.uvprojx
Project File Date:  12/19/2025

<h2>Output:</h2>
*** Using Compiler 'V5.06 update 6 (build 750)', folder: 'C:\Keil_v5\ARM\ARMCC\Bin'
Build target 'H743VE'
compiling LD_Ctrl.c...
../Core/Inc/usart.h(48): warning:  #1295-D: Deprecated declaration Enable_UART1_Receive - give arg types
  extern void Enable_UART1_Receive();
../Core/Inc/usart.h(49): warning:  #1295-D: Deprecated declaration Disable_UART1_Receive - give arg types
  extern void Disable_UART1_Receive();
../Core/Inc/usart.h(50): warning:  #1295-D: Deprecated declaration UART1_Check - give arg types
  extern void UART1_Check();
../Core/Inc/global_cfg.h(305): warning:  #161-D: unrecognized #pragma
  #pragma unpack()
../Core/Inc/global_cfg.h(315): warning:  #1-D: last line of file ends without a newline
  // #endif
../Core/Inc/LD_Ctrl.h(31): warning:  #1295-D: Deprecated declaration Clear_LD_TRG_IN_Params - give arg types
  extern void Clear_LD_TRG_IN_Params();
../Core/Inc/tim.h(58): warning:  #1295-D: Deprecated declaration SetPulse_SPWMParam - give arg types
  extern void SetPulse_SPWMParam();
../Core/Inc/tim.h(59): warning:  #1295-D: Deprecated declaration SetPulseMode - give arg types
  extern void SetPulseMode();
../Core/Inc/tim.h(60): warning:  #1295-D: Deprecated declaration SetInterTrgFreq - give arg types
  extern void SetInterTrgFreq();
../Core/Inc/tim.h(61): warning:  #1295-D: Deprecated declaration CalcPulse_SPWMParam - give arg types
  extern void CalcPulse_SPWMParam();
../Core/Inc/tim.h(62): warning:  #1295-D: Deprecated declaration CalcPulse_NORParam - give arg types
  extern void CalcPulse_NORParam();
../Core/Inc/tim.h(64): warning:  #1295-D: Deprecated declaration pulse_ini - give arg types
  extern void pulse_ini();
../Core/Inc/tim.h(65): warning:  #1295-D: Deprecated declaration pulse_reconfig - give arg types
  extern void pulse_reconfig();
..\Core\Src\LD_Ctrl.c(65): warning:  #223-D: function "xTaskGetTickCount" declared implicitly
              if ((GET_TickCount - ld_start_delay[ch].start_ms) >= LD_START_DELAY_MS)
..\Core\Src\LD_Ctrl.c(80): warning:  #223-D: function "xTaskGetTickCount" declared implicitly
              if ((GET_TickCount - ld_start_delay[ch].stop_ms) >= LD_STOP_DELAY_MS)
..\Core\Src\LD_Ctrl.c(109): warning:  #223-D: function "xTaskGetTickCount" declared implicitly
                  ld_start_delay[ch].start_ms = GET_TickCount;
..\Core\Src\LD_Ctrl.c(134): warning:  #223-D: function "xTaskGetTickCount" declared implicitly
                  ld_start_delay[ch].stop_ms = GET_TickCount;
..\Core\Src\LD_Ctrl.c(56): warning:  #177-D: variable "GPIO_x"  was declared but never referenced
      GPIO_TypeDef *GPIO_x;
..\Core\Src\LD_Ctrl.c(57): warning:  #177-D: variable "GPIO_PIN_x"  was declared but never referenced
      uint16_t GPIO_PIN_x;
..\Core\Src\LD_Ctrl.c(190): warning:  #223-D: function "xTaskGetTickCount" declared implicitly
          LD_TRG_IN_param.now.time_ms = GET_TickCount;
..\Core\Src\LD_Ctrl.c(207): warning:  #1035-D: single-precision operand implicitly converted to double-precision
              if (LD_TRG_IN_param.freq[i] < LD_TRG_IN_MIN_FREQ || LD_TRG_IN_param.freq[i] > LD_TRG_IN_MAX_FREQ)
..\Core\Src\LD_Ctrl.c(207): warning:  #1035-D: single-precision operand implicitly converted to double-precision
              if (LD_TRG_IN_param.freq[i] < LD_TRG_IN_MIN_FREQ || LD_TRG_IN_param.freq[i] > LD_TRG_IN_MAX_FREQ)
..\Core\Src\LD_Ctrl.c(234): warning:  #1035-D: single-precision operand implicitly converted to double-precision
      dac = curr * DAC_MAX_VAULE / DAC_REF_V * 0.003 * 50;
..\Core\Src\LD_Ctrl.c(261): warning:  #1035-D: single-precision operand implicitly converted to double-precision
      dac = curr * DAC_MAX_VAULE / DAC_REF_V * 0.003 * 50;
..\Core\Src\LD_Ctrl.c(283): warning:  #1035-D: single-precision operand implicitly converted to double-precision
      float Vset = 0.8 - ((Vol - 0.8) / 36.0 - 0.8) * 6.8;
..\Core\Src\LD_Ctrl.c(288): warning:  #1035-D: single-precision operand implicitly converted to double-precision
      if (Vset > DAC_REF_V)
..\Core\Src\LD_Ctrl.c(292): warning:  #1035-D: single-precision operand implicitly converted to double-precision
      dac = Vset * DAC_MAX_VAULE / DAC_REF_V;
..\Core\Src\LD_Ctrl.c(316): warning:  #223-D: function "xTaskGetTickCount" declared implicitly
          status_check->startTickCount = GET_TickCount;
..\Core\Src\LD_Ctrl.c(372): warning:  #1-D: last line of file ends without a newline
  }
..\Core\Src\LD_Ctrl.c: 29 warnings, 0 errors
linking...
Program Size: Code=67064 RO-data=1340 RW-data=368 ZI-data=156136  
FromELF: creating hex file...
After Build - User command #1: fromelf --bin --output "H743VE\H743VE.bin" "H743VE\H743VE.axf"
"H743VE\H743VE.axf" - 0 Error(s), 29 Warning(s).

<h2>Software Packages used:</h2>

Package Vendor: ARM
                https://www.keil.com/pack/ARM.CMSIS.6.1.0.pack
                ARM::CMSIS@6.1.0
                CMSIS (Common Microcontroller Software Interface Standard)
   * Component: CORE Version: 6.1.0

Package Vendor: Keil
                http://www.keil.com/pack/Keil.STM32H7xx_DFP.3.0.0.pack
                Keil::STM32H7xx_DFP@3.0.0
                STMicroelectronics STM32H7 Series Device Support and Examples

<h2>Collection of Component include folders:</h2>
  ./RTE/_H743VE
  C:/Keil_v5/ARM/PACK/ARM/CMSIS/6.1.0/CMSIS/Core/Include
  C:/Keil_v5/ARM/PACK/Keil/STM32H7xx_DFP/3.0.0/Drivers/CMSIS/Device/ST/STM32H7xx/Include

<h2>Collection of Component Files used:</h2>

   * Component: ARM::CMSIS:CORE@6.1.0
Build Time Elapsed:  00:00:06
</pre>
</body>
</html>
