Component: ARM Compiler 5.06 update 6 (build 750) Tool: armlink [4d35ed]

==============================================================================

Section Cross References

    startup_stm32h743xx.o(RESET) refers to startup_stm32h743xx.o(STACK) for __initial_sp
    startup_stm32h743xx.o(RESET) refers to startup_stm32h743xx.o(.text) for Reset_Handler
    startup_stm32h743xx.o(RESET) refers to stm32h7xx_it.o(i.NMI_Handler) for NMI_Handler
    startup_stm32h743xx.o(RESET) refers to stm32h7xx_it.o(i.HardFault_Handler) for HardFault_Handler
    startup_stm32h743xx.o(RESET) refers to stm32h7xx_it.o(i.MemManage_Handler) for MemManage_Handler
    startup_stm32h743xx.o(RESET) refers to stm32h7xx_it.o(i.BusFault_Handler) for BusFault_Handler
    startup_stm32h743xx.o(RESET) refers to stm32h7xx_it.o(i.UsageFault_Handler) for UsageFault_Handler
    startup_stm32h743xx.o(RESET) refers to port.o(.emb_text) for SVC_Handler
    startup_stm32h743xx.o(RESET) refers to stm32h7xx_it.o(i.DebugMon_Handler) for DebugMon_Handler
    startup_stm32h743xx.o(RESET) refers to cmsis_os2.o(i.SysTick_Handler) for SysTick_Handler
    startup_stm32h743xx.o(RESET) refers to stm32h7xx_it.o(i.EXTI0_IRQHandler) for EXTI0_IRQHandler
    startup_stm32h743xx.o(RESET) refers to stm32h7xx_it.o(i.EXTI1_IRQHandler) for EXTI1_IRQHandler
    startup_stm32h743xx.o(RESET) refers to stm32h7xx_it.o(i.DMA1_Stream0_IRQHandler) for DMA1_Stream0_IRQHandler
    startup_stm32h743xx.o(RESET) refers to stm32h7xx_it.o(i.DMA1_Stream1_IRQHandler) for DMA1_Stream1_IRQHandler
    startup_stm32h743xx.o(RESET) refers to stm32h7xx_it.o(i.DMA1_Stream2_IRQHandler) for DMA1_Stream2_IRQHandler
    startup_stm32h743xx.o(RESET) refers to stm32h7xx_it.o(i.ADC_IRQHandler) for ADC_IRQHandler
    startup_stm32h743xx.o(RESET) refers to stm32h7xx_it.o(i.FDCAN1_IT0_IRQHandler) for FDCAN1_IT0_IRQHandler
    startup_stm32h743xx.o(RESET) refers to stm32h7xx_it.o(i.TIM2_IRQHandler) for TIM2_IRQHandler
    startup_stm32h743xx.o(RESET) refers to stm32h7xx_it.o(i.TIM3_IRQHandler) for TIM3_IRQHandler
    startup_stm32h743xx.o(RESET) refers to stm32h7xx_it.o(i.TIM4_IRQHandler) for TIM4_IRQHandler
    startup_stm32h743xx.o(RESET) refers to stm32h7xx_it.o(i.USART1_IRQHandler) for USART1_IRQHandler
    startup_stm32h743xx.o(RESET) refers to stm32h7xx_it.o(i.EXTI15_10_IRQHandler) for EXTI15_10_IRQHandler
    startup_stm32h743xx.o(RESET) refers to stm32h7xx_it.o(i.TIM6_DAC_IRQHandler) for TIM6_DAC_IRQHandler
    startup_stm32h743xx.o(RESET) refers to stm32h7xx_it.o(i.DMA2_Stream0_IRQHandler) for DMA2_Stream0_IRQHandler
    startup_stm32h743xx.o(RESET) refers to stm32h7xx_it.o(i.DMA2_Stream1_IRQHandler) for DMA2_Stream1_IRQHandler
    startup_stm32h743xx.o(RESET) refers to stm32h7xx_it.o(i.DMA2_Stream2_IRQHandler) for DMA2_Stream2_IRQHandler
    startup_stm32h743xx.o(RESET) refers to stm32h7xx_it.o(i.DMA2_Stream3_IRQHandler) for DMA2_Stream3_IRQHandler
    startup_stm32h743xx.o(RESET) refers to stm32h7xx_it.o(i.ADC3_IRQHandler) for ADC3_IRQHandler
    startup_stm32h743xx.o(.text) refers to system_stm32h7xx.o(i.ExitRun0Mode) for ExitRun0Mode
    startup_stm32h743xx.o(.text) refers to system_stm32h7xx.o(i.SystemInit) for SystemInit
    startup_stm32h743xx.o(.text) refers to entry.o(.ARM.Collect$$$$00000000) for __main
    flash.o(i.FLASH_Erase) refers to flash.o(i.GetSector) for GetSector
    flash.o(i.FLASH_Erase) refers to stm32h7xx_hal_flash_ex.o(i.HAL_FLASHEx_Erase) for HAL_FLASHEx_Erase
    flash.o(i.FLASH_Write) refers to stm32h7xx_hal_flash.o(i.HAL_FLASH_Unlock) for HAL_FLASH_Unlock
    flash.o(i.FLASH_Write) refers to flash.o(i.IsSectorStart) for IsSectorStart
    flash.o(i.FLASH_Write) refers to flash.o(i.FLASH_Erase) for FLASH_Erase
    flash.o(i.FLASH_Write) refers to stm32h7xx_hal_flash.o(i.HAL_FLASH_Lock) for HAL_FLASH_Lock
    flash.o(i.FLASH_Write) refers to memseta.o(.text) for __aeabi_memclr4
    flash.o(i.FLASH_Write) refers to fmin.o(i.__hardfp_fmin) for __hardfp_fmin
    flash.o(i.FLASH_Write) refers to memcpya.o(.text) for __aeabi_memcpy
    flash.o(i.FLASH_Write) refers to stm32h7xx_hal_flash.o(i.HAL_FLASH_Program) for HAL_FLASH_Program
    flash.o(i.FLASH_WriteCfg) refers to stm32h7xx_hal_flash.o(i.HAL_FLASH_Unlock) for HAL_FLASH_Unlock
    flash.o(i.FLASH_WriteCfg) refers to flash.o(i.FLASH_Erase) for FLASH_Erase
    flash.o(i.FLASH_WriteCfg) refers to fmin.o(i.__hardfp_fmin) for __hardfp_fmin
    flash.o(i.FLASH_WriteCfg) refers to memcpya.o(.text) for __aeabi_memcpy
    flash.o(i.FLASH_WriteCfg) refers to stm32h7xx_hal_flash.o(i.HAL_FLASH_Program) for HAL_FLASH_Program
    flash.o(i.FLASH_WriteCfg) refers to memseta.o(.text) for __aeabi_memclr4
    flash.o(i.FLASH_WriteCfg) refers to stm32h7xx_hal_flash.o(i.HAL_FLASH_Lock) for HAL_FLASH_Lock
    flash.o(i.FLASH_WriteCfg) refers to flash.o(.data) for .data
    flash.o(i.Flash_Ini) refers to flash.o(i.Get_Flash_Prag_Info) for Get_Flash_Prag_Info
    flash.o(i.Flash_Ini) refers to flash.o(.data) for .data
[...]
    UART_SetConfig                           0x0812b8d1   Thumb Code   876  stm32h7xx_hal_uart.o(i.UART_SetConfig)
    UART_Start_Receive_DMA                   0x0812bc7d   Thumb Code   156  stm32h7xx_hal_uart.o(i.UART_Start_Receive_DMA)
    UART_Start_Receive_IT                    0x0812bd25   Thumb Code   256  stm32h7xx_hal_uart.o(i.UART_Start_Receive_IT)
    UART_WaitOnFlagUntilTimeout              0x0812be35   Thumb Code   148  stm32h7xx_hal_uart.o(i.UART_WaitOnFlagUntilTimeout)
    USART1_IRQHandler                        0x0812bec9   Thumb Code     6  stm32h7xx_it.o(i.USART1_IRQHandler)
    UsageFault_Handler                       0x0812bed5   Thumb Code     2  stm32h7xx_it.o(i.UsageFault_Handler)
    __ARM_fpclassify                         0x0812bed7   Thumb Code    48  fpclassify.o(i.__ARM_fpclassify)
    __hardfp_ceil                            0x0812bf29   Thumb Code   214  ceil.o(i.__hardfp_ceil)
    __hardfp_exp                             0x0812c019   Thumb Code   486  exp.o(i.__hardfp_exp)
    __hardfp_fmin                            0x0812c281   Thumb Code    98  fmin.o(i.__hardfp_fmin)
    __hardfp_log                             0x0812c2e9   Thumb Code   480  log.o(i.__hardfp_log)
    __hardfp_pow                             0x0812c529   Thumb Code  2140  pow.o(i.__hardfp_pow)
    __hardfp_round                           0x0812ce21   Thumb Code   136  round.o(i.__hardfp_round)
    __kernel_poly                            0x0812cec1   Thumb Code   112  poly.o(i.__kernel_poly)
    __mathlib_dbl_divzero                    0x0812cf31   Thumb Code    14  dunder.o(i.__mathlib_dbl_divzero)
    __mathlib_dbl_infnan                     0x0812cf51   Thumb Code     6  dunder.o(i.__mathlib_dbl_infnan)
    __mathlib_dbl_infnan2                    0x0812cf57   Thumb Code     6  dunder.o(i.__mathlib_dbl_infnan2)
    __mathlib_dbl_invalid                    0x0812cf61   Thumb Code    10  dunder.o(i.__mathlib_dbl_invalid)
    __mathlib_dbl_overflow                   0x0812cf79   Thumb Code    10  dunder.o(i.__mathlib_dbl_overflow)
    __mathlib_dbl_underflow                  0x0812cf91   Thumb Code    10  dunder.o(i.__mathlib_dbl_underflow)
    __scatterload_copy                       0x0812cfa9   Thumb Code    14  handlers.o(i.__scatterload_copy)
    __scatterload_null                       0x0812cfb7   Thumb Code     2  handlers.o(i.__scatterload_null)
    __scatterload_zeroinit                   0x0812cfb9   Thumb Code    14  handlers.o(i.__scatterload_zeroinit)
    __set_errno                              0x0812cfc9   Thumb Code     6  errno.o(i.__set_errno)
    adc_write_data_to_buff                   0x0812cfd5   Thumb Code    78  adc_filt.o(i.adc_write_data_to_buff)
    bit_check                                0x0812d025   Thumb Code   290  bit_ini.o(i.bit_check)
    bit_init                                 0x0812d151   Thumb Code   326  bit_ini.o(i.bit_init)
    bubble_sort                              0x0812d2b1   Thumb Code    56  adc_filt.o(i.bubble_sort)
    calculate_moving_average                 0x0812d2e9   Thumb Code   200  adc_filt.o(i.calculate_moving_average)
    calib_temp                               0x0812d3b5   Thumb Code    48  max31865.o(i.calib_temp)
    exec_commands                            0x0812d3f5   Thumb Code  2000  pc_interface.o(i.exec_commands)
    fabs                                     0x0812dbc5   Thumb Code    24  fabs.o(i.fabs)
    fdcan_send                               0x0812dbdd   Thumb Code    14  fdcan.o(i.fdcan_send)
    free                                     0x0812dbed   Thumb Code    76  malloc.o(i.free)
    get_TEC_MaxVol                           0x0812dc3d   Thumb Code    38  tec_ctrl.o(i.get_TEC_MaxVol)
    get_all_measure_param                    0x0812dc69   Thumb Code   438  pc_interface.o(i.get_all_measure_param)
    get_all_set_param                        0x0812de29   Thumb Code   132  pc_interface.o(i.get_all_set_param)
    get_kb_param                             0x0812dead   Thumb Code    94  pc_interface.o(i.get_kb_param)
    get_ld_curr                              0x0812df11   Thumb Code    96  measure.o(i.get_ld_curr)
    get_ld_vol                               0x0812df91   Thumb Code    64  measure.o(i.get_ld_vol)
    get_measure_param                        0x0812dfe5   Thumb Code   272  measure.o(i.get_measure_param)
    get_out_PD                               0x0812e10d   Thumb Code    18  measure.o(i.get_out_PD)
    get_out_temp                             0x0812e125   Thumb Code    18  measure.o(i.get_out_temp)
    get_pid_param                            0x0812e13d   Thumb Code   124  pc_interface.o(i.get_pid_param)
    get_pulse_param                          0x0812e1bd   Thumb Code    56  pc_interface.o(i.get_pulse_param)
    get_sys_curr                             0x0812e1f5   Thumb Code    54  measure.o(i.get_sys_curr)
    get_sys_temp                             0x0812e249   Thumb Code   248  measure.o(i.get_sys_temp)
    get_sys_vol                              0x0812e3a5   Thumb Code    54  measure.o(i.get_sys_vol)
    get_tec_curr                             0x0812e3f1   Thumb Code    74  measure.o(i.get_tec_curr)
    get_tec_param                            0x0812e451   Thumb Code    28  pc_interface.o(i.get_tec_param)
    get_upgrade_status                       0x0812e46d   Thumb Code     6  upgrade.o(i.get_upgrade_status)
    init_buffer                              0x0812e479   Thumb Code     8  adc_filt.o(i.init_buffer)
    init_buffer_with_external                0x0812e481   Thumb Code    74  adc_filt.o(i.init_buffer_with_external)
    init_buffer_with_params                  0x0812e4cb   Thumb Code    46  adc_filt.o(i.init_buffer_with_params)
    init_cbuffers                            0x0812e4f9   Thumb Code    46  adc_filt.o(i.init_cbuffers)
    main                                     0x0812e531   Thumb Code   194  main.o(i.main)
    malloc                                   0x0812e601   Thumb Code    92  malloc.o(i.malloc)
    osDelay                                  0x0812e66d   Thumb Code    28  cmsis_os2.o(i.osDelay)
    osKernelInitialize                       0x0812e689   Thumb Code    32  cmsis_os2.o(i.osKernelInitialize)
    osKernelStart                            0x0812e6ad   Thumb Code    48  cmsis_os2.o(i.osKernelStart)
    osMutexNew                               0x0812e6e5   Thumb Code   104  cmsis_os2.o(i.osMutexNew)
    osThreadExit                             0x0812e74d   Thumb Code     8  cmsis_os2.o(i.osThreadExit)
    osThreadNew                              0x0812e755   Thumb Code   144  cmsis_os2.o(i.osThreadNew)
    pc_parse_and_execute_command2            0x0812e7e5   Thumb Code   174  pc_interface.o(i.pc_parse_and_execute_command2)
    pc_send_ack                              0x0812e899   Thumb Code    32  pc_interface.o(i.pc_send_ack)
    pid_adjust                               0x0812e8b9   Thumb Code   138  tec_ctrl.o(i.pid_adjust)
    pulse_ini                                0x0812f105   Thumb Code    42  tim.o(i.pulse_ini)
    pulse_reconfig                           0x0812f139   Thumb Code   124  tim.o(i.pulse_reconfig)
    pump_parse                               0x0812f1c1   Thumb Code    84  pump.o(i.pump_parse)
    pump_setting                             0x0812f21d   Thumb Code    40  pump.o(i.pump_setting)
    pvPortMalloc                             0x0812f249   Thumb Code   216  heap_4.o(i.pvPortMalloc)
    pxPortInitialiseStack                    0x0812f325   Thumb Code    42  port.o(i.pxPortInitialiseStack)
    readPara                                 0x0812f355   Thumb Code    28  eeprom.o(i.readPara)
    read_cfg                                 0x0812f375   Thumb Code    34  flash.o(i.read_cfg)
    read_data_withoutcheck                   0x0812f3a5   Thumb Code    12  flash.o(i.read_data_withoutcheck)
    saveBitInfo                              0x0812f3b1   Thumb Code    26  eeprom.o(i.saveBitInfo)
    savePara                                 0x0812f3d1   Thumb Code    26  eeprom.o(i.savePara)
    save_param                               0x0812f3f1   Thumb Code    30  pc_interface.o(i.save_param)
    set_LCM_param                            0x0812f411   Thumb Code   166  pc_interface.o(i.set_LCM_param)
    set_LD_HOC_param                         0x0812f4c9   Thumb Code    74  pc_interface.o(i.set_LD_HOC_param)
    set_LD_Vol_param                         0x0812f521   Thumb Code    74  pc_interface.o(i.set_LD_Vol_param)
    set_TRG_type                             0x0812f571   Thumb Code    28  pc_interface.o(i.set_TRG_type)
    set_Version                              0x0812f591   Thumb Code    10  pc_interface.o(i.set_Version)
    set_kb_param                             0x0812f5a1   Thumb Code    58  pc_interface.o(i.set_kb_param)
    set_pid_param                            0x0812f5e5   Thumb Code    84  pc_interface.o(i.set_pid_param)
    set_pulse_param                          0x0812f641   Thumb Code    92  pc_interface.o(i.set_pulse_param)
    set_pulse_type                           0x0812f6a1   Thumb Code    28  pc_interface.o(i.set_pulse_type)
    set_tec_param                            0x0812f6c1   Thumb Code    24  pc_interface.o(i.set_tec_param)
    sqrt                                     0x0812f6d9   Thumb Code   106  sqrt.o(i.sqrt)
    status_deley_check                       0x0812f743   Thumb Code    58  ld_ctrl.o(i.status_deley_check)
    sum_crc                                  0x0812f77d   Thumb Code    24  pc_interface.o(i.sum_crc)
    uart1_send                               0x0812f795   Thumb Code    82  pc_interface.o(i.uart1_send)
    upgrade                                  0x0812f7f1   Thumb Code   196  upgrade.o(i.upgrade)
    upgrade_ini                              0x0812f8c1   Thumb Code    36  upgrade.o(i.upgrade_ini)
    uxListRemove                             0x0812f8ed   Thumb Code    38  list.o(i.uxListRemove)
    vApplicationGetIdleTaskMemory            0x0812f915   Thumb Code    18  cmsis_os2.o(i.vApplicationGetIdleTaskMemory)
    vApplicationGetTimerTaskMemory           0x0812f92d   Thumb Code    20  cmsis_os2.o(i.vApplicationGetTimerTaskMemory)
    vListInitialise                          0x0812f945   Thumb Code    22  list.o(i.vListInitialise)
    vListInitialiseItem                      0x0812f95b   Thumb Code     6  list.o(i.vListInitialiseItem)
    vListInsert                              0x0812f961   Thumb Code    48  list.o(i.vListInsert)
    vListInsertEnd                           0x0812f991   Thumb Code    24  list.o(i.vListInsertEnd)
    vPortEnterCritical                       0x0812f9a9   Thumb Code    54  port.o(i.vPortEnterCritical)
    vPortExitCritical                        0x0812f9e9   Thumb Code    34  port.o(i.vPortExitCritical)
    vPortFree                                0x0812fa11   Thumb Code    94  heap_4.o(i.vPortFree)
    vPortSetupTimerInterrupt                 0x0812fa75   Thumb Code    32  port.o(i.vPortSetupTimerInterrupt)
    vPortValidateInterruptPriority           0x0812fa99   Thumb Code    74  port.o(i.vPortValidateInterruptPriority)
    vQueueAddToRegistry                      0x0812faed   Thumb Code    34  queue.o(i.vQueueAddToRegistry)
    vQueueWaitForMessageRestricted           0x0812fb15   Thumb Code    68  queue.o(i.vQueueWaitForMessageRestricted)
    vTaskDelay                               0x0812fb59   Thumb Code    66  tasks.o(i.vTaskDelay)
    vTaskDelete                              0x0812fba5   Thumb Code   130  tasks.o(i.vTaskDelete)
    vTaskInternalSetTimeOutState             0x0812fc35   Thumb Code    12  tasks.o(i.vTaskInternalSetTimeOutState)
    vTaskMissedYield                         0x0812fc45   Thumb Code     8  tasks.o(i.vTaskMissedYield)
    vTaskPlaceOnEventList                    0x0812fc51   Thumb Code    44  tasks.o(i.vTaskPlaceOnEventList)
    vTaskPlaceOnEventListRestricted          0x0812fc81   Thumb Code    52  tasks.o(i.vTaskPlaceOnEventListRestricted)
    vTaskStartScheduler                      0x0812fcb9   Thumb Code   118  tasks.o(i.vTaskStartScheduler)
    vTaskSuspendAll                          0x0812fd41   Thumb Code    10  tasks.o(i.vTaskSuspendAll)
    vTaskSwitchContext                       0x0812fd51   Thumb Code    90  tasks.o(i.vTaskSwitchContext)
    write_cfg                                0x0812fdb5   Thumb Code    12  flash.o(i.write_cfg)
    x24Cxx_ReadNByte                         0x0812fdc5   Thumb Code    78  at24cxx.o(i.x24Cxx_ReadNByte)
    xPortStartScheduler                      0x0812fe19   Thumb Code   222  port.o(i.xPortStartScheduler)
    xPortSysTickHandler                      0x0812ff0d   Thumb Code    38  port.o(i.xPortSysTickHandler)
    xQueueCreateMutex                        0x0812ff39   Thumb Code    22  queue.o(i.xQueueCreateMutex)
    xQueueCreateMutexStatic                  0x0812ff4f   Thumb Code    26  queue.o(i.xQueueCreateMutexStatic)
    xQueueGenericCreate                      0x0812ff69   Thumb Code    66  queue.o(i.xQueueGenericCreate)
    xQueueGenericCreateStatic                0x0812ffab   Thumb Code   102  queue.o(i.xQueueGenericCreateStatic)
    xQueueGenericReset                       0x08130011   Thumb Code   144  queue.o(i.xQueueGenericReset)
    xQueueGenericSend                        0x081300a5   Thumb Code   346  queue.o(i.xQueueGenericSend)
    xQueueGenericSendFromISR                 0x08130205   Thumb Code   190  queue.o(i.xQueueGenericSendFromISR)
    xQueueReceive                            0x081302c5   Thumb Code   310  queue.o(i.xQueueReceive)
    xTaskCheckForTimeOut                     0x08130401   Thumb Code   116  tasks.o(i.xTaskCheckForTimeOut)
    xTaskCreate                              0x08130479   Thumb Code    90  tasks.o(i.xTaskCreate)
    xTaskCreateStatic                        0x081304d3   Thumb Code    86  tasks.o(i.xTaskCreateStatic)
    xTaskGetSchedulerState                   0x08130529   Thumb Code    22  tasks.o(i.xTaskGetSchedulerState)
    xTaskGetTickCount                        0x08130545   Thumb Code     6  tasks.o(i.xTaskGetTickCount)
    xTaskIncrementTick                       0x08130551   Thumb Code   192  tasks.o(i.xTaskIncrementTick)
    xTaskPriorityDisinherit                  0x08130619   Thumb Code   116  tasks.o(i.xTaskPriorityDisinherit)
    xTaskRemoveFromEventList                 0x08130695   Thumb Code   100  tasks.o(i.xTaskRemoveFromEventList)
    xTaskResumeAll                           0x08130705   Thumb Code   184  tasks.o(i.xTaskResumeAll)
    xTimerCreateTimerTask                    0x081307c9   Thumb Code    78  timers.o(i.xTimerCreateTimerTask)
    xTimerGenericCommand                     0x08130829   Thumb Code    98  timers.o(i.xTimerGenericCommand)
    defaultTask_attributes                   0x08130890   Data          36  freertos.o(.constdata)
    myTask02_attributes                      0x081308b4   Data          36  freertos.o(.constdata)
    myTask03_attributes                      0x081308d8   Data          36  freertos.o(.constdata)
    myMutex01_attributes                     0x081308fc   Data          16  freertos.o(.constdata)
    myMutex02_attributes                     0x0813090c   Data          16  freertos.o(.constdata)
    UARTPrescTable                           0x08130980   Data          24  stm32h7xx_hal_uart.o(.constdata)
    D1CorePrescTable                         0x081309a8   Data          16  system_stm32h7xx.o(.constdata)
    __mathlib_zero                           0x08130ad0   Data           8  qnan.o(.constdata)
    Region$$Table$$Base                      0x08130b14   Number         0  anon$$obj.o(Region$$Table)
    Region$$Table$$Limit                     0x08130b34   Number         0  anon$$obj.o(Region$$Table)
    FlashSectorIndex                         0x24000000   Data           2  flash.o(.data)
    Version2                                 0x24000002   Data           4  pc_interface.o(.data)
    tec_cur_limits                           0x24000008   Data          16  tec_ctrl.o(.data)
    pump_get_param                           0x24000018   Data           8  pump.o(.data)
    pump_set_param                           0x24000020   Data           4  pump.o(.data)
    Heat_PID                                 0x24000028   Data          28  heat.o(.data)
    mem_cfg                                  0x24000044   Data          20  main.o(.data)
    running_flag                             0x24000058   Data           3  main.o(.data)
    Work_Status                              0x2400005b   Data           4  main.o(.data)
    defaultTaskHandle                        0x24000060   Data           4  freertos.o(.data)
    myTask02Handle                           0x24000064   Data           4  freertos.o(.data)
    myTask03Handle                           0x24000068   Data           4  freertos.o(.data)
    myMutex01Handle                          0x2400006c   Data           4  freertos.o(.data)
    myMutex02Handle                          0x24000070   Data           4  freertos.o(.data)
    PumpTxFrame                              0x24000078   Data          48  fdcan.o(.data)
    LD_TRG_RCC_SPWM_Len                      0x240000a8   Data           2  tim.o(.data)
    Q_TRG_RCC_SPWM_Len                       0x240000aa   Data           2  tim.o(.data)
    LD_TRG_RCC_NOR                           0x240000ac   Data           8  tim.o(.data)
    Q_TRG_RCC_NOR                            0x240000b4   Data           8  tim.o(.data)
    aRxBuffer2                               0x240000bc   Data           1  usart.o(.data)
    uwTickFreq                               0x240000c0   Data           1  stm32h7xx_hal.o(.data)
    uwTickPrio                               0x240000c4   Data           4  stm32h7xx_hal.o(.data)
    uwTick                                   0x240000c8   Data           4  stm32h7xx_hal.o(.data)
    SystemCoreClock                          0x240000cc   Data           4  system_stm32h7xx.o(.data)
    SystemD2Clock                            0x240000d0   Data           4  system_stm32h7xx.o(.data)
    PT_ref                                   0x240000d4   Data          16  max31865.o(.data)
    pxCurrentTCB                             0x240000e4   Data           4  tasks.o(.data)
    __microlib_freelist                      0x24000164   Data           4  mvars.o(.data)
    __microlib_freelist_initialised          0x24000168   Data           4  mvars.o(.data)
    LD_TRG_IN_param                          0x24000270   Data          25  ld_ctrl.o(.bss)
    UC_status                                0x24000289   Data          10  ld_ctrl.o(.bss)
    OT_status                                0x240002a8   Data          20  tec_ctrl.o(.bss)
    UT_status                                0x240002bc   Data          20  tec_ctrl.o(.bss)
    TEC_status                               0x240002d0   Data          20  tec_ctrl.o(.bss)
    tec_pid_ticket                           0x240002e4   Data          16  tec_ctrl.o(.bss)
    adc_cb                                   0x240002f4   Data         384  adc_filt.o(.bss)
    upgrade_ctl                              0x240004d8   Data          13  upgrade.o(.bss)
    mem_cfg_mirror                           0x240004e8   Data          20  main.o(.bss)
    cli_para                                 0x240004fc   Data         304  main.o(.bss)
    set_param                                0x2400062c   Data         290  main.o(.bss)
    measure_param                            0x2400074e   Data         109  main.o(.bss)
    ADC1_Raw_Value                           0x240007bc   Data          56  adc.o(.bss)
    ADC2_Raw_Value                           0x240007f4   Data         112  adc.o(.bss)
    ADC3_Raw_Value                           0x24000864   Data          56  adc.o(.bss)
    hadc1                                    0x2400089c   Data         100  adc.o(.bss)
    hadc2                                    0x24000900   Data         100  adc.o(.bss)
    hadc3                                    0x24000964   Data         100  adc.o(.bss)
    hdma_adc1                                0x240009c8   Data         120  adc.o(.bss)
    hdma_adc2                                0x24000a40   Data         120  adc.o(.bss)
    hdma_adc3                                0x24000ab8   Data         120  adc.o(.bss)
    hfdcan1                                  0x24000b30   Data         160  fdcan.o(.bss)
    FDCAN1_RxFrame                           0x24000bd0   Data          52  fdcan.o(.bss)
    Fcandata                                 0x24000c04   Data          15  fdcan.o(.bss)
    hi2c1                                    0x24000c14   Data          84  i2c.o(.bss)
    hspi2                                    0x24000c68   Data         136  spi.o(.bss)
    hspi4                                    0x24000cf0   Data         136  spi.o(.bss)
    htim1                                    0x24000d78   Data          76  tim.o(.bss)
    htim2                                    0x24000dc4   Data          76  tim.o(.bss)
    htim3                                    0x24000e10   Data          76  tim.o(.bss)
    htim4                                    0x24000e5c   Data          76  tim.o(.bss)
    hdma_tim2_ch1                            0x24000ea8   Data         120  tim.o(.bss)
    hdma_tim2_ch3                            0x24000f20   Data         120  tim.o(.bss)
    LD_TRG_RCC_SPWM                          0x24000f98   Data          96  tim.o(.bss)
    Q_TRG_RCC_SPWM                           0x24000ff8   Data          96  tim.o(.bss)
    rxBufArr                                 0x240010d8   Data         300  usart.o(.bss)
    huart1                                   0x24001204   Data         148  usart.o(.bss)
    huart2                                   0x24001298   Data         148  usart.o(.bss)
    hdma_usart1_rx                           0x2400132c   Data         120  usart.o(.bss)
    hdma_usart1_tx                           0x240013a4   Data         120  usart.o(.bss)
    htim6                                    0x2400141c   Data          76  stm32h7xx_hal_timebase_tim.o(.bss)
    pFlash                                   0x24001468   Data          28  stm32h7xx_hal_flash.o(.bss)
    xQueueRegistry                           0x24001484   Data          64  queue.o(.bss)
    __heap_base                              0x24005d58   Data           0  startup_stm32h743xx.o(HEAP)
    __heap_limit                             0x24005f58   Data           0  startup_stm32h743xx.o(HEAP)
    __initial_sp                             0x24006358   Data           0  startup_stm32h743xx.o(STACK)



==============================================================================

Memory Map of the image

  Image Entry point : 0x08120299

  Load Region LR_IROM1 (Base: 0x08120000, Size: 0x00010ca4, Max: 0x00060000, ABSOLUTE, COMPRESSED[0x00010b74])

    Execution Region ER_IROM1 (Exec base: 0x08120000, Load base: 0x08120000, Size: 0x00010b34, Max: 0x00060000, ABSOLUTE)

    Exec Addr    Load Addr    Size         Type   Attr      Idx    E Section Name        Object

    0x08120000   0x08120000   0x00000298   Data   RO            3    RESET               startup_stm32h743xx.o
    0x08120298   0x08120298   0x00000000   Code   RO         9398  * .ARM.Collect$$$$00000000  mc_w.l(entry.o)
    0x08120298   0x08120298   0x00000004   Code   RO         9737    .ARM.Collect$$$$00000001  mc_w.l(entry2.o)
    0x0812029c   0x0812029c   0x00000004   Code   RO         9740    .ARM.Collect$$$$00000004  mc_w.l(entry5.o)
    0x081202a0   0x081202a0   0x00000000   Code   RO         9742    .ARM.Collect$$$$00000008  mc_w.l(entry7b.o)
    0x081202a0   0x081202a0   0x00000000   Code   RO         9744    .ARM.Collect$$$$0000000A  mc_w.l(entry8b.o)
    0x081202a0   0x081202a0   0x00000008   Code   RO         9745    .ARM.Collect$$$$0000000B  mc_w.l(entry9a.o)
    0x081202a8   0x081202a8   0x00000000   Code   RO         9747    .ARM.Collect$$$$0000000D  mc_w.l(entry10a.o)
    0x081202a8   0x081202a8   0x00000000   Code   RO         9749    .ARM.Collect$$$$0000000F  mc_w.l(entry11a.o)
    0x081202a8   0x081202a8   0x00000004   Code   RO         9738    .ARM.Collect$$$$00002712  mc_w.l(entry2.o)
    0x081202ac   0x081202ac   0x000000be   Code   RO         9265    .emb_text           port.o
    0x0812036a   0x0812036a   0x00000002   PAD
    0x0812036c   0x0812036c   0x0000002c   Code   RO            4    .text               startup_stm32h743xx.o
    0x08120398   0x08120398   0x00000062   Code   RO         9401    .text               mc_w.l(uldiv.o)
    0x081203fa   0x081203fa   0x00000024   Code   RO         9403    .text               mc_w.l(memcpya.o)
    0x0812041e   0x0812041e   0x00000024   Code   RO         9407    .text               mc_w.l(memseta.o)
    0x08120442   0x08120442   0x0000001e   Code   RO         9756    .text               mc_w.l(llshl.o)
    0x08120460   0x08120460   0x00000020   Code   RO         9758    .text               mc_w.l(llushr.o)
    0x08120480   0x08120480   0x00000000   Code   RO         9769    .text               mc_w.l(iusefp.o)
    0x08120480   0x08120480   0x0000002e   Code   RO         9776    .text               mf_w.l(dscalb.o)
    0x081204ae   0x081204ae   0x00000002   PAD
    0x081204b0   0x081204b0   0x00000088   Code   RO         9778    .text               mf_w.l(drnd.o)
    0x08120538   0x08120538   0x00000060   Code   RO         9784    .text               mf_w.l(dcmp4.o)
    0x08120598   0x08120598   0x00000024   Code   RO         9786    .text               mc_w.l(init.o)
    0x081205bc   0x081205bc   0x000000ba   Code   RO         9792    .text               mf_w.l(depilogue.o)
    0x08120676   0x08120676   0x00000056   Code   RO         9802    .text               mc_w.l(__dczerorl2.o)
    0x081206cc   0x081206cc   0x0000000c   Code   RO         1748    i.ADC3_IRQHandler   stm32h7xx_it.o
    0x081206d8   0x081206d8   0x00000108   Code   RO         2990    i.ADC_ConfigureBoostMode  stm32h7xx_hal_adc.o
    0x081207e0   0x081207e0   0x00000068   Code   RO         2992    i.ADC_DMAConvCplt   stm32h7xx_hal_adc.o
    0x08120848   0x08120848   0x0000001a   Code   RO         2993    i.ADC_DMAError      stm32h7xx_hal_adc.o
    0x08120862   0x08120862   0x0000000a   Code   RO         2994    i.ADC_DMAHalfConvCplt  stm32h7xx_hal_adc.o
    0x0812086c   0x0812086c   0x000000a8   Code   RO         2996    i.ADC_Enable        stm32h7xx_hal_adc.o
    0x08120914   0x08120914   0x0000001c   Code   RO         1749    i.ADC_IRQHandler    stm32h7xx_it.o
    0x08120930   0x08120930   0x00000052   Code   RO         7512    i.AT24CXX_Check     at24cxx.o
    0x08120982   0x08120982   0x00000018   Code   RO         7514    i.AT24CXX_Read      at24cxx.o
    0x0812099a   0x0812099a   0x00000002   PAD
    0x0812099c   0x0812099c   0x00000050   Code   RO         7515    i.AT24CXX_ReadOneByte  at24cxx.o
    0x081209ec   0x081209ec   0x000000c8   Code   RO         7516    i.AT24CXX_Write     at24cxx.o
    0x08120ab4   0x08120ab4   0x00000028   Code   RO         7517    i.AT24CXX_Write2    at24cxx.o
    0x08120adc   0x08120adc   0x00000028   Code   RO         7518    i.AT24CXX_WriteOneByte  at24cxx.o
    0x08120b04   0x08120b04   0x00000054   Code   RO         7519    i.AT24CXX_WritePage  at24cxx.o
    0x08120b58   0x08120b58   0x00000002   Code   RO         1750    i.BusFault_Handler  stm32h7xx_it.o
    0x08120b5a   0x08120b5a   0x00000002   PAD
    0x08120b5c   0x08120b5c   0x0000009c   Code   RO         1493    i.CalcPulse_NORParam  tim.o
    0x08120bf8   0x08120bf8   0x000000dc   Code   RO         1494    i.CalcPulse_SPWMParam  tim.o
    0x08120cd4   0x08120cd4   0x00000030   Code   RO          263    i.CheckUartReady    pc_interface.o
    0x08120d04   0x08120d04   0x00000034   Code   RO          264    i.ClearErrs         pc_interface.o
    0x08120d38   0x08120d38   0x0000001c   Code   RO         7373    i.DAC8568_CS        dac8568.o
    0x08120d54   0x08120d54   0x0000000e   Code   RO         7375    i.DAC8568_SET       dac8568.o
    0x08120d62   0x08120d62   0x00000002   PAD
    0x08120d64   0x08120d64   0x00000044   Code   RO         7378    i.DAC_SPI_WRITE     dac8568.o
    0x08120da8   0x08120da8   0x0000000c   Code   RO         1751    i.DMA1_Stream0_IRQHandler  stm32h7xx_it.o
    0x08120db4   0x08120db4   0x0000000c   Code   RO         1752    i.DMA1_Stream1_IRQHandler  stm32h7xx_it.o
    0x08120dc0   0x08120dc0   0x0000000c   Code   RO         1753    i.DMA1_Stream2_IRQHandler  stm32h7xx_it.o
    0x08120dcc   0x08120dcc   0x0000000c   Code   RO         1754    i.DMA2_Stream0_IRQHandler  stm32h7xx_it.o
    0x08120dd8   0x08120dd8   0x0000000c   Code   RO         1755    i.DMA2_Stream1_IRQHandler  stm32h7xx_it.o
    0x08120de4   0x08120de4   0x0000000c   Code   RO         1756    i.DMA2_Stream2_IRQHandler  stm32h7xx_it.o
    0x08120df0   0x08120df0   0x0000000c   Code   RO         1757    i.DMA2_Stream3_IRQHandler  stm32h7xx_it.o
    0x08120dfc   0x08120dfc   0x000000b4   Code   RO         4073    i.DMA_CalcBaseAndBitshift  stm32h7xx_hal_dma.o
    0x08120eb0   0x08120eb0   0x0000009c   Code   RO         4074    i.DMA_CalcDMAMUXChannelBaseAndMask  stm32h7xx_hal_dma.o
    0x08120f4c   0x08120f4c   0x00000074   Code   RO         4075    i.DMA_CalcDMAMUXRequestGenBaseAndMask  stm32h7xx_hal_dma.o
    0x08120fc0   0x08120fc0   0x00000054   Code   RO         4076    i.DMA_CheckFifoParam  stm32h7xx_hal_dma.o
    0x08121014   0x08121014   0x00000220   Code   RO         4077    i.DMA_SetConfig     stm32h7xx_hal_dma.o
    0x08121234   0x08121234   0x00000002   Code   RO         1758    i.DebugMon_Handler  stm32h7xx_it.o
    0x08121236   0x08121236   0x00000002   PAD
    0x08121238   0x08121238   0x000000c8   Code   RO          927    i.DefaultParams     bit_ini.o
    0x08121300   0x08121300   0x00000040   Code   RO          928    i.DefaultStatus     bit_ini.o
    0x08121340   0x08121340   0x00000006   Code   RO         1759    i.EXTI0_IRQHandler  stm32h7xx_it.o
    0x08121346   0x08121346   0x00000008   Code   RO         1760    i.EXTI15_10_IRQHandler  stm32h7xx_it.o
    0x0812134e   0x0812134e   0x00000006   Code   RO         1761    i.EXTI1_IRQHandler  stm32h7xx_it.o
    0x08121354   0x08121354   0x000000b4   Code   RO         1657    i.Enable_UART1_Receive  usart.o
    0x08121408   0x08121408   0x00000004   Code   RO         1059    i.Error_Handler     main.o
    0x0812140c   0x0812140c   0x0000001c   Code   RO         7328    i.ExitRun0Mode      system_stm32h7xx.o
    0x08121428   0x08121428   0x0000000c   Code   RO         1762    i.FDCAN1_IT0_IRQHandler  stm32h7xx_it.o
    0x08121434   0x08121434   0x000001c8   Code   RO         5843    i.FDCAN_CalcultateRamBlockAddresses  stm32h7xx_hal_fdcan.o
    0x081215fc   0x081215fc   0x0000006c   Code   RO         5844    i.FDCAN_CopyMessageToRAM  stm32h7xx_hal_fdcan.o
    0x08121668   0x08121668   0x0000002e   Code   RO           13    i.FLASH_Erase       flash.o
    0x08121696   0x08121696   0x00000002   PAD
    0x08121698   0x08121698   0x00000040   Code   RO         3827    i.FLASH_Erase_Sector  stm32h7xx_hal_flash_ex.o
    0x081216d8   0x081216d8   0x0000007c   Code   RO         3828    i.FLASH_MassErase   stm32h7xx_hal_flash_ex.o
    0x08121754   0x08121754   0x0000001c   Code   RO           14    i.FLASH_ReadData    flash.o
    0x08121770   0x08121770   0x000000cc   Code   RO         3719    i.FLASH_WaitForLastOperation  stm32h7xx_hal_flash.o
    0x0812183c   0x0812183c   0x000000ac   Code   RO           16    i.FLASH_Write       flash.o
    0x081218e8   0x081218e8   0x000000ec   Code   RO           17    i.FLASH_WriteCfg    flash.o
    0x081219d4   0x081219d4   0x00000014   Code   RO           18    i.Flash_Ini         flash.o
    0x081219e8   0x081219e8   0x000000d8   Code   RO           19    i.GetSector         flash.o
    0x08121ac0   0x08121ac0   0x00000068   Code   RO           20    i.Get_Flash_Prag_Info  flash.o
    0x08121b28   0x08121b28   0x00000002   Code   RO         3211    i.HAL_ADCEx_EndOfSamplingCallback  stm32h7xx_hal_adc_ex.o
    0x08121b2a   0x08121b2a   0x00000002   Code   RO         3214    i.HAL_ADCEx_InjectedConvCpltCallback  stm32h7xx_hal_adc_ex.o
    0x08121b2c   0x08121b2c   0x00000002   Code   RO         3217    i.HAL_ADCEx_InjectedQueueOverflowCallback  stm32h7xx_hal_adc_ex.o
    0x08121b2e   0x08121b2e   0x00000002   Code   RO         3222    i.HAL_ADCEx_LevelOutOfWindow2Callback  stm32h7xx_hal_adc_ex.o
    0x08121b30   0x08121b30   0x00000002   Code   RO         3223    i.HAL_ADCEx_LevelOutOfWindow3Callback  stm32h7xx_hal_adc_ex.o
    0x08121b32   0x08121b32   0x00000002   PAD
    0x08121b34   0x08121b34   0x00000128   Code   RO         3227    i.HAL_ADCEx_MultiModeConfigChannel  stm32h7xx_hal_adc_ex.o
    0x08121c5c   0x08121c5c   0x00000420   Code   RO         2998    i.HAL_ADC_ConfigChannel  stm32h7xx_hal_adc.o
    0x0812207c   0x0812207c   0x000000bc   Code   RO         1221    i.HAL_ADC_ConvCpltCallback  adc.o
    0x08122138   0x08122138   0x00000002   Code   RO         3000    i.HAL_ADC_ConvHalfCpltCallback  stm32h7xx_hal_adc.o
    0x0812213a   0x0812213a   0x00000002   Code   RO         3002    i.HAL_ADC_ErrorCallback  stm32h7xx_hal_adc.o
    0x0812213c   0x0812213c   0x00000290   Code   RO         3006    i.HAL_ADC_IRQHandler  stm32h7xx_hal_adc.o
    0x081223cc   0x081223cc   0x00000228   Code   RO         3007    i.HAL_ADC_Init      stm32h7xx_hal_adc.o
    0x081225f4   0x081225f4   0x00000002   Code   RO         3008    i.HAL_ADC_LevelOutOfWindowCallback  stm32h7xx_hal_adc.o
    0x081225f6   0x081225f6   0x00000002   PAD
    0x081225f8   0x081225f8   0x00000208   Code   RO         1223    i.HAL_ADC_MspInit   adc.o
    0x08122800   0x08122800   0x00000108   Code   RO         3014    i.HAL_ADC_Start_DMA  stm32h7xx_hal_adc.o
    0x08122908   0x08122908   0x00000360   Code   RO         4078    i.HAL_DMA_Abort     stm32h7xx_hal_dma.o
    0x08122c68   0x08122c68   0x00000284   Code   RO         4079    i.HAL_DMA_Abort_IT  stm32h7xx_hal_dma.o
    0x08122eec   0x08122eec   0x00000006   Code   RO         4082    i.HAL_DMA_GetState  stm32h7xx_hal_dma.o
    0x08122ef2   0x08122ef2   0x00000002   PAD
    0x08122ef4   0x08122ef4   0x000006e8   Code   RO         4083    i.HAL_DMA_IRQHandler  stm32h7xx_hal_dma.o
    0x081235dc   0x081235dc   0x000003c4   Code   RO         4084    i.HAL_DMA_Init      stm32h7xx_hal_dma.o
    0x081239a0   0x081239a0   0x0000029c   Code   RO         4088    i.HAL_DMA_Start_IT  stm32h7xx_hal_dma.o
    0x08123c3c   0x08123c3c   0x00000088   Code   RO         5846    i.HAL_FDCAN_ActivateNotification  stm32h7xx_hal_fdcan.o
    0x08123cc4   0x08123cc4   0x00000066   Code   RO         5848    i.HAL_FDCAN_AddMessageToTxFifoQ  stm32h7xx_hal_fdcan.o
    0x08123d2a   0x08123d2a   0x00000002   Code   RO         5849    i.HAL_FDCAN_ClockCalibrationCallback  stm32h7xx_hal_fdcan.o
    0x08123d2c   0x08123d2c   0x0000007e   Code   RO         5853    i.HAL_FDCAN_ConfigFilter  stm32h7xx_hal_fdcan.o
    0x08123daa   0x08123daa   0x00000032   Code   RO         5854    i.HAL_FDCAN_ConfigGlobalFilter  stm32h7xx_hal_fdcan.o
    0x08123ddc   0x08123ddc   0x00000004   Code   RO         1312    i.HAL_FDCAN_ErrorCallback  fdcan.o
    0x08123de0   0x08123de0   0x00000002   Code   RO         1313    i.HAL_FDCAN_ErrorStatusCallback  fdcan.o
    0x08123de2   0x08123de2   0x00000006   Code   RO         5881    i.HAL_FDCAN_GetError  stm32h7xx_hal_fdcan.o
    0x08123de8   0x08123de8   0x0000018c   Code   RO         5887    i.HAL_FDCAN_GetRxMessage  stm32h7xx_hal_fdcan.o
    0x08123f74   0x08123f74   0x00000002   Code   RO         5893    i.HAL_FDCAN_HighPriorityMessageCallback  stm32h7xx_hal_fdcan.o
    0x08123f76   0x08123f76   0x00000002   PAD
    0x08123f78   0x08123f78   0x00000320   Code   RO         5894    i.HAL_FDCAN_IRQHandler  stm32h7xx_hal_fdcan.o
    0x08124298   0x08124298   0x00000244   Code   RO         5895    i.HAL_FDCAN_Init    stm32h7xx_hal_fdcan.o
    0x081244dc   0x081244dc   0x00000078   Code   RO         1315    i.HAL_FDCAN_MspInit  fdcan.o
    0x08124554   0x08124554   0x00000002   Code   RO         5904    i.HAL_FDCAN_RxBufferNewMessageCallback  stm32h7xx_hal_fdcan.o
    0x08124556   0x08124556   0x00000002   PAD
    0x08124558   0x08124558   0x0000002c   Code   RO         1316    i.HAL_FDCAN_RxFifo0Callback  fdcan.o
    0x08124584   0x08124584   0x00000002   Code   RO         5906    i.HAL_FDCAN_RxFifo1Callback  stm32h7xx_hal_fdcan.o
    0x08124586   0x08124586   0x00000032   Code   RO         5907    i.HAL_FDCAN_Start   stm32h7xx_hal_fdcan.o
    0x081245b8   0x081245b8   0x00000002   Code   RO         5929    i.HAL_FDCAN_TT_GlobalTimeCallback  stm32h7xx_hal_fdcan.o
    0x081245ba   0x081245ba   0x00000002   Code   RO         5930    i.HAL_FDCAN_TT_ScheduleSyncCallback  stm32h7xx_hal_fdcan.o
    0x081245bc   0x081245bc   0x00000002   Code   RO         5935    i.HAL_FDCAN_TT_StopWatchCallback  stm32h7xx_hal_fdcan.o
    0x081245be   0x081245be   0x00000002   Code   RO         5936    i.HAL_FDCAN_TT_TimeMarkCallback  stm32h7xx_hal_fdcan.o
    0x081245c0   0x081245c0   0x00000002   Code   RO         5937    i.HAL_FDCAN_TimeoutOccurredCallback  stm32h7xx_hal_fdcan.o
    0x081245c2   0x081245c2   0x00000002   Code   RO         5938    i.HAL_FDCAN_TimestampWraparoundCallback  stm32h7xx_hal_fdcan.o
    0x081245c4   0x081245c4   0x00000002   Code   RO         5939    i.HAL_FDCAN_TxBufferAbortCallback  stm32h7xx_hal_fdcan.o
    0x081245c6   0x081245c6   0x00000002   Code   RO         1317    i.HAL_FDCAN_TxBufferCompleteCallback  fdcan.o
    0x081245c8   0x081245c8   0x00000002   Code   RO         5941    i.HAL_FDCAN_TxEventFifoCallback  stm32h7xx_hal_fdcan.o
    0x081245ca   0x081245ca   0x00000002   Code   RO         5942    i.HAL_FDCAN_TxFifoEmptyCallback  stm32h7xx_hal_fdcan.o
    0x081245cc   0x081245cc   0x00000114   Code   RO         3831    i.HAL_FLASHEx_Erase  stm32h7xx_hal_flash_ex.o
    0x081246e0   0x081246e0   0x00000030   Code   RO         3723    i.HAL_FLASH_Lock    stm32h7xx_hal_flash.o
    0x08124710   0x08124710   0x000000c0   Code   RO         3728    i.HAL_FLASH_Program  stm32h7xx_hal_flash.o
    0x081247d0   0x081247d0   0x00000044   Code   RO         3730    i.HAL_FLASH_Unlock  stm32h7xx_hal_flash.o
    0x08124814   0x08124814   0x0000016c   Code   RO          513    i.HAL_GPIO_EXTI_Callback  ld_ctrl.o
    0x08124980   0x08124980   0x00000018   Code   RO         3925    i.HAL_GPIO_EXTI_IRQHandler  stm32h7xx_hal_gpio.o
    0x08124998   0x08124998   0x0000022c   Code   RO         3926    i.HAL_GPIO_Init     stm32h7xx_hal_gpio.o
    0x08124bc4   0x08124bc4   0x0000000a   Code   RO         3928    i.HAL_GPIO_ReadPin  stm32h7xx_hal_gpio.o
    0x08124bce   0x08124bce   0x0000000a   Code   RO         3930    i.HAL_GPIO_WritePin  stm32h7xx_hal_gpio.o
    0x08124bd8   0x08124bd8   0x0000000c   Code   RO         4951    i.HAL_GetREVID      stm32h7xx_hal.o
    0x08124be4   0x08124be4   0x0000000c   Code   RO         4952    i.HAL_GetTick       stm32h7xx_hal.o
    0x08124bf0   0x08124bf0   0x00000058   Code   RO         5717    i.HAL_I2CEx_ConfigAnalogFilter  stm32h7xx_hal_i2c_ex.o
    0x08124c48   0x08124c48   0x00000054   Code   RO         5718    i.HAL_I2CEx_ConfigDigitalFilter  stm32h7xx_hal_i2c_ex.o
    0x08124c9c   0x08124c9c   0x000000c0   Code   RO         5256    i.HAL_I2C_Init      stm32h7xx_hal_i2c.o
    0x08124d5c   0x08124d5c   0x00000124   Code   RO         5262    i.HAL_I2C_Master_Receive  stm32h7xx_hal_i2c.o
    0x08124e80   0x08124e80   0x0000014c   Code   RO         5269    i.HAL_I2C_Master_Transmit  stm32h7xx_hal_i2c.o
    0x08124fcc   0x08124fcc   0x00000158   Code   RO         5277    i.HAL_I2C_Mem_Write  stm32h7xx_hal_i2c.o
    0x08125124   0x08125124   0x00000084   Code   RO         1386    i.HAL_I2C_MspInit   i2c.o
    0x081251a8   0x081251a8   0x00000010   Code   RO         4958    i.HAL_IncTick       stm32h7xx_hal.o
    0x081251b8   0x081251b8   0x0000005c   Code   RO         4959    i.HAL_Init          stm32h7xx_hal.o
    0x08125214   0x08125214   0x0000008c   Code   RO         1938    i.HAL_InitTick      stm32h7xx_hal_timebase_tim.o
    0x081252a0   0x081252a0   0x0000005c   Code   RO         4781    i.HAL_MPU_ConfigRegion  stm32h7xx_hal_cortex.o
    0x081252fc   0x081252fc   0x0000001c   Code   RO         4782    i.HAL_MPU_Disable   stm32h7xx_hal_cortex.o
    0x08125318   0x08125318   0x00000024   Code   RO         4784    i.HAL_MPU_Enable    stm32h7xx_hal_cortex.o
    0x0812533c   0x0812533c   0x00000024   Code   RO         1914    i.HAL_MspInit       stm32h7xx_hal_msp.o
    0x08125360   0x08125360   0x00000022   Code   RO         4787    i.HAL_NVIC_DisableIRQ  stm32h7xx_hal_cortex.o
    0x08125382   0x08125382   0x0000001a   Code   RO         4788    i.HAL_NVIC_EnableIRQ  stm32h7xx_hal_cortex.o
    0x0812539c   0x0812539c   0x00000040   Code   RO         4794    i.HAL_NVIC_SetPriority  stm32h7xx_hal_cortex.o
    0x081253dc   0x081253dc   0x00000024   Code   RO         4795    i.HAL_NVIC_SetPriorityGrouping  stm32h7xx_hal_cortex.o
    0x08125400   0x08125400   0x00000054   Code   RO         4527    i.HAL_PWREx_ConfigSupply  stm32h7xx_hal_pwr_ex.o
    0x08125454   0x08125454   0x00000024   Code   RO         3547    i.HAL_RCCEx_GetD3PCLK1Freq  stm32h7xx_hal_rcc_ex.o
    0x08125478   0x08125478   0x00000148   Code   RO         3548    i.HAL_RCCEx_GetPLL1ClockFreq  stm32h7xx_hal_rcc_ex.o
    0x081255c0   0x081255c0   0x00000144   Code   RO         3549    i.HAL_RCCEx_GetPLL2ClockFreq  stm32h7xx_hal_rcc_ex.o
    0x08125704   0x08125704   0x00000144   Code   RO         3550    i.HAL_RCCEx_GetPLL3ClockFreq  stm32h7xx_hal_rcc_ex.o
    0x08125848   0x08125848   0x000002c8   Code   RO         3552    i.HAL_RCCEx_GetPeriphCLKFreq  stm32h7xx_hal_rcc_ex.o
    0x08125b10   0x08125b10   0x000009ac   Code   RO         3556    i.HAL_RCCEx_PeriphCLKConfig  stm32h7xx_hal_rcc_ex.o
    0x081264bc   0x081264bc   0x0000025c   Code   RO         3432    i.HAL_RCC_ClockConfig  stm32h7xx_hal_rcc.o
    0x08126718   0x08126718   0x0000005c   Code   RO         3436    i.HAL_RCC_GetClockConfig  stm32h7xx_hal_rcc.o
    0x08126774   0x08126774   0x00000044   Code   RO         3437    i.HAL_RCC_GetHCLKFreq  stm32h7xx_hal_rcc.o
    0x081267b8   0x081267b8   0x00000024   Code   RO         3439    i.HAL_RCC_GetPCLK1Freq  stm32h7xx_hal_rcc.o
    0x081267dc   0x081267dc   0x00000024   Code   RO         3440    i.HAL_RCC_GetPCLK2Freq  stm32h7xx_hal_rcc.o
    0x08126800   0x08126800   0x00000138   Code   RO         3441    i.HAL_RCC_GetSysClockFreq  stm32h7xx_hal_rcc.o
    0x08126938   0x08126938   0x00000582   Code   RO         3444    i.HAL_RCC_OscConfig  stm32h7xx_hal_rcc.o
    0x08126eba   0x08126eba   0x00000002   PAD
    0x08126ebc   0x08126ebc   0x0000017c   Code   RO         6472    i.HAL_SPI_Init      stm32h7xx_hal_spi.o
    0x08127038   0x08127038   0x000000dc   Code   RO         1446    i.HAL_SPI_MspInit   spi.o
    0x08127114   0x08127114   0x00000242   Code   RO         6481    i.HAL_SPI_Transmit  stm32h7xx_hal_spi.o
    0x08127356   0x08127356   0x00000002   PAD
    0x08127358   0x08127358   0x00000348   Code   RO         6482    i.HAL_SPI_TransmitReceive  stm32h7xx_hal_spi.o
    0x081276a0   0x081276a0   0x00000010   Code   RO         4964    i.HAL_SYSCFG_AnalogSwitchConfig  stm32h7xx_hal.o
    0x081276b0   0x081276b0   0x00000002   Code   RO         2699    i.HAL_TIMEx_Break2Callback  stm32h7xx_hal_tim_ex.o
    0x081276b2   0x081276b2   0x00000002   Code   RO         2700    i.HAL_TIMEx_BreakCallback  stm32h7xx_hal_tim_ex.o
    0x081276b4   0x081276b4   0x00000002   Code   RO         2701    i.HAL_TIMEx_CommutCallback  stm32h7xx_hal_tim_ex.o
    0x081276b6   0x081276b6   0x00000002   PAD
    0x081276b8   0x081276b8   0x000000a0   Code   RO         2703    i.HAL_TIMEx_ConfigBreakDeadTime  stm32h7xx_hal_tim_ex.o
    0x08127758   0x08127758   0x000000a4   Code   RO         2721    i.HAL_TIMEx_MasterConfigSynchronization  stm32h7xx_hal_tim_ex.o
    0x081277fc   0x081277fc   0x00000062   Code   RO         1979    i.HAL_TIM_Base_Init  stm32h7xx_hal_tim.o
    0x0812785e   0x0812785e   0x00000002   Code   RO         1981    i.HAL_TIM_Base_MspInit  stm32h7xx_hal_tim.o
    0x08127860   0x08127860   0x00000080   Code   RO         1982    i.HAL_TIM_Base_Start  stm32h7xx_hal_tim.o
    0x081278e0   0x081278e0   0x0000008c   Code   RO         1984    i.HAL_TIM_Base_Start_IT  stm32h7xx_hal_tim.o
    0x0812796c   0x0812796c   0x00000030   Code   RO         1987    i.HAL_TIM_Base_Stop_IT  stm32h7xx_hal_tim.o
    0x0812799c   0x0812799c   0x00000002   Code   RO         1496    i.HAL_TIM_ErrorCallback  tim.o
    0x0812799e   0x0812799e   0x00000002   Code   RO         1497    i.HAL_TIM_IC_CaptureCallback  tim.o
    0x081279a0   0x081279a0   0x00000148   Code   RO         2027    i.HAL_TIM_IRQHandler  stm32h7xx_hal_tim.o
    0x08127ae8   0x08127ae8   0x000000ac   Code   RO         1498    i.HAL_TIM_MspPostInit  tim.o
    0x08127b94   0x08127b94   0x0000006e   Code   RO         2028    i.HAL_TIM_OC_ConfigChannel  stm32h7xx_hal_tim.o
    0x08127c02   0x08127c02   0x00000002   PAD
    0x08127c04   0x08127c04   0x0000017c   Code   RO         2029    i.HAL_TIM_OC_DMA_Config  stm32h7xx_hal_tim.o
    0x08127d80   0x08127d80   0x0000005c   Code   RO         1499    i.HAL_TIM_OC_DelayElapsedCallback  tim.o
    0x08127ddc   0x08127ddc   0x00000062   Code   RO         2033    i.HAL_TIM_OC_Init   stm32h7xx_hal_tim.o
    0x08127e3e   0x08127e3e   0x00000002   PAD
    0x08127e40   0x08127e40   0x00000108   Code   RO         1501    i.HAL_TIM_OC_MspInit  tim.o
    0x08127f48   0x08127f48   0x00000140   Code   RO         2038    i.HAL_TIM_OC_Start_IT  stm32h7xx_hal_tim.o
    0x08128088   0x08128088   0x000000b0   Code   RO         2039    i.HAL_TIM_OC_Stop   stm32h7xx_hal_tim.o
    0x08128138   0x08128138   0x00000124   Code   RO         2052    i.HAL_TIM_PWM_ConfigChannel  stm32h7xx_hal_tim.o
    0x0812825c   0x0812825c   0x00000062   Code   RO         2055    i.HAL_TIM_PWM_Init  stm32h7xx_hal_tim.o
    0x081282be   0x081282be   0x00000002   PAD
    0x081282c0   0x081282c0   0x00000028   Code   RO         1503    i.HAL_TIM_PWM_MspInit  tim.o
    0x081282e8   0x081282e8   0x00000040   Code   RO         1504    i.HAL_TIM_PWM_PulseFinishedCallback  tim.o
    0x08128328   0x08128328   0x00000002   Code   RO         2059    i.HAL_TIM_PWM_PulseFinishedHalfCpltCallback  stm32h7xx_hal_tim.o
    0x0812832a   0x0812832a   0x00000002   PAD
    0x0812832c   0x0812832c   0x0000002c   Code   RO         1060    i.HAL_TIM_PeriodElapsedCallback  main.o
    0x08128358   0x08128358   0x00000002   Code   RO         2071    i.HAL_TIM_TriggerCallback  stm32h7xx_hal_tim.o
    0x0812835a   0x0812835a   0x00000040   Code   RO         7210    i.HAL_UARTEx_DisableFifoMode  stm32h7xx_hal_uart_ex.o
    0x0812839a   0x0812839a   0x0000004a   Code   RO         7216    i.HAL_UARTEx_ReceiveToIdle_DMA  stm32h7xx_hal_uart_ex.o
    0x081283e4   0x081283e4   0x0000004c   Code   RO         1658    i.HAL_UARTEx_RxEventCallback  usart.o
    0x08128430   0x08128430   0x00000002   Code   RO         7218    i.HAL_UARTEx_RxFifoFullCallback  stm32h7xx_hal_uart_ex.o
    0x08128432   0x08128432   0x0000004c   Code   RO         7219    i.HAL_UARTEx_SetRxFifoThreshold  stm32h7xx_hal_uart_ex.o
    0x0812847e   0x0812847e   0x0000004c   Code   RO         7220    i.HAL_UARTEx_SetTxFifoThreshold  stm32h7xx_hal_uart_ex.o
    0x081284ca   0x081284ca   0x00000002   Code   RO         7222    i.HAL_UARTEx_TxFifoEmptyCallback  stm32h7xx_hal_uart_ex.o
    0x081284cc   0x081284cc   0x00000002   Code   RO         7223    i.HAL_UARTEx_WakeupCallback  stm32h7xx_hal_uart_ex.o
    0x081284ce   0x081284ce   0x00000002   PAD
    0x081284d0   0x081284d0   0x00000018   Code   RO         1659    i.HAL_UART_ErrorCallback  usart.o
    0x081284e8   0x081284e8   0x0000039c   Code   RO         6818    i.HAL_UART_IRQHandler  stm32h7xx_hal_uart.o
    0x08128884   0x08128884   0x0000006a   Code   RO         6819    i.HAL_UART_Init     stm32h7xx_hal_uart.o
    0x081288ee   0x081288ee   0x00000002   PAD
    0x081288f0   0x081288f0   0x0000015c   Code   RO         1661    i.HAL_UART_MspInit  usart.o
    0x08128a4c   0x08128a4c   0x00000048   Code   RO         6824    i.HAL_UART_Receive_IT  stm32h7xx_hal_uart.o
    0x08128a94   0x08128a94   0x00000020   Code   RO         1662    i.HAL_UART_RxCpltCallback  usart.o
    0x08128ab4   0x08128ab4   0x00000002   Code   RO         6827    i.HAL_UART_RxHalfCpltCallback  stm32h7xx_hal_uart.o
    0x08128ab6   0x08128ab6   0x00000002   PAD
    0x08128ab8   0x08128ab8   0x00000090   Code   RO         6829    i.HAL_UART_Transmit_DMA  stm32h7xx_hal_uart.o
    0x08128b48   0x08128b48   0x00000002   Code   RO         6831    i.HAL_UART_TxCpltCallback  stm32h7xx_hal_uart.o
    0x08128b4a   0x08128b4a   0x00000002   Code   RO         6832    i.HAL_UART_TxHalfCpltCallback  stm32h7xx_hal_uart.o
    0x08128b4c   0x08128b4c   0x00000002   Code   RO         1763    i.HardFault_Handler  stm32h7xx_it.o
    0x08128b4e   0x08128b4e   0x00000002   PAD
    0x08128b50   0x08128b50   0x00000098   Code   RO         1026    i.Heat_Ctrl         heat.o
    0x08128be8   0x08128be8   0x00000022   Code   RO         5303    i.I2C_Flush_TXDR    stm32h7xx_hal_i2c.o
    0x08128c0a   0x08128c0a   0x00000002   PAD
    0x08128c0c   0x08128c0c   0x00000110   Code   RO         5311    i.I2C_IsErrorOccurred  stm32h7xx_hal_i2c.o
    0x08128d1c   0x08128d1c   0x00000064   Code   RO         5317    i.I2C_RequestMemoryWrite  stm32h7xx_hal_i2c.o
    0x08128d80   0x08128d80   0x00000030   Code   RO         5320    i.I2C_TransferConfig  stm32h7xx_hal_i2c.o
    0x08128db0   0x08128db0   0x0000007c   Code   RO         5322    i.I2C_WaitOnFlagUntilTimeout  stm32h7xx_hal_i2c.o
    0x08128e2c   0x08128e2c   0x000000a8   Code   RO         5323    i.I2C_WaitOnRXNEFlagUntilTimeout  stm32h7xx_hal_i2c.o
    0x08128ed4   0x08128ed4   0x00000058   Code   RO         5324    i.I2C_WaitOnSTOPFlagUntilTimeout  stm32h7xx_hal_i2c.o
    0x08128f2c   0x08128f2c   0x0000005c   Code   RO         5325    i.I2C_WaitOnTXISFlagUntilTimeout  stm32h7xx_hal_i2c.o
    0x08128f88   0x08128f88   0x0000001a   Code   RO           21    i.IsSectorStart     flash.o
    0x08128fa2   0x08128fa2   0x00000002   PAD
    0x08128fa4   0x08128fa4   0x00000084   Code   RO          514    i.LD_Ctrl           ld_ctrl.o
    0x08129028   0x08129028   0x00000028   Code   RO          515    i.LD_OC_funexec     ld_ctrl.o
    0x08129050   0x08129050   0x00000008   Code   RO         3019    i.LL_ADC_INJ_IsConversionOngoing  stm32h7xx_hal_adc.o
    0x08129058   0x08129058   0x00000008   Code   RO         3020    i.LL_ADC_REG_IsConversionOngoing  stm32h7xx_hal_adc.o
    0x08129060   0x08129060   0x00000008   Code   RO         3237    i.LL_ADC_REG_IsConversionOngoing  stm32h7xx_hal_adc_ex.o
    0x08129068   0x08129068   0x00000010   Code   RO         3021    i.LL_ADC_REG_IsTriggerSourceSWStart  stm32h7xx_hal_adc.o
    0x08129078   0x08129078   0x0000003c   Code   RO         7440    i.MAX31865_CS       max31865.o
    0x081290b4   0x081290b4   0x00000030   Code   RO         7441    i.MAX31865_Clear_Fault_Status  max31865.o
    0x081290e4   0x081290e4   0x00000044   Code   RO         7442    i.MAX31865_ReadByte  max31865.o
    0x08129128   0x08129128   0x00000020   Code   RO         7444    i.MAX31865_Set_Configuration  max31865.o
    0x08129148   0x08129148   0x00000040   Code   RO         7445    i.MAX31865_WriteByte  max31865.o
    0x08129188   0x08129188   0x000000e8   Code   RO         1224    i.MX_ADC1_Init      adc.o
    0x08129270   0x08129270   0x00000144   Code   RO         1225    i.MX_ADC2_Init      adc.o
    0x081293b4   0x081293b4   0x000000c8   Code   RO         1226    i.MX_ADC3_Init      adc.o
    0x0812947c   0x0812947c   0x0000009c   Code   RO         1288    i.MX_DMA_Init       dma.o
    0x08129518   0x08129518   0x000000b4   Code   RO         1318    i.MX_FDCAN1_Init    fdcan.o
    0x081295cc   0x081295cc   0x00000034   Code   RO         1154    i.MX_FREERTOS_Init  freertos.o
    0x08129600   0x08129600   0x0000017c   Code   RO         1130    i.MX_GPIO_Init      gpio.o
    0x0812977c   0x0812977c   0x00000058   Code   RO         1387    i.MX_I2C1_Init      i2c.o
    0x081297d4   0x081297d4   0x00000060   Code   RO         1447    i.MX_SPI2_Init      spi.o
    0x08129834   0x08129834   0x00000064   Code   RO         1448    i.MX_SPI4_Init      spi.o
    0x08129898   0x08129898   0x000000ac   Code   RO         1505    i.MX_TIM1_Init      tim.o
    0x08129944   0x08129944   0x00000080   Code   RO         1506    i.MX_TIM2_Init      tim.o
    0x081299c4   0x081299c4   0x00000070   Code   RO         1508    i.MX_TIM3_Init      tim.o
    0x08129a34   0x08129a34   0x0000007c   Code   RO         1509    i.MX_TIM4_Init      tim.o
    0x08129ab0   0x08129ab0   0x0000006c   Code   RO         1663    i.MX_USART1_UART_Init  usart.o
    0x08129b1c   0x08129b1c   0x00000068   Code   RO         1664    i.MX_USART2_UART_Init  usart.o
    0x08129b84   0x08129b84   0x00000022   Code   RO         7446    i.Max31865_Read_Temperature  max31865.o
    0x08129ba6   0x08129ba6   0x00000002   Code   RO         1764    i.MemManage_Handler  stm32h7xx_it.o
    0x08129ba8   0x08129ba8   0x00000002   Code   RO         1765    i.NMI_Handler       stm32h7xx_it.o
    0x08129baa   0x08129baa   0x00000044   Code   RO         1061    i.PeriphCommonClock_Config  main.o
    0x08129bee   0x08129bee   0x00000002   PAD
    0x08129bf0   0x08129bf0   0x00000120   Code   RO         3559    i.RCCEx_PLL2_Config  stm32h7xx_hal_rcc_ex.o
    0x08129d10   0x08129d10   0x00000120   Code   RO         3560    i.RCCEx_PLL3_Config  stm32h7xx_hal_rcc_ex.o
    0x08129e30   0x08129e30   0x0000000a   Code   RO          602    i.RESET_PID         tec_ctrl.o
    0x08129e3a   0x08129e3a   0x00000002   PAD
    0x08129e3c   0x08129e3c   0x0000008c   Code   RO          516    i.SET_LD_Curr       ld_ctrl.o
    0x08129ec8   0x08129ec8   0x00000068   Code   RO          517    i.SET_LD_MAX_Curr   ld_ctrl.o
    0x08129f30   0x08129f30   0x00000180   Code   RO          518    i.SET_LD_SW         ld_ctrl.o
    0x0812a0b0   0x0812a0b0   0x00000050   Code   RO          519    i.SET_LD_SW_OFF     ld_ctrl.o
    0x0812a100   0x0812a100   0x00000098   Code   RO          520    i.SET_LD_Vol        ld_ctrl.o
    0x0812a198   0x0812a198   0x000000dc   Code   RO          603    i.SET_TEC_OUT_Vol   tec_ctrl.o
    0x0812a274   0x0812a274   0x0000004c   Code   RO          604    i.SET_TEC_SW        tec_ctrl.o
    0x0812a2c0   0x0812a2c0   0x000000bc   Code   RO         6492    i.SPI_CloseTransfer  stm32h7xx_hal_spi.o
    0x0812a37c   0x0812a37c   0x00000046   Code   RO         6509    i.SPI_WaitOnFlagUntilTimeout  stm32h7xx_hal_spi.o
    0x0812a3c2   0x0812a3c2   0x00000002   PAD
    0x0812a3c4   0x0812a3c4   0x00000068   Code   RO         1510    i.SetInterTrgFreq   tim.o
    0x0812a42c   0x0812a42c   0x00000028   Code   RO         1511    i.SetPulse_NORParam  tim.o
    0x0812a454   0x0812a454   0x000000bc   Code   RO         1512    i.SetPulse_SPWMParam  tim.o
    0x0812a510   0x0812a510   0x0000003e   Code   RO         1513    i.Set_PWM_DutyCycle  tim.o
    0x0812a54e   0x0812a54e   0x00000002   PAD
    0x0812a550   0x0812a550   0x00000020   Code   RO         1155    i.StartCMDThread    freertos.o
    0x0812a570   0x0812a570   0x00000020   Code   RO         1156    i.StartCtrlThread   freertos.o
    0x0812a590   0x0812a590   0x00000026   Code   RO         1157    i.StartDefaultTask  freertos.o
    0x0812a5b6   0x0812a5b6   0x00000002   PAD
    0x0812a5b8   0x0812a5b8   0x0000008c   Code   RO         1158    i.StartTask02       freertos.o
    0x0812a644   0x0812a644   0x00000010   Code   RO         1159    i.StartTask03       freertos.o
    0x0812a654   0x0812a654   0x00000034   Code   RO         1227    i.Start_ADC_DMA     adc.o
    0x0812a688   0x0812a688   0x0000001a   Code   RO         8697    i.SysTick_Handler   cmsis_os2.o
    0x0812a6a2   0x0812a6a2   0x00000002   PAD
    0x0812a6a4   0x0812a6a4   0x000000a8   Code   RO         1062    i.SystemClock_Config  main.o
    0x0812a74c   0x0812a74c   0x000000f8   Code   RO         7330    i.SystemInit        system_stm32h7xx.o
    0x0812a844   0x0812a844   0x00000038   Code   RO          605    i.TEC_Check_OT      tec_ctrl.o
    0x0812a87c   0x0812a87c   0x00000038   Code   RO          606    i.TEC_Check_UT      tec_ctrl.o
    0x0812a8b4   0x0812a8b4   0x00000108   Code   RO          607    i.TEC_Ctrl          tec_ctrl.o
    0x0812a9bc   0x0812a9bc   0x0000002c   Code   RO          608    i.TEC_Cur_Limit     tec_ctrl.o
    0x0812a9e8   0x0812a9e8   0x00000160   Code   RO          609    i.TEC_Work          tec_ctrl.o
    0x0812ab48   0x0812ab48   0x0000000c   Code   RO         1766    i.TIM2_IRQHandler   stm32h7xx_it.o
    0x0812ab54   0x0812ab54   0x0000000c   Code   RO         1767    i.TIM3_IRQHandler   stm32h7xx_it.o
    0x0812ab60   0x0812ab60   0x0000000c   Code   RO         1768    i.TIM4_IRQHandler   stm32h7xx_it.o
    0x0812ab6c   0x0812ab6c   0x0000000c   Code   RO         1769    i.TIM6_DAC_IRQHandler  stm32h7xx_it.o
    0x0812ab78   0x0812ab78   0x000000cc   Code   RO         2073    i.TIM_Base_SetConfig  stm32h7xx_hal_tim.o
    0x0812ac44   0x0812ac44   0x0000001a   Code   RO         2074    i.TIM_CCxChannelCmd  stm32h7xx_hal_tim.o
    0x0812ac5e   0x0812ac5e   0x0000005e   Code   RO         2077    i.TIM_DMADelayPulseCplt  stm32h7xx_hal_tim.o
    0x0812acbc   0x0812acbc   0x00000038   Code   RO         2078    i.TIM_DMADelayPulseHalfCplt  stm32h7xx_hal_tim.o
    0x0812acf4   0x0812acf4   0x00000054   Code   RO         2079    i.TIM_DMAError      stm32h7xx_hal_tim.o
    0x0812ad48   0x0812ad48   0x000000a4   Code   RO         2086    i.TIM_OC1_SetConfig  stm32h7xx_hal_tim.o
    0x0812adec   0x0812adec   0x00000098   Code   RO         2087    i.TIM_OC2_SetConfig  stm32h7xx_hal_tim.o
    0x0812ae84   0x0812ae84   0x00000098   Code   RO         2088    i.TIM_OC3_SetConfig  stm32h7xx_hal_tim.o
    0x0812af1c   0x0812af1c   0x00000078   Code   RO         2089    i.TIM_OC4_SetConfig  stm32h7xx_hal_tim.o
    0x0812af94   0x0812af94   0x00000074   Code   RO         2090    i.TIM_OC5_SetConfig  stm32h7xx_hal_tim.o
    0x0812b008   0x0812b008   0x00000074   Code   RO         2091    i.TIM_OC6_SetConfig  stm32h7xx_hal_tim.o
    0x0812b07c   0x0812b07c   0x00000044   Code   RO         7224    i.UARTEx_SetNbDataToProcess  stm32h7xx_hal_uart_ex.o
    0x0812b0c0   0x0812b0c0   0x000000c8   Code   RO         6833    i.UART_AdvFeatureConfig  stm32h7xx_hal_uart.o
    0x0812b188   0x0812b188   0x000000aa   Code   RO         6834    i.UART_CheckIdleState  stm32h7xx_hal_uart.o
    0x0812b232   0x0812b232   0x00000010   Code   RO         6835    i.UART_DMAAbortOnError  stm32h7xx_hal_uart.o
    0x0812b242   0x0812b242   0x0000004e   Code   RO         6836    i.UART_DMAError     stm32h7xx_hal_uart.o
    0x0812b290   0x0812b290   0x00000082   Code   RO         6837    i.UART_DMAReceiveCplt  stm32h7xx_hal_uart.o
    0x0812b312   0x0812b312   0x00000020   Code   RO         6839    i.UART_DMARxHalfCplt  stm32h7xx_hal_uart.o
    0x0812b332   0x0812b332   0x00000040   Code   RO         6841    i.UART_DMATransmitCplt  stm32h7xx_hal_uart.o
    0x0812b372   0x0812b372   0x0000000a   Code   RO         6843    i.UART_DMATxHalfCplt  stm32h7xx_hal_uart.o
    0x0812b37c   0x0812b37c   0x00000054   Code   RO         6845    i.UART_EndRxTransfer  stm32h7xx_hal_uart.o
    0x0812b3d0   0x0812b3d0   0x0000002e   Code   RO         6846    i.UART_EndTxTransfer  stm32h7xx_hal_uart.o
    0x0812b3fe   0x0812b3fe   0x00000002   PAD
    0x0812b400   0x0812b400   0x000000c8   Code   RO         6847    i.UART_RxISR_16BIT  stm32h7xx_hal_uart.o
    0x0812b4c8   0x0812b4c8   0x000001a0   Code   RO         6848    i.UART_RxISR_16BIT_FIFOEN  stm32h7xx_hal_uart.o
    0x0812b668   0x0812b668   0x000000c8   Code   RO         6849    i.UART_RxISR_8BIT   stm32h7xx_hal_uart.o
    0x0812b730   0x0812b730   0x000001a0   Code   RO         6850    i.UART_RxISR_8BIT_FIFOEN  stm32h7xx_hal_uart.o
    0x0812b8d0   0x0812b8d0   0x000003ac   Code   RO         6851    i.UART_SetConfig    stm32h7xx_hal_uart.o
    0x0812bc7c   0x0812bc7c   0x000000a8   Code   RO         6852    i.UART_Start_Receive_DMA  stm32h7xx_hal_uart.o
    0x0812bd24   0x0812bd24   0x00000110   Code   RO         6853    i.UART_Start_Receive_IT  stm32h7xx_hal_uart.o
    0x0812be34   0x0812be34   0x00000094   Code   RO         6858    i.UART_WaitOnFlagUntilTimeout  stm32h7xx_hal_uart.o
    0x0812bec8   0x0812bec8   0x0000000c   Code   RO         1770    i.USART1_IRQHandler  stm32h7xx_it.o
    0x0812bed4   0x0812bed4   0x00000002   Code   RO         1771    i.UsageFault_Handler  stm32h7xx_it.o
    0x0812bed6   0x0812bed6   0x00000030   Code   RO         9720    i.__ARM_fpclassify  m_wv.l(fpclassify.o)
    0x0812bf06   0x0812bf06   0x00000022   Code   RO         4801    i.__NVIC_SetPriority  stm32h7xx_hal_cortex.o
    0x0812bf28   0x0812bf28   0x000000f0   Code   RO         9342    i.__hardfp_ceil     m_wv.l(ceil.o)
    0x0812c018   0x0812c018   0x00000268   Code   RO         9348    i.__hardfp_exp      m_wv.l(exp.o)
    0x0812c280   0x0812c280   0x00000062   Code   RO         9394    i.__hardfp_fmin     m_wv.l(fmin.o)
    0x0812c2e2   0x0812c2e2   0x00000006   PAD
    0x0812c2e8   0x0812c2e8   0x0000023c   Code   RO         9362    i.__hardfp_log      m_wv.l(log.o)
    0x0812c524   0x0812c524   0x00000004   PAD
    0x0812c528   0x0812c528   0x000008f8   Code   RO         9376    i.__hardfp_pow      m_wv.l(pow.o)
    0x0812ce20   0x0812ce20   0x000000a0   Code   RO         9390    i.__hardfp_round    m_wv.l(round.o)
    0x0812cec0   0x0812cec0   0x00000070   Code   RO         9722    i.__kernel_poly     m_wv.l(poly.o)
    0x0812cf30   0x0812cf30   0x00000020   Code   RO         9700    i.__mathlib_dbl_divzero  m_wv.l(dunder.o)
    0x0812cf50   0x0812cf50   0x00000006   Code   RO         9701    i.__mathlib_dbl_infnan  m_wv.l(dunder.o)
    0x0812cf56   0x0812cf56   0x00000006   Code   RO         9702    i.__mathlib_dbl_infnan2  m_wv.l(dunder.o)
    0x0812cf5c   0x0812cf5c   0x00000004   PAD
    0x0812cf60   0x0812cf60   0x00000018   Code   RO         9703    i.__mathlib_dbl_invalid  m_wv.l(dunder.o)
    0x0812cf78   0x0812cf78   0x00000018   Code   RO         9704    i.__mathlib_dbl_overflow  m_wv.l(dunder.o)
    0x0812cf90   0x0812cf90   0x00000018   Code   RO         9706    i.__mathlib_dbl_underflow  m_wv.l(dunder.o)
    0x0812cfa8   0x0812cfa8   0x0000000e   Code   RO         9796    i.__scatterload_copy  mc_w.l(handlers.o)
    0x0812cfb6   0x0812cfb6   0x00000002   Code   RO         9797    i.__scatterload_null  mc_w.l(handlers.o)
    0x0812cfb8   0x0812cfb8   0x0000000e   Code   RO         9798    i.__scatterload_zeroinit  mc_w.l(handlers.o)
    0x0812cfc6   0x0812cfc6   0x00000002   PAD
    0x0812cfc8   0x0812cfc8   0x0000000c   Code   RO         9764    i.__set_errno       mc_w.l(errno.o)
    0x0812cfd4   0x0812cfd4   0x0000004e   Code   RO          810    i.adc_write_data_to_buff  adc_filt.o
    0x0812d022   0x0812d022   0x00000002   PAD
    0x0812d024   0x0812d024   0x0000012c   Code   RO          929    i.bit_check         bit_ini.o
    0x0812d150   0x0812d150   0x00000160   Code   RO          930    i.bit_init          bit_ini.o
    0x0812d2b0   0x0812d2b0   0x00000038   Code   RO          811    i.bubble_sort       adc_filt.o
    0x0812d2e8   0x0812d2e8   0x000000cc   Code   RO          812    i.calculate_moving_average  adc_filt.o
    0x0812d3b4   0x0812d3b4   0x00000040   Code   RO         7447    i.calib_temp        max31865.o
    0x0812d3f4   0x0812d3f4   0x000007d0   Code   RO          265    i.exec_commands     pc_interface.o
    0x0812dbc4   0x0812dbc4   0x00000018   Code   RO         9716    i.fabs              m_wv.l(fabs.o)
    0x0812dbdc   0x0812dbdc   0x0000000e   Code   RO         1319    i.fdcan_send        fdcan.o
    0x0812dbea   0x0812dbea   0x00000002   PAD
    0x0812dbec   0x0812dbec   0x00000050   Code   RO         9672    i.free              mc_w.l(malloc.o)
    0x0812dc3c   0x0812dc3c   0x0000002c   Code   RO          610    i.get_TEC_MaxVol    tec_ctrl.o
    0x0812dc68   0x0812dc68   0x000001c0   Code   RO          266    i.get_all_measure_param  pc_interface.o
    0x0812de28   0x0812de28   0x00000084   Code   RO          267    i.get_all_set_param  pc_interface.o
    0x0812deac   0x0812deac   0x00000064   Code   RO          268    i.get_kb_param      pc_interface.o
    0x0812df10   0x0812df10   0x00000080   Code   RO          732    i.get_ld_curr       measure.o
    0x0812df90   0x0812df90   0x00000054   Code   RO          733    i.get_ld_vol        measure.o
    0x0812dfe4   0x0812dfe4   0x00000128   Code   RO          734    i.get_measure_param  measure.o
    0x0812e10c   0x0812e10c   0x00000018   Code   RO          735    i.get_out_PD        measure.o
    0x0812e124   0x0812e124   0x00000018   Code   RO          736    i.get_out_temp      measure.o
    0x0812e13c   0x0812e13c   0x00000080   Code   RO          269    i.get_pid_param     pc_interface.o
    0x0812e1bc   0x0812e1bc   0x00000038   Code   RO          270    i.get_pulse_param   pc_interface.o
    0x0812e1f4   0x0812e1f4   0x00000054   Code   RO          737    i.get_sys_curr      measure.o
    0x0812e248   0x0812e248   0x0000015c   Code   RO          738    i.get_sys_temp      measure.o
    0x0812e3a4   0x0812e3a4   0x0000004c   Code   RO          739    i.get_sys_vol       measure.o
    0x0812e3f0   0x0812e3f0   0x00000060   Code   RO          740    i.get_tec_curr      measure.o
    0x0812e450   0x0812e450   0x0000001c   Code   RO          271    i.get_tec_param     pc_interface.o
    0x0812e46c   0x0812e46c   0x0000000c   Code   RO          981    i.get_upgrade_status  upgrade.o
    0x0812e478   0x0812e478   0x00000008   Code   RO          813    i.init_buffer       adc_filt.o
    0x0812e480   0x0812e480   0x0000004a   Code   RO          814    i.init_buffer_with_external  adc_filt.o
    0x0812e4ca   0x0812e4ca   0x0000002e   Code   RO          815    i.init_buffer_with_params  adc_filt.o
    0x0812e4f8   0x0812e4f8   0x00000038   Code   RO          816    i.init_cbuffers     adc_filt.o
    0x0812e530   0x0812e530   0x000000d0   Code   RO         1063    i.main              main.o
    0x0812e600   0x0812e600   0x0000006c   Code   RO         9673    i.malloc            mc_w.l(malloc.o)
    0x0812e66c   0x0812e66c   0x0000001c   Code   RO         8699    i.osDelay           cmsis_os2.o
    0x0812e688   0x0812e688   0x00000024   Code   RO         8713    i.osKernelInitialize  cmsis_os2.o
    0x0812e6ac   0x0812e6ac   0x00000038   Code   RO         8716    i.osKernelStart     cmsis_os2.o
    0x0812e6e4   0x0812e6e4   0x00000068   Code   RO         8739    i.osMutexNew        cmsis_os2.o
    0x0812e74c   0x0812e74c   0x00000008   Code   RO         8747    i.osThreadExit      cmsis_os2.o
    0x0812e754   0x0812e754   0x00000090   Code   RO         8758    i.osThreadNew       cmsis_os2.o
    0x0812e7e4   0x0812e7e4   0x000000b4   Code   RO          272    i.pc_parse_and_execute_command2  pc_interface.o
    0x0812e898   0x0812e898   0x00000020   Code   RO          273    i.pc_send_ack       pc_interface.o
    0x0812e8b8   0x0812e8b8   0x0000009c   Code   RO          612    i.pid_adjust        tec_ctrl.o
    0x0812e954   0x0812e954   0x0000005c   Code   RO         8158    i.prvAddCurrentTaskToDelayedList  tasks.o
    0x0812e9b0   0x0812e9b0   0x000000d0   Code   RO         8159    i.prvAddNewTaskToReadyList  tasks.o
    0x0812ea80   0x0812ea80   0x00000058   Code   RO         8523    i.prvCheckForValidListAndQueue  timers.o
    0x0812ead8   0x0812ead8   0x00000026   Code   RO         7755    i.prvCopyDataFromQueue  queue.o
    0x0812eafe   0x0812eafe   0x0000006c   Code   RO         7756    i.prvCopyDataToQueue  queue.o
    0x0812eb6a   0x0812eb6a   0x00000034   Code   RO         8160    i.prvDeleteTCB      tasks.o
    0x0812eb9e   0x0812eb9e   0x00000002   PAD
    0x0812eba0   0x0812eba0   0x00000050   Code   RO         9210    i.prvHeapInit       heap_4.o
    0x0812ebf0   0x0812ebf0   0x00000060   Code   RO         8161    i.prvIdleTask       tasks.o
    0x0812ec50   0x0812ec50   0x00000016   Code   RO         7757    i.prvInitialiseMutex  queue.o
    0x0812ec66   0x0812ec66   0x00000002   PAD
    0x0812ec68   0x0812ec68   0x00000022   Code   RO         7758    i.prvInitialiseNewQueue  queue.o
    0x0812ec8a   0x0812ec8a   0x000000b0   Code   RO         8162    i.prvInitialiseNewTask  tasks.o
    0x0812ed3a   0x0812ed3a   0x00000002   PAD
    0x0812ed3c   0x0812ed3c   0x0000004c   Code   RO         9211    i.prvInsertBlockIntoFreeList  heap_4.o
    0x0812ed88   0x0812ed88   0x0000003c   Code   RO         8525    i.prvInsertTimerInActiveList  timers.o
    0x0812edc4   0x0812edc4   0x0000001c   Code   RO         7759    i.prvIsQueueEmpty   queue.o
    0x0812ede0   0x0812ede0   0x000000f8   Code   RO         8526    i.prvProcessReceivedCommands  timers.o
    0x0812eed8   0x0812eed8   0x000000c0   Code   RO         8527    i.prvProcessTimerOrBlockTask  timers.o
    0x0812ef98   0x0812ef98   0x00000020   Code   RO         8164    i.prvResetNextTaskUnblockTime  tasks.o
    0x0812efb8   0x0812efb8   0x00000028   Code   RO         8528    i.prvSampleTimeNow  timers.o
    0x0812efe0   0x0812efe0   0x0000006c   Code   RO         8529    i.prvSwitchTimerLists  timers.o
    0x0812f04c   0x0812f04c   0x00000028   Code   RO         9266    i.prvTaskExitError  port.o
    0x0812f074   0x0812f074   0x00000024   Code   RO         8530    i.prvTimerTask      timers.o
    0x0812f098   0x0812f098   0x0000006a   Code   RO         7760    i.prvUnlockQueue    queue.o
    0x0812f102   0x0812f102   0x00000002   PAD
    0x0812f104   0x0812f104   0x00000034   Code   RO         1514    i.pulse_ini         tim.o
    0x0812f138   0x0812f138   0x00000088   Code   RO         1515    i.pulse_reconfig    tim.o
    0x0812f1c0   0x0812f1c0   0x0000005c   Code   RO          691    i.pump_parse        pump.o
    0x0812f21c   0x0812f21c   0x0000002c   Code   RO          692    i.pump_setting      pump.o
    0x0812f248   0x0812f248   0x000000dc   Code   RO         9212    i.pvPortMalloc      heap_4.o
    0x0812f324   0x0812f324   0x00000030   Code   RO         9267    i.pxPortInitialiseStack  port.o
    0x0812f354   0x0812f354   0x00000020   Code   RO          459    i.readPara          eeprom.o
    0x0812f374   0x0812f374   0x00000030   Code   RO           22    i.read_cfg          flash.o
    0x0812f3a4   0x0812f3a4   0x0000000c   Code   RO           24    i.read_data_withoutcheck  flash.o
    0x0812f3b0   0x0812f3b0   0x00000020   Code   RO          460    i.saveBitInfo       eeprom.o
    0x0812f3d0   0x0812f3d0   0x00000020   Code   RO          461    i.savePara          eeprom.o
    0x0812f3f0   0x0812f3f0   0x0000001e   Code   RO          274    i.save_param        pc_interface.o
    0x0812f40e   0x0812f40e   0x00000002   PAD
    0x0812f410   0x0812f410   0x000000b8   Code   RO          275    i.set_LCM_param     pc_interface.o
    0x0812f4c8   0x0812f4c8   0x00000058   Code   RO          276    i.set_LD_HOC_param  pc_interface.o
    0x0812f520   0x0812f520   0x00000050   Code   RO          277    i.set_LD_Vol_param  pc_interface.o
    0x0812f570   0x0812f570   0x00000020   Code   RO          278    i.set_TRG_type      pc_interface.o
    0x0812f590   0x0812f590   0x00000010   Code   RO          279    i.set_Version       pc_interface.o
    0x0812f5a0   0x0812f5a0   0x00000044   Code   RO          280    i.set_kb_param      pc_interface.o
    0x0812f5e4   0x0812f5e4   0x0000005c   Code   RO          281    i.set_pid_param     pc_interface.o
    0x0812f640   0x0812f640   0x00000060   Code   RO          282    i.set_pulse_param   pc_interface.o
    0x0812f6a0   0x0812f6a0   0x00000020   Code   RO          283    i.set_pulse_type    pc_interface.o
    0x0812f6c0   0x0812f6c0   0x00000018   Code   RO          284    i.set_tec_param     pc_interface.o
    0x0812f6d8   0x0812f6d8   0x0000006a   Code   RO         9727    i.sqrt              m_wv.l(sqrt.o)
    0x0812f742   0x0812f742   0x0000003a   Code   RO          521    i.status_deley_check  ld_ctrl.o
    0x0812f77c   0x0812f77c   0x00000018   Code   RO          285    i.sum_crc           pc_interface.o
    0x0812f794   0x0812f794   0x0000005c   Code   RO          286    i.uart1_send        pc_interface.o
    0x0812f7f0   0x0812f7f0   0x000000d0   Code   RO          982    i.upgrade           upgrade.o
    0x0812f8c0   0x0812f8c0   0x0000002c   Code   RO          983    i.upgrade_ini       upgrade.o
    0x0812f8ec   0x0812f8ec   0x00000026   Code   RO         7715    i.uxListRemove      list.o
    0x0812f912   0x0812f912   0x00000002   PAD
    0x0812f914   0x0812f914   0x00000018   Code   RO         8770    i.vApplicationGetIdleTaskMemory  cmsis_os2.o
    0x0812f92c   0x0812f92c   0x00000018   Code   RO         8771    i.vApplicationGetTimerTaskMemory  cmsis_os2.o
    0x0812f944   0x0812f944   0x00000016   Code   RO         7716    i.vListInitialise   list.o
    0x0812f95a   0x0812f95a   0x00000006   Code   RO         7717    i.vListInitialiseItem  list.o
    0x0812f960   0x0812f960   0x00000030   Code   RO         7718    i.vListInsert       list.o
    0x0812f990   0x0812f990   0x00000018   Code   RO         7719    i.vListInsertEnd    list.o
    0x0812f9a8   0x0812f9a8   0x00000040   Code   RO         9269    i.vPortEnterCritical  port.o
    0x0812f9e8   0x0812f9e8   0x00000028   Code   RO         9270    i.vPortExitCritical  port.o
    0x0812fa10   0x0812fa10   0x00000064   Code   RO         9213    i.vPortFree         heap_4.o
    0x0812fa74   0x0812fa74   0x00000024   Code   RO         9271    i.vPortSetupTimerInterrupt  port.o
    0x0812fa98   0x0812fa98   0x00000054   Code   RO         9272    i.vPortValidateInterruptPriority  port.o
    0x0812faec   0x0812faec   0x00000028   Code   RO         7766    i.vQueueAddToRegistry  queue.o
    0x0812fb14   0x0812fb14   0x00000044   Code   RO         7770    i.vQueueWaitForMessageRestricted  queue.o
    0x0812fb58   0x0812fb58   0x0000004c   Code   RO         8177    i.vTaskDelay        tasks.o
    0x0812fba4   0x0812fba4   0x00000090   Code   RO         8179    i.vTaskDelete       tasks.o
    0x0812fc34   0x0812fc34   0x00000010   Code   RO         8182    i.vTaskInternalSetTimeOutState  tasks.o
    0x0812fc44   0x0812fc44   0x0000000c   Code   RO         8183    i.vTaskMissedYield  tasks.o
    0x0812fc50   0x0812fc50   0x00000030   Code   RO         8185    i.vTaskPlaceOnEventList  tasks.o
    0x0812fc80   0x0812fc80   0x00000038   Code   RO         8186    i.vTaskPlaceOnEventListRestricted  tasks.o
    0x0812fcb8   0x0812fcb8   0x00000088   Code   RO         8194    i.vTaskStartScheduler  tasks.o
    0x0812fd40   0x0812fd40   0x00000010   Code   RO         8196    i.vTaskSuspendAll   tasks.o
    0x0812fd50   0x0812fd50   0x00000064   Code   RO         8197    i.vTaskSwitchContext  tasks.o
    0x0812fdb4   0x0812fdb4   0x00000010   Code   RO           25    i.write_cfg         flash.o
    0x0812fdc4   0x0812fdc4   0x00000054   Code   RO         7521    i.x24Cxx_ReadNByte  at24cxx.o
    0x0812fe18   0x0812fe18   0x000000f4   Code   RO         9273    i.xPortStartScheduler  port.o
    0x0812ff0c   0x0812ff0c   0x0000002c   Code   RO         9274    i.xPortSysTickHandler  port.o
    0x0812ff38   0x0812ff38   0x00000016   Code   RO         7773    i.xQueueCreateMutex  queue.o
    0x0812ff4e   0x0812ff4e   0x0000001a   Code   RO         7774    i.xQueueCreateMutexStatic  queue.o
    0x0812ff68   0x0812ff68   0x00000042   Code   RO         7775    i.xQueueGenericCreate  queue.o
    0x0812ffaa   0x0812ffaa   0x00000066   Code   RO         7776    i.xQueueGenericCreateStatic  queue.o
    0x08130010   0x08130010   0x00000094   Code   RO         7777    i.xQueueGenericReset  queue.o
    0x081300a4   0x081300a4   0x00000160   Code   RO         7778    i.xQueueGenericSend  queue.o
    0x08130204   0x08130204   0x000000be   Code   RO         7779    i.xQueueGenericSendFromISR  queue.o
    0x081302c2   0x081302c2   0x00000002   PAD
    0x081302c4   0x081302c4   0x0000013c   Code   RO         7788    i.xQueueReceive     queue.o
    0x08130400   0x08130400   0x00000078   Code   RO         8199    i.xTaskCheckForTimeOut  tasks.o
    0x08130478   0x08130478   0x0000005a   Code   RO         8200    i.xTaskCreate       tasks.o
    0x081304d2   0x081304d2   0x00000056   Code   RO         8201    i.xTaskCreateStatic  tasks.o
    0x08130528   0x08130528   0x0000001c   Code   RO         8205    i.xTaskGetSchedulerState  tasks.o
    0x08130544   0x08130544   0x0000000c   Code   RO         8206    i.xTaskGetTickCount  tasks.o
    0x08130550   0x08130550   0x000000c8   Code   RO         8208    i.xTaskIncrementTick  tasks.o
    0x08130618   0x08130618   0x0000007c   Code   RO         8211    i.xTaskPriorityDisinherit  tasks.o
    0x08130694   0x08130694   0x00000070   Code   RO         8213    i.xTaskRemoveFromEventList  tasks.o
    0x08130704   0x08130704   0x000000c4   Code   RO         8214    i.xTaskResumeAll    tasks.o
    0x081307c8   0x081307c8   0x00000060   Code   RO         8539    i.xTimerCreateTimerTask  timers.o
    0x08130828   0x08130828   0x00000068   Code   RO         8540    i.xTimerGenericCommand  timers.o
    0x08130890   0x08130890   0x0000008c   Data   RO         1160    .constdata          freertos.o
    0x0813091c   0x0813091c   0x00000008   Data   RO         4090    .constdata          stm32h7xx_hal_dma.o
    0x08130924   0x08130924   0x0000005c   Data   RO         5943    .constdata          stm32h7xx_hal_fdcan.o
    0x08130980   0x08130980   0x00000018   Data   RO         6859    .constdata          stm32h7xx_hal_uart.o
    0x08130998   0x08130998   0x00000010   Data   RO         7225    .constdata          stm32h7xx_hal_uart_ex.o
    0x081309a8   0x081309a8   0x00000010   Data   RO         7331    .constdata          system_stm32h7xx.o
    0x081309b8   0x081309b8   0x00000058   Data   RO         9351    .constdata          m_wv.l(exp.o)
    0x08130a10   0x08130a10   0x00000038   Data   RO         9365    .constdata          m_wv.l(log.o)
    0x08130a48   0x08130a48   0x00000088   Data   RO         9379    .constdata          m_wv.l(pow.o)
    0x08130ad0   0x08130ad0   0x00000008   Data   RO         9724    .constdata          m_wv.l(qnan.o)
    0x08130ad8   0x08130ad8   0x0000003c   Data   RO         1161    .conststring        freertos.o
    0x08130b14   0x08130b14   0x00000020   Data   RO         9794    Region$$Table       anon$$obj.o


    Execution Region RW_IRAM1 (Exec base: 0x20000000, Load base: 0x08130b34, Size: 0x00000000, Max: 0x00020000, ABSOLUTE)

    **** No section assigned to this execution region ****


    Execution Region RW_IRAM2 (Exec base: 0x24000000, Load base: 0x08130b34, Size: 0x00006358, Max: 0x00080000, ABSOLUTE, COMPRESSED[0x00000040])

    Exec Addr    Load Addr    Size         Type   Attr      Idx    E Section Name        Object

    0x24000000   COMPRESSED   0x00000002   Data   RW           27    .data               flash.o
    0x24000002   COMPRESSED   0x00000004   Data   RW          290    .data               pc_interface.o
    0x24000006   COMPRESSED   0x00000002   PAD
    0x24000008   COMPRESSED   0x00000010   Data   RW          616    .data               tec_ctrl.o
    0x24000018   COMPRESSED   0x00000008   Data   RW          693    .data               pump.o
    0x24000020   COMPRESSED   0x00000004   Data   RW          694    .data               pump.o
    0x24000024   COMPRESSED   0x00000020   Data   RW         1028    .data               heat.o
    0x24000044   COMPRESSED   0x00000014   Data   RW         1068    .data               main.o
    0x24000058   COMPRESSED   0x00000003   Data   RW         1069    .data               main.o
    0x2400005b   COMPRESSED   0x00000004   Data   RW         1070    .data               main.o
    0x2400005f   COMPRESSED   0x00000001   PAD
    0x24000060   COMPRESSED   0x00000014   Data   RW         1162    .data               freertos.o
    0x24000074   COMPRESSED   0x00000004   Data   RW         1229    .data               adc.o
    0x24000078   COMPRESSED   0x00000030   Data   RW         1321    .data               fdcan.o
    0x240000a8   COMPRESSED   0x00000014   Data   RW         1517    .data               tim.o
    0x240000bc   COMPRESSED   0x00000001   Data   RW         1669    .data               usart.o
    0x240000bd   COMPRESSED   0x00000003   PAD
    0x240000c0   COMPRESSED   0x0000000c   Data   RW         4981    .data               stm32h7xx_hal.o
    0x240000cc   COMPRESSED   0x00000008   Data   RW         7332    .data               system_stm32h7xx.o
    0x240000d4   COMPRESSED   0x00000010   Data   RW         7448    .data               max31865.o
    0x240000e4   COMPRESSED   0x0000003c   Data   RW         8217    .data               tasks.o
    0x24000120   COMPRESSED   0x00000014   Data   RW         8548    .data               timers.o
    0x24000134   COMPRESSED   0x00000004   Data   RW         8773    .data               cmsis_os2.o
    0x24000138   COMPRESSED   0x00000020   Data   RW         9219    .data               heap_4.o
    0x24000158   COMPRESSED   0x0000000c   Data   RW         9275    .data               port.o
    0x24000164   COMPRESSED   0x00000004   Data   RW         9760    .data               mc_w.l(mvars.o)
    0x24000168   COMPRESSED   0x00000004   Data   RW         9761    .data               mc_w.l(mvars.o)
    0x2400016c   COMPRESSED   0x00000004   Data   RW         9765    .data               mc_w.l(errno.o)
    0x24000170        -       0x00000100   Zero   RW          287    .bss                pc_interface.o
    0x24000270        -       0x00000037   Zero   RW          523    .bss                ld_ctrl.o
    0x240002a7   COMPRESSED   0x00000001   PAD
    0x240002a8        -       0x0000004c   Zero   RW          614    .bss                tec_ctrl.o
    0x240002f4        -       0x000001e4   Zero   RW          817    .bss                adc_filt.o
    0x240004d8        -       0x0000000d   Zero   RW          984    .bss                upgrade.o
    0x240004e5   COMPRESSED   0x00000003   PAD
    0x240004e8        -       0x00000014   Zero   RW         1064    .bss                main.o
    0x240004fc        -       0x00000130   Zero   RW         1065    .bss                main.o
    0x2400062c        -       0x00000122   Zero   RW         1066    .bss                main.o
    0x2400074e        -       0x0000006d   Zero   RW         1067    .bss                main.o
    0x240007bb   COMPRESSED   0x00000001   PAD
    0x240007bc        -       0x00000374   Zero   RW         1228    .bss                adc.o
    0x24000b30        -       0x000000e3   Zero   RW         1320    .bss                fdcan.o
    0x24000c13   COMPRESSED   0x00000001   PAD
    0x24000c14        -       0x00000054   Zero   RW         1388    .bss                i2c.o
    0x24000c68        -       0x00000110   Zero   RW         1449    .bss                spi.o
    0x24000d78        -       0x000002e0   Zero   RW         1516    .bss                tim.o
    0x24001058        -       0x000003c4   Zero   RW         1667    .bss                usart.o
    0x2400141c        -       0x0000004c   Zero   RW         1941    .bss                stm32h7xx_hal_timebase_tim.o
    0x24001468        -       0x0000001c   Zero   RW         3731    .bss                stm32h7xx_hal_flash.o
    0x24001484        -       0x00000040   Zero   RW         7792    .bss                queue.o
    0x240014c4        -       0x000004c4   Zero   RW         8216    .bss                tasks.o
    0x24001988        -       0x00000118   Zero   RW         8547    .bss                timers.o
    0x24001aa0        -       0x000006b8   Zero   RW         8772    .bss                cmsis_os2.o
    0x24002158        -       0x00003c00   Zero   RW         9218    .bss                heap_4.o
    0x24005d58        -       0x00000200   Zero   RW            2    HEAP                startup_stm32h743xx.o
    0x24005f58        -       0x00000400   Zero   RW            1    STACK               startup_stm32h743xx.o



  Load Region LR$$.ARM.__AT_0x08100000 (Base: 0x08100000, Size: 0x00000000, Max: 0x00020000, ABSOLUTE)

    Execution Region ER$$.ARM.__AT_0x08100000 (Exec base: 0x08100000, Load base: 0x08100000, Size: 0x00020000, Max: 0x00020000, ABSOLUTE, UNINIT)

    Exec Addr    Load Addr    Size         Type   Attr      Idx    E Section Name        Object

    0x08100000        -       0x00020000   Zero   RW           26    .ARM.__AT_0x08100000  flash.o


==============================================================================

Image component sizes


      Code (inc. data)   RO Data    RW Data    ZI Data      Debug   Object Name

      1516        156          0          4        884       6077   adc.o
       522         14          0          0        484      13815   adc_filt.o
       634         22          0          0          0       6452   at24cxx.o
       916         54          0          0          0       3031   bit_ini.o
       450         22          0          4       1720      72727   cmsis_os2.o
       110         10          0          0          0       1779   dac8568.o
       156          4          0          0          0        986   dma.o
        96         16          0          0          0       1536   eeprom.o
         0          0          0          0          0      17996   event_groups.o
       366         24          0         48        227       5395   fdcan.o
       924        112          0          2     131072    1421296   flash.o
       310         50        200         20          0       4656   freertos.o
       380         20          0          0          0       1243   gpio.o
       476         24          0         32      15360       5007   heap_4.o
       152         30          0         32          0        811   heat.o
       220         24          0          0         84       1909   i2c.o
      1454        180          0          0         55       7761   ld_ctrl.o
       138          0          0          0          0       3702   list.o
       492         30          0         27        723       9085   main.o
       370         34          0         16          0       5508   max31865.o
      1160        262          0          0          0       6120   measure.o
      4062        256          0          4        256      33767   pc_interface.o
       790         84          0         12          0      11689   port.o
       136         12          0         12          0       2412   pump.o
      1666         22          0          0         64      20620   queue.o
       416         40          0          0        272       2698   spi.o
        44         12        664          0       1536        844   startup_stm32h743xx.o
       148         36          0         12          0      22841   stm32h7xx_hal.o
      3138        274          0          0          0      76663   stm32h7xx_hal_adc.o
       314         22          0          0          0      66144   stm32h7xx_hal_adc_ex.o
       350         28          0          0          0      41834   stm32h7xx_hal_cortex.o
      5994        246          8          0          0      12585   stm32h7xx_hal_dma.o
      2836         48         92          0          0      21442   stm32h7xx_hal_fdcan.o
       512         52          0          0         28      14818   stm32h7xx_hal_flash.o
       464         16          0          0          0       4397   stm32h7xx_hal_flash_ex.o
       600         50          0          0          0       3646   stm32h7xx_hal_gpio.o
      2086         48          0          0          0      14070   stm32h7xx_hal_i2c.o
       172          0          0          0          0       2103   stm32h7xx_hal_i2c_ex.o
        36          4          0          0          0        958   stm32h7xx_hal_msp.o
        84          6          0          0          0        793   stm32h7xx_hal_pwr_ex.o
      2558        110          0          0          0       7925   stm32h7xx_hal_rcc.o
      4776        174          0          0          0      10631   stm32h7xx_hal_rcc_ex.o
      2056         26          0          0          0       7400   stm32h7xx_hal_spi.o
      3506        328          0          0          0      21736   stm32h7xx_hal_tim.o
       330         40          0          0          0       4184   stm32h7xx_hal_tim_ex.o
       140         20          0          0         76       1619   stm32h7xx_hal_timebase_tim.o
      4842        220         24          0          0      42073   stm32h7xx_hal_uart.o
       364          6         16          0          0       6465   stm32h7xx_hal_uart_ex.o
       228         94          0          0          0      11415   stm32h7xx_it.o
         0          0          0          0          0        392   stream_buffer.o
       276         48         16          8          0       2033   system_stm32h7xx.o
      2228        176          0         60       1220      28022   tasks.o
      1278         82          0         16         76       8506   tec_ctrl.o
      2130        222          0         20        736      13340   tim.o
       972         84          0         20        280      32267   timers.o
       264         26          0          0         13       4327   upgrade.o
       872         96          0          1        964       6169   usart.o

    ----------------------------------------------------------------------
     61590       4096       1052        356     156136    2159720   Object Totals
         0          0         32          0          0          0   (incl. Generated)
        80          0          0          6          6          0   (incl. Padding)

    ----------------------------------------------------------------------

      Code (inc. data)   RO Data    RW Data    ZI Data      Debug   Library Member Name

       240         26          0          0          0        132   ceil.o
       116         60          0          0          0        696   dunder.o
       616        130         88          0          0        260   exp.o
        24          0          0          0          0        124   fabs.o
        98          0          0          0          0        164   fmin.o
        48          0          0          0          0        124   fpclassify.o
       572         92         56          0          0        312   log.o
       112          0          0          0          0        116   poly.o
      2296        304        136          0          0        320   pow.o
         0          0          8          0          0          0   qnan.o
       160         24          0          0          0        132   round.o
       106          0          0          0          0        140   sqrt.o
        86          0          0          0          0          0   __dczerorl2.o
         0          0          0          0          0          0   entry.o
         0          0          0          0          0          0   entry10a.o
         0          0          0          0          0          0   entry11a.o
         8          4          0          0          0          0   entry2.o
         4          0          0          0          0          0   entry5.o
         0          0          0          0          0          0   entry7b.o
         0          0          0          0          0          0   entry8b.o
         8          4          0          0          0          0   entry9a.o
        12          6          0          4          0         68   errno.o
        30          0          0          0          0          0   handlers.o
        36          8          0          0          0         68   init.o
         0          0          0          0          0          0   iusefp.o
        30          0          0          0          0         68   llshl.o
        32          0          0          0          0         68   llushr.o
       188         20          0          0          0        160   malloc.o
        36          0          0          0          0         68   memcpya.o
        36          0          0          0          0        108   memseta.o
         0          0          0          8          0          0   mvars.o
        98          0          0          0          0         92   uldiv.o
        96          0          0          0          0         80   dcmp4.o
       186          0          0          0          0        176   depilogue.o
       136          4          0          0          0         92   drnd.o
        46          0          0          0          0         80   dscalb.o

    ----------------------------------------------------------------------
      5474        686        288         12          0       3648   Library Totals
        18          4          0          0          0          0   (incl. Padding)

    ----------------------------------------------------------------------

      Code (inc. data)   RO Data    RW Data    ZI Data      Debug   Library Name

      4388        636        288          0          0       2520   m_wv.l
       604         42          0         12          0        700   mc_w.l
       464          4          0          0          0        428   mf_w.l

    ----------------------------------------------------------------------
      5474        686        288         12          0       3648   Library Totals

    ----------------------------------------------------------------------

==============================================================================


      Code (inc. data)   RO Data    RW Data    ZI Data      Debug   

     67064       4782       1340        368     156136    2119032   Grand Totals
     67064       4782       1340         64     156136    2119032   ELF Image Totals (compressed)
     67064       4782       1340         64          0          0   ROM Totals

==============================================================================

    Total RO  Size (Code + RO Data)                68404 (  66.80kB)
    Total RW  Size (RW Data + ZI Data)            156504 ( 152.84kB)
    Total ROM Size (Code + RO Data + RW Data)      68468 (  66.86kB)

==============================================================================

