<html>
<body>
<pre>
<h1>µVision Build Log</h1>
<h2>Tool Versions:</h2>
IDE-Version: ¦ÌVision V5.40.0.0
Copyright (C) 2024 ARM Ltd and ARM Germany GmbH. All rights reserved.
License Information: 1 IPASON, 1, LIC=HN0AE-58FY2-Y8EFK-ZW2JE-WJZCU-BS64D
 
Tool Versions:
Toolchain:       MDK-ARM Plus  Version: 5.40.0.3
Toolchain Path:  C:\Keil_v5\ARM\ARMCC\Bin
C Compiler:      Armcc.exe V5.06 update 6 (build 750)
Assembler:       Armasm.exe V5.06 update 6 (build 750)
Linker/Locator:  ArmLink.exe V5.06 update 6 (build 750)
Library Manager: ArmAr.exe V5.06 update 6 (build 750)
Hex Converter:   FromElf.exe V5.06 update 6 (build 750)
CPU DLL:         SARMCM3.DLL V5.40.0.3
Dialog DLL:      DCM.DLL V1.17.5.0
Target DLL:      CMSIS_AGDI.dll V1.33.18.0
Dialog DLL:      TCM.DLL V1.56.4.0
 
<h2>Project:</h2>
D:\WorkAndStudy\CubeMX\X_004\Code\BootLoader\MDK-ARM\BootLoader.uvprojx
Project File Date:  12/28/2025

<h2>Output:</h2>
*** Using Compiler 'V5.06 update 6 (build 750)', folder: 'C:\Keil_v5\ARM\ARMCC\Bin'
Build target 'BootLoader'
compiling upgrade.c...
../Core/Inc/upgrade.h(7): warning:  #1295-D: Deprecated declaration upgrade_ini - give arg types
  void upgrade_ini();
../Core/Inc/upgrade.h(8): warning:  #1295-D: Deprecated declaration upgrade_check - give arg types
  void upgrade_check();
../Core/Inc/upgrade.h(20): warning:  #1-D: last line of file ends without a newline
  uint8_t get_bootmode();
../Core/Inc/upgrade.h(20): warning:  #1295-D: Deprecated declaration get_bootmode - give arg types
  uint8_t get_bootmode();
../Core/Inc/usart.h(49): warning:  #1295-D: Deprecated declaration CheckUartReady - give arg types
  int CheckUartReady();
../Core/Inc/usart.h(50): warning:  #1295-D: Deprecated declaration Enable_UART1_Receive - give arg types
  void Enable_UART1_Receive();
../Core/Inc/usart.h(51): warning:  #1295-D: Deprecated declaration Disable_UART1_Receive - give arg types
  void Disable_UART1_Receive();
../Core/Inc/global_cfg.h(111): warning:  #1-D: last line of file ends without a newline
  // #endif
..\Core\Src\upgrade.c(49): warning:  #144-D: a value of type "uint8_t *" cannot be used to initialize an entity of type "upgrade_packet *"
      upgrade_packet *p = data;
..\Core\Src\upgrade.c(78): warning:  #223-D: function "FLASH_Write" declared implicitly
          rslt =  FLASH_Write(upgrade_ctl.cur_address, data + sizeof(upgrade_first_packet), update_len);
..\Core\Src\upgrade.c(79): warning:  #144-D: a value of type "uint8_t *" cannot be used to initialize an entity of type "upgrade_first_packet *"
          upgrade_first_packet *p1 = data;
..\Core\Src\upgrade.c(88): warning:  #223-D: function "FLASH_Write" declared implicitly
          rslt =  FLASH_Write(upgrade_ctl.cur_address, data + sizeof(upgrade_packet), update_len);
..\Core\Src\upgrade.c(70): warning:  #546-D: transfer of control bypasses initialization of:
            variable "rslt"  (declared at line 74)
          goto fail;
          ^
..\Core\Src\upgrade.c(196): warning:  #1-D: last line of file ends without a newline
  #endif
..\Core\Src\upgrade.c: 14 warnings, 0 errors
linking...
Program Size: Code=29556 RO-data=760 RW-data=64 ZI-data=133856  
FromELF: creating hex file...
After Build - User command #1: fromelf --bin --output "BootLoader\BootLoader.bin" "BootLoader\BootLoader.axf"
"BootLoader\BootLoader.axf" - 0 Error(s), 14 Warning(s).

<h2>Software Packages used:</h2>

Package Vendor: ARM
                https://www.keil.com/pack/ARM.CMSIS.6.1.0.pack
                ARM::CMSIS@6.1.0
                CMSIS (Common Microcontroller Software Interface Standard)
   * Component: CORE Version: 6.1.0

Package Vendor: Keil
                http://www.keil.com/pack/Keil.STM32H7xx_DFP.3.0.0.pack
                Keil::STM32H7xx_DFP@3.0.0
                STMicroelectronics STM32H7 Series Device Support and Examples

<h2>Collection of Component include folders:</h2>
  ./RTE/_BootLoader
  C:/Keil_v5/ARM/PACK/ARM/CMSIS/6.1.0/CMSIS/Core/Include
  C:/Keil_v5/ARM/PACK/Keil/STM32H7xx_DFP/3.0.0/Drivers/CMSIS/Device/ST/STM32H7xx/Include

<h2>Collection of Component Files used:</h2>

   * Component: ARM::CMSIS:CORE@6.1.0
Build Time Elapsed:  00:00:07
</pre>
</body>
</html>
