Component: ARM Compiler 5.06 update 6 (build 750) Tool: armlink [4d35ed]

==============================================================================

Section Cross References

    startup_stm32h743xx.o(RESET) refers to startup_stm32h743xx.o(STACK) for __initial_sp
    startup_stm32h743xx.o(RESET) refers to startup_stm32h743xx.o(.text) for Reset_Handler
    startup_stm32h743xx.o(RESET) refers to stm32h7xx_it.o(i.NMI_Handler) for NMI_Handler
    startup_stm32h743xx.o(RESET) refers to stm32h7xx_it.o(i.HardFault_Handler) for HardFault_Handler
    startup_stm32h743xx.o(RESET) refers to stm32h7xx_it.o(i.MemManage_Handler) for MemManage_Handler
    startup_stm32h743xx.o(RESET) refers to stm32h7xx_it.o(i.BusFault_Handler) for BusFault_Handler
    startup_stm32h743xx.o(RESET) refers to stm32h7xx_it.o(i.UsageFault_Handler) for UsageFault_Handler
    startup_stm32h743xx.o(RESET) refers to stm32h7xx_it.o(i.SVC_Handler) for SVC_Handler
    startup_stm32h743xx.o(RESET) refers to stm32h7xx_it.o(i.DebugMon_Handler) for DebugMon_Handler
    startup_stm32h743xx.o(RESET) refers to stm32h7xx_it.o(i.PendSV_Handler) for PendSV_Handler
    startup_stm32h743xx.o(RESET) refers to stm32h7xx_it.o(i.SysTick_Handler) for SysTick_Handler
    startup_stm32h743xx.o(RESET) refers to stm32h7xx_it.o(i.USART1_IRQHandler) for USART1_IRQHandler
    startup_stm32h743xx.o(RESET) refers to stm32h7xx_it.o(i.DMA2_Stream0_IRQHandler) for DMA2_Stream0_IRQHandler
    startup_stm32h743xx.o(RESET) refers to stm32h7xx_it.o(i.DMA2_Stream1_IRQHandler) for DMA2_Stream1_IRQHandler
    startup_stm32h743xx.o(.text) refers to system_stm32h7xx.o(i.ExitRun0Mode) for ExitRun0Mode
    startup_stm32h743xx.o(.text) refers to system_stm32h7xx.o(i.SystemInit) for SystemInit
    startup_stm32h743xx.o(.text) refers to entry.o(.ARM.Collect$$$$00000000) for __main
    flash.o(i.FLASH_Erase) refers to flash.o(i.GetSector) for GetSector
    flash.o(i.FLASH_Erase) refers to stm32h7xx_hal_flash_ex.o(i.HAL_FLASHEx_Erase) for HAL_FLASHEx_Erase
    flash.o(i.FLASH_Write) refers to stm32h7xx_hal_flash.o(i.HAL_FLASH_Unlock) for HAL_FLASH_Unlock
    flash.o(i.FLASH_Write) refers to flash.o(i.IsSectorStart) for IsSectorStart
    flash.o(i.FLASH_Write) refers to flash.o(i.FLASH_Erase) for FLASH_Erase
    flash.o(i.FLASH_Write) refers to stm32h7xx_hal_flash.o(i.HAL_FLASH_Lock) for HAL_FLASH_Lock
    flash.o(i.FLASH_Write) refers to memseta.o(.text) for __aeabi_memclr4
    flash.o(i.FLASH_Write) refers to fmin.o(i.__hardfp_fmin) for __hardfp_fmin
    flash.o(i.FLASH_Write) refers to memcpya.o(.text) for __aeabi_memcpy
    flash.o(i.FLASH_Write) refers to stm32h7xx_hal_flash.o(i.HAL_FLASH_Program) for HAL_FLASH_Program
    flash.o(i.Flash_Ini) refers to ceil.o(i.__hardfp_ceil) for __hardfp_ceil
    flash.o(i.Flash_Ini) refers to flash.o(.data) for .data
    flash.o(i.read_all_data) refers to flash.o(i.FLASH_ReadData) for FLASH_ReadData
    flash.o(i.read_cfg) refers to flash.o(i.Flash_Ini) for Flash_Ini
    flash.o(i.read_cfg) refers to flash.o(i.read_data_non_check_size) for read_data_non_check_size
    flash.o(i.read_cfg) refers to main.o(.data) for mem_cfg
    flash.o(i.read_cfg) refers to flash.o(.data) for .data
    flash.o(i.read_data) refers to flash.o(i.FLASH_ReadData) for FLASH_ReadData
    flash.o(i.read_data_non_check_size) refers to flash.o(i.FLASH_ReadData) for FLASH_ReadData
    flash.o(i.write_cfg) refers to memcpya.o(.text) for __aeabi_memcpy4
    flash.o(i.write_cfg) refers to flash.o(i.FLASH_Write) for FLASH_Write
    flash.o(i.write_cfg) refers to ceil.o(i.__hardfp_ceil) for __hardfp_ceil
    flash.o(i.write_cfg) refers to main.o(.data) for mem_cfg
    flash.o(i.write_cfg) refers to flash.o(.data) for .data
    jumpapp.o(i.Check_Jump_to_APP) refers to usart.o(i.info_printf) for info_printf
    jumpapp.o(i.Check_Jump_to_APP) refers to flash.o(i.write_cfg) for write_cfg
    jumpapp.o(i.Check_Jump_to_APP) refers to jumpapp.o(i.check_app) for check_app
    jumpapp.o(i.Check_Jump_to_APP) refers to iwdg.o(i.MX_IWDG1_Init) for MX_IWDG1_Init
    jumpapp.o(i.Check_Jump_to_APP) refers to jumpapp.o(i.Jump_to_APP) for Jump_to_APP
    jumpapp.o(i.Check_Jump_to_APP) refers to main.o(.data) for mem_cfg
    jumpapp.o(i.JumpToBootloader) refers to stm32h7xx_hal_rcc.o(i.HAL_RCC_DeInit) for HAL_RCC_DeInit
    jumpapp.o(i.JumpToBootloader) refers to stm32h7xx_hal.o(i.HAL_Delay) for HAL_Delay
    jumpapp.o(i.Jump_to_APP) refers to usart.o(i.info_printf) for info_printf
    jumpapp.o(i.Jump_to_APP) refers to stm32h7xx_hal.o(i.HAL_Delay) for HAL_Delay
    jumpapp.o(i.Jump_to_APP) refers to usart.o(i.HAL_UART_MspDeInit) for HAL_UART_MspDeInit
    jumpapp.o(i.Jump_to_APP) refers to crc.o(i.HAL_CRC_MspDeInit) for HAL_CRC_MspDeInit
    jumpapp.o(i.Jump_to_APP) refers to stm32h7xx_hal_rcc.o(i.HAL_RCC_DeInit) for HAL_RCC_DeInit
    jumpapp.o(i.Jump_to_APP) refers to usart.o(.bss) for huart1
    jumpapp.o(i.Jump_to_APP) refers to crc.o(.bss) for hcrc
[...]
    cdrcmple.s                               0x00000000   Number         0  cdrcmple.o ABSOLUTE
    dc.s                                     0x00000000   Number         0  dc.o ABSOLUTE
    handlers.s                               0x00000000   Number         0  handlers.o ABSOLUTE
    init.s                                   0x00000000   Number         0  init.o ABSOLUTE
    startup_stm32h743xx.s                    0x00000000   Number         0  startup_stm32h743xx.o ABSOLUTE
    RESET                                    0x08000000   Section      664  startup_stm32h743xx.o(RESET)
    .ARM.Collect$$$$00000000                 0x08000298   Section        0  entry.o(.ARM.Collect$$$$00000000)
    .ARM.Collect$$$$00000001                 0x08000298   Section        4  entry2.o(.ARM.Collect$$$$00000001)
    .ARM.Collect$$$$00000004                 0x0800029c   Section        4  entry5.o(.ARM.Collect$$$$00000004)
    .ARM.Collect$$$$00000008                 0x080002a0   Section        0  entry7b.o(.ARM.Collect$$$$00000008)
    .ARM.Collect$$$$0000000A                 0x080002a0   Section        0  entry8b.o(.ARM.Collect$$$$0000000A)
    .ARM.Collect$$$$0000000B                 0x080002a0   Section        8  entry9a.o(.ARM.Collect$$$$0000000B)
    .ARM.Collect$$$$0000000D                 0x080002a8   Section        0  entry10a.o(.ARM.Collect$$$$0000000D)
    .ARM.Collect$$$$0000000F                 0x080002a8   Section        0  entry11a.o(.ARM.Collect$$$$0000000F)
    .ARM.Collect$$$$00002712                 0x080002a8   Section        4  entry2.o(.ARM.Collect$$$$00002712)
    __lit__00000000                          0x080002a8   Data           4  entry2.o(.ARM.Collect$$$$00002712)
    .text                                    0x080002ac   Section       44  startup_stm32h743xx.o(.text)
    $v0                                      0x080002ac   Number         0  startup_stm32h743xx.o(.text)
    .text                                    0x080002d8   Section        0  uldiv.o(.text)
    .text                                    0x0800033a   Section        0  memcpya.o(.text)
    .text                                    0x0800035e   Section        0  memseta.o(.text)
    .text                                    0x08000382   Section        0  uidiv.o(.text)
    .text                                    0x080003ae   Section        0  llshl.o(.text)
    .text                                    0x080003cc   Section        0  llushr.o(.text)
    .text                                    0x080003ec   Section        0  iusefp.o(.text)
    .text                                    0x080003ec   Section        0  dadd.o(.text)
    .text                                    0x0800053a   Section        0  dmul.o(.text)
    .text                                    0x0800061e   Section        0  ddiv.o(.text)
    .text                                    0x080006fc   Section        0  dfixul.o(.text)
    .text                                    0x0800072c   Section       48  cdrcmple.o(.text)
    .text                                    0x0800075c   Section        0  dcmp4.o(.text)
    .text                                    0x080007bc   Section       36  init.o(.text)
    .text                                    0x080007e0   Section        0  llsshr.o(.text)
    .text                                    0x08000804   Section        0  depilogue.o(.text)
    i.BusFault_Handler                       0x080008be   Section        0  stm32h7xx_it.o(i.BusFault_Handler)
    i.CRC_Handle_16                          0x080008c0   Section        0  stm32h7xx_hal_crc.o(i.CRC_Handle_16)
    CRC_Handle_16                            0x080008c1   Thumb Code    48  stm32h7xx_hal_crc.o(i.CRC_Handle_16)
    i.CRC_Handle_8                           0x080008f0   Section        0  stm32h7xx_hal_crc.o(i.CRC_Handle_8)
    CRC_Handle_8                             0x080008f1   Thumb Code   102  stm32h7xx_hal_crc.o(i.CRC_Handle_8)
    i.CheckUartReady                         0x08000958   Section        0  usart.o(i.CheckUartReady)
    i.Check_Jump_to_APP                      0x08000988   Section        0  jumpapp.o(i.Check_Jump_to_APP)
    i.DMA2_Stream0_IRQHandler                0x08000b6c   Section        0  stm32h7xx_it.o(i.DMA2_Stream0_IRQHandler)
    i.DMA2_Stream1_IRQHandler                0x08000b78   Section        0  stm32h7xx_it.o(i.DMA2_Stream1_IRQHandler)
    i.DMA_CalcBaseAndBitshift                0x08000b84   Section        0  stm32h7xx_hal_dma.o(i.DMA_CalcBaseAndBitshift)
    DMA_CalcBaseAndBitshift                  0x08000b85   Thumb Code   168  stm32h7xx_hal_dma.o(i.DMA_CalcBaseAndBitshift)
    i.DMA_CalcDMAMUXChannelBaseAndMask       0x08000c38   Section        0  stm32h7xx_hal_dma.o(i.DMA_CalcDMAMUXChannelBaseAndMask)
    DMA_CalcDMAMUXChannelBaseAndMask         0x08000c39   Thumb Code   138  stm32h7xx_hal_dma.o(i.DMA_CalcDMAMUXChannelBaseAndMask)
    i.DMA_CalcDMAMUXRequestGenBaseAndMask    0x08000cd4   Section        0  stm32h7xx_hal_dma.o(i.DMA_CalcDMAMUXRequestGenBaseAndMask)
    DMA_CalcDMAMUXRequestGenBaseAndMask      0x08000cd5   Thumb Code   104  stm32h7xx_hal_dma.o(i.DMA_CalcDMAMUXRequestGenBaseAndMask)
    i.DMA_CheckFifoParam                     0x08000d48   Section        0  stm32h7xx_hal_dma.o(i.DMA_CheckFifoParam)
    DMA_CheckFifoParam                       0x08000d49   Thumb Code    84  stm32h7xx_hal_dma.o(i.DMA_CheckFifoParam)
    i.DMA_SetConfig                          0x08000d9c   Section        0  stm32h7xx_hal_dma.o(i.DMA_SetConfig)
    DMA_SetConfig                            0x08000d9d   Thumb Code   518  stm32h7xx_hal_dma.o(i.DMA_SetConfig)
    i.DebugMon_Handler                       0x08000fbc   Section        0  stm32h7xx_it.o(i.DebugMon_Handler)
    i.Enable_UART1_Receive                   0x08000fc0   Section        0  usart.o(i.Enable_UART1_Receive)
    i.Error_Handler                          0x08001074   Section        0  main.o(i.Error_Handler)
    i.ExitRun0Mode                           0x08001078   Section        0  system_stm32h7xx.o(i.ExitRun0Mode)
    i.FLASH_Erase                            0x08001094   Section        0  flash.o(i.FLASH_Erase)
    i.FLASH_Erase_Sector                     0x080010c4   Section        0  stm32h7xx_hal_flash_ex.o(i.FLASH_Erase_Sector)
    i.FLASH_MassErase                        0x08001104   Section        0  stm32h7xx_hal_flash_ex.o(i.FLASH_MassErase)
    FLASH_MassErase                          0x08001105   Thumb Code   120  stm32h7xx_hal_flash_ex.o(i.FLASH_MassErase)
    i.FLASH_ReadData                         0x08001180   Section        0  flash.o(i.FLASH_ReadData)
    i.FLASH_WaitForLastOperation             0x0800119c   Section        0  stm32h7xx_hal_flash.o(i.FLASH_WaitForLastOperation)
    i.FLASH_Write                            0x08001268   Section        0  flash.o(i.FLASH_Write)
    i.Flash_Ini                              0x08001314   Section        0  flash.o(i.Flash_Ini)
    i.GetSector                              0x08001388   Section        0  flash.o(i.GetSector)
    i.HAL_CRCEx_Polynomial_Set               0x08001460   Section        0  stm32h7xx_hal_crc_ex.o(i.HAL_CRCEx_Polynomial_Set)
    i.HAL_CRC_Accumulate                     0x080014b4   Section        0  stm32h7xx_hal_crc.o(i.HAL_CRC_Accumulate)
    i.HAL_CRC_Calculate                      0x080014f8   Section        0  stm32h7xx_hal_crc.o(i.HAL_CRC_Calculate)
    i.HAL_CRC_Init                           0x08001544   Section        0  stm32h7xx_hal_crc.o(i.HAL_CRC_Init)
    i.HAL_CRC_MspDeInit                      0x080015bc   Section        0  crc.o(i.HAL_CRC_MspDeInit)
    i.HAL_CRC_MspInit                        0x080015d8   Section        0  crc.o(i.HAL_CRC_MspInit)
    i.HAL_DMA_Abort                          0x08001600   Section        0  stm32h7xx_hal_dma.o(i.HAL_DMA_Abort)
    i.HAL_DMA_Abort_IT                       0x08001960   Section        0  stm32h7xx_hal_dma.o(i.HAL_DMA_Abort_IT)
    i.HAL_DMA_DeInit                         0x08001be4   Section        0  stm32h7xx_hal_dma.o(i.HAL_DMA_DeInit)
    i.HAL_DMA_GetError                       0x08001dcc   Section        0  stm32h7xx_hal_dma.o(i.HAL_DMA_GetError)
    i.HAL_DMA_GetState                       0x08001dd0   Section        0  stm32h7xx_hal_dma.o(i.HAL_DMA_GetState)
    i.HAL_DMA_IRQHandler                     0x08001dd8   Section        0  stm32h7xx_hal_dma.o(i.HAL_DMA_IRQHandler)
    i.HAL_DMA_Init                           0x080024c0   Section        0  stm32h7xx_hal_dma.o(i.HAL_DMA_Init)
    i.HAL_DMA_Start_IT                       0x08002884   Section        0  stm32h7xx_hal_dma.o(i.HAL_DMA_Start_IT)
    i.HAL_Delay                              0x08002b20   Section        0  stm32h7xx_hal.o(i.HAL_Delay)
    i.HAL_FLASHEx_Erase                      0x08002b44   Section        0  stm32h7xx_hal_flash_ex.o(i.HAL_FLASHEx_Erase)
    i.HAL_FLASH_Lock                         0x08002c58   Section        0  stm32h7xx_hal_flash.o(i.HAL_FLASH_Lock)
    i.HAL_FLASH_Program                      0x08002c88   Section        0  stm32h7xx_hal_flash.o(i.HAL_FLASH_Program)
    i.HAL_FLASH_Unlock                       0x08002d48   Section        0  stm32h7xx_hal_flash.o(i.HAL_FLASH_Unlock)
    i.HAL_GPIO_DeInit                        0x08002d8c   Section        0  stm32h7xx_hal_gpio.o(i.HAL_GPIO_DeInit)
    i.HAL_GPIO_Init                          0x08002efc   Section        0  stm32h7xx_hal_gpio.o(i.HAL_GPIO_Init)
    i.HAL_GetREVID                           0x08003128   Section        0  stm32h7xx_hal.o(i.HAL_GetREVID)
    i.HAL_GetTick                            0x08003134   Section        0  stm32h7xx_hal.o(i.HAL_GetTick)
    i.HAL_IWDG_Init                          0x08003140   Section        0  stm32h7xx_hal_iwdg.o(i.HAL_IWDG_Init)
    i.HAL_IncTick                            0x080031ac   Section        0  stm32h7xx_hal.o(i.HAL_IncTick)
    i.HAL_Init                               0x080031bc   Section        0  stm32h7xx_hal.o(i.HAL_Init)
    i.HAL_InitTick                           0x08003218   Section        0  stm32h7xx_hal.o(i.HAL_InitTick)
    i.HAL_MPU_ConfigRegion                   0x08003258   Section        0  stm32h7xx_hal_cortex.o(i.HAL_MPU_ConfigRegion)
    i.HAL_MPU_Disable                        0x080032b4   Section        0  stm32h7xx_hal_cortex.o(i.HAL_MPU_Disable)
    i.HAL_MPU_Enable                         0x080032d0   Section        0  stm32h7xx_hal_cortex.o(i.HAL_MPU_Enable)
    i.HAL_MspInit                            0x080032f4   Section        0  stm32h7xx_hal_msp.o(i.HAL_MspInit)
    i.HAL_NVIC_DisableIRQ                    0x08003310   Section        0  stm32h7xx_hal_cortex.o(i.HAL_NVIC_DisableIRQ)
    i.HAL_NVIC_EnableIRQ                     0x08003332   Section        0  stm32h7xx_hal_cortex.o(i.HAL_NVIC_EnableIRQ)
    i.HAL_NVIC_SetPriority                   0x0800334c   Section        0  stm32h7xx_hal_cortex.o(i.HAL_NVIC_SetPriority)
    i.HAL_NVIC_SetPriorityGrouping           0x0800338c   Section        0  stm32h7xx_hal_cortex.o(i.HAL_NVIC_SetPriorityGrouping)
    i.HAL_PWREx_ConfigSupply                 0x080033b0   Section        0  stm32h7xx_hal_pwr_ex.o(i.HAL_PWREx_ConfigSupply)
    i.HAL_RCCEx_GetD3PCLK1Freq               0x08003404   Section        0  stm32h7xx_hal_rcc_ex.o(i.HAL_RCCEx_GetD3PCLK1Freq)
    i.HAL_RCCEx_GetPLL2ClockFreq             0x08003428   Section        0  stm32h7xx_hal_rcc_ex.o(i.HAL_RCCEx_GetPLL2ClockFreq)
    i.HAL_RCCEx_GetPLL3ClockFreq             0x0800356c   Section        0  stm32h7xx_hal_rcc_ex.o(i.HAL_RCCEx_GetPLL3ClockFreq)
    i.HAL_RCCEx_PeriphCLKConfig              0x080036b0   Section        0  stm32h7xx_hal_rcc_ex.o(i.HAL_RCCEx_PeriphCLKConfig)
    i.HAL_RCC_ClockConfig                    0x0800405c   Section        0  stm32h7xx_hal_rcc.o(i.HAL_RCC_ClockConfig)
    i.HAL_RCC_DeInit                         0x080042b8   Section        0  stm32h7xx_hal_rcc.o(i.HAL_RCC_DeInit)
    i.HAL_RCC_GetHCLKFreq                    0x080044a8   Section        0  stm32h7xx_hal_rcc.o(i.HAL_RCC_GetHCLKFreq)
    i.HAL_RCC_GetPCLK1Freq                   0x080044ec   Section        0  stm32h7xx_hal_rcc.o(i.HAL_RCC_GetPCLK1Freq)
    i.HAL_RCC_GetPCLK2Freq                   0x08004510   Section        0  stm32h7xx_hal_rcc.o(i.HAL_RCC_GetPCLK2Freq)
    i.HAL_RCC_GetSysClockFreq                0x08004534   Section        0  stm32h7xx_hal_rcc.o(i.HAL_RCC_GetSysClockFreq)
    i.HAL_RCC_OscConfig                      0x0800466c   Section        0  stm32h7xx_hal_rcc.o(i.HAL_RCC_OscConfig)
    i.HAL_SYSTICK_Config                     0x08004bee   Section        0  stm32h7xx_hal_cortex.o(i.HAL_SYSTICK_Config)
    i.HAL_UARTEx_DisableFifoMode             0x08004c14   Section        0  stm32h7xx_hal_uart_ex.o(i.HAL_UARTEx_DisableFifoMode)
    i.HAL_UARTEx_ReceiveToIdle_DMA           0x08004c54   Section        0  stm32h7xx_hal_uart_ex.o(i.HAL_UARTEx_ReceiveToIdle_DMA)
    i.HAL_UARTEx_RxEventCallback             0x08004ca0   Section        0  usart.o(i.HAL_UARTEx_RxEventCallback)
    i.HAL_UARTEx_RxFifoFullCallback          0x08004cec   Section        0  stm32h7xx_hal_uart_ex.o(i.HAL_UARTEx_RxFifoFullCallback)
    i.HAL_UARTEx_SetRxFifoThreshold          0x08004cee   Section        0  stm32h7xx_hal_uart_ex.o(i.HAL_UARTEx_SetRxFifoThreshold)
    i.HAL_UARTEx_SetTxFifoThreshold          0x08004d3a   Section        0  stm32h7xx_hal_uart_ex.o(i.HAL_UARTEx_SetTxFifoThreshold)
    i.HAL_UARTEx_TxFifoEmptyCallback         0x08004d86   Section        0  stm32h7xx_hal_uart_ex.o(i.HAL_UARTEx_TxFifoEmptyCallback)
    i.HAL_UARTEx_WakeupCallback              0x08004d88   Section        0  stm32h7xx_hal_uart_ex.o(i.HAL_UARTEx_WakeupCallback)
    i.HAL_UART_AbortReceive                  0x08004d8c   Section        0  stm32h7xx_hal_uart.o(i.HAL_UART_AbortReceive)
    i.HAL_UART_ErrorCallback                 0x08004e38   Section        0  usart.o(i.HAL_UART_ErrorCallback)
    i.HAL_UART_IRQHandler                    0x08004e50   Section        0  stm32h7xx_hal_uart.o(i.HAL_UART_IRQHandler)
    i.HAL_UART_Init                          0x080051ec   Section        0  stm32h7xx_hal_uart.o(i.HAL_UART_Init)
    i.HAL_UART_MspDeInit                     0x08005258   Section        0  usart.o(i.HAL_UART_MspDeInit)
    i.HAL_UART_MspInit                       0x080052c4   Section        0  usart.o(i.HAL_UART_MspInit)
    i.HAL_UART_RxCpltCallback                0x08005420   Section        0  stm32h7xx_hal_uart.o(i.HAL_UART_RxCpltCallback)
    i.HAL_UART_RxHalfCpltCallback            0x08005422   Section        0  stm32h7xx_hal_uart.o(i.HAL_UART_RxHalfCpltCallback)
    i.HAL_UART_Transmit_DMA                  0x08005424   Section        0  stm32h7xx_hal_uart.o(i.HAL_UART_Transmit_DMA)
    i.HAL_UART_TxCpltCallback                0x080054b4   Section        0  stm32h7xx_hal_uart.o(i.HAL_UART_TxCpltCallback)
    i.HAL_UART_TxHalfCpltCallback            0x080054b6   Section        0  stm32h7xx_hal_uart.o(i.HAL_UART_TxHalfCpltCallback)
    i.HardFault_Handler                      0x080054b8   Section        0  stm32h7xx_it.o(i.HardFault_Handler)
    i.IsSectorStart                          0x080054ba   Section        0  flash.o(i.IsSectorStart)
    i.Jump_to_APP                            0x080054d4   Section        0  jumpapp.o(i.Jump_to_APP)
    i.MX_CRC_Init                            0x08005554   Section        0  crc.o(i.MX_CRC_Init)
    i.MX_DMA_Init                            0x08005584   Section        0  dma.o(i.MX_DMA_Init)
    i.MX_GPIO_Init                           0x080055c0   Section        0  gpio.o(i.MX_GPIO_Init)
    i.MX_IWDG1_Init                          0x080055fc   Section        0  iwdg.o(i.MX_IWDG1_Init)
    i.MX_USART1_UART_Init                    0x0800562c   Section        0  usart.o(i.MX_USART1_UART_Init)
    i.MX_USART2_UART_Init                    0x08005698   Section        0  usart.o(i.MX_USART2_UART_Init)
    i.MemManage_Handler                      0x08005700   Section        0  stm32h7xx_it.o(i.MemManage_Handler)
    i.NMI_Handler                            0x08005702   Section        0  stm32h7xx_it.o(i.NMI_Handler)
    i.PendSV_Handler                         0x08005704   Section        0  stm32h7xx_it.o(i.PendSV_Handler)
    i.RCCEx_PLL2_Config                      0x08005708   Section        0  stm32h7xx_hal_rcc_ex.o(i.RCCEx_PLL2_Config)
    RCCEx_PLL2_Config                        0x08005709   Thumb Code   284  stm32h7xx_hal_rcc_ex.o(i.RCCEx_PLL2_Config)
    i.RCCEx_PLL3_Config                      0x08005828   Section        0  stm32h7xx_hal_rcc_ex.o(i.RCCEx_PLL3_Config)
    RCCEx_PLL3_Config                        0x08005829   Thumb Code   284  stm32h7xx_hal_rcc_ex.o(i.RCCEx_PLL3_Config)
    i.SVC_Handler                            0x08005948   Section        0  stm32h7xx_it.o(i.SVC_Handler)
    i.SysTick_Handler                        0x0800594a   Section        0  stm32h7xx_it.o(i.SysTick_Handler)
    i.SystemClock_Config                     0x08005950   Section        0  main.o(i.SystemClock_Config)
    i.SystemInit                             0x080059fc   Section        0  system_stm32h7xx.o(i.SystemInit)
    i.UARTEx_SetNbDataToProcess              0x08005af4   Section        0  stm32h7xx_hal_uart_ex.o(i.UARTEx_SetNbDataToProcess)
    UARTEx_SetNbDataToProcess                0x08005af5   Thumb Code    62  stm32h7xx_hal_uart_ex.o(i.UARTEx_SetNbDataToProcess)
    i.UART_AdvFeatureConfig                  0x08005b38   Section        0  stm32h7xx_hal_uart.o(i.UART_AdvFeatureConfig)
    i.UART_CheckIdleState                    0x08005c00   Section        0  stm32h7xx_hal_uart.o(i.UART_CheckIdleState)
    i.UART_DMAAbortOnError                   0x08005caa   Section        0  stm32h7xx_hal_uart.o(i.UART_DMAAbortOnError)
    UART_DMAAbortOnError                     0x08005cab   Thumb Code    16  stm32h7xx_hal_uart.o(i.UART_DMAAbortOnError)
    i.UART_DMAError                          0x08005cba   Section        0  stm32h7xx_hal_uart.o(i.UART_DMAError)
    UART_DMAError                            0x08005cbb   Thumb Code    78  stm32h7xx_hal_uart.o(i.UART_DMAError)
    i.UART_DMAReceiveCplt                    0x08005d08   Section        0  stm32h7xx_hal_uart.o(i.UART_DMAReceiveCplt)
    UART_DMAReceiveCplt                      0x08005d09   Thumb Code   130  stm32h7xx_hal_uart.o(i.UART_DMAReceiveCplt)
    i.UART_DMARxHalfCplt                     0x08005d8a   Section        0  stm32h7xx_hal_uart.o(i.UART_DMARxHalfCplt)
    UART_DMARxHalfCplt                       0x08005d8b   Thumb Code    32  stm32h7xx_hal_uart.o(i.UART_DMARxHalfCplt)
    i.UART_DMATransmitCplt                   0x08005daa   Section        0  stm32h7xx_hal_uart.o(i.UART_DMATransmitCplt)
    UART_DMATransmitCplt                     0x08005dab   Thumb Code    64  stm32h7xx_hal_uart.o(i.UART_DMATransmitCplt)
    i.UART_DMATxHalfCplt                     0x08005dea   Section        0  stm32h7xx_hal_uart.o(i.UART_DMATxHalfCplt)
    UART_DMATxHalfCplt                       0x08005deb   Thumb Code    10  stm32h7xx_hal_uart.o(i.UART_DMATxHalfCplt)
    i.UART_EndRxTransfer                     0x08005df4   Section        0  stm32h7xx_hal_uart.o(i.UART_EndRxTransfer)
    UART_EndRxTransfer                       0x08005df5   Thumb Code    78  stm32h7xx_hal_uart.o(i.UART_EndRxTransfer)
    i.UART_EndTxTransfer                     0x08005e48   Section        0  stm32h7xx_hal_uart.o(i.UART_EndTxTransfer)
    UART_EndTxTransfer                       0x08005e49   Thumb Code    46  stm32h7xx_hal_uart.o(i.UART_EndTxTransfer)
    i.UART_SetConfig                         0x08005e78   Section        0  stm32h7xx_hal_uart.o(i.UART_SetConfig)
    i.UART_Start_Receive_DMA                 0x08006224   Section        0  stm32h7xx_hal_uart.o(i.UART_Start_Receive_DMA)
    i.UART_WaitOnFlagUntilTimeout            0x080062cc   Section        0  stm32h7xx_hal_uart.o(i.UART_WaitOnFlagUntilTimeout)
    i.USART1_IRQHandler                      0x08006360   Section        0  stm32h7xx_it.o(i.USART1_IRQHandler)
    i.UsageFault_Handler                     0x0800636c   Section        0  stm32h7xx_it.o(i.UsageFault_Handler)
    i.__0vsnprintf                           0x08006370   Section        0  printfa.o(i.__0vsnprintf)
    i.__NVIC_SetPriority                     0x0800639c   Section        0  stm32h7xx_hal_cortex.o(i.__NVIC_SetPriority)
    __NVIC_SetPriority                       0x0800639d   Thumb Code    34  stm32h7xx_hal_cortex.o(i.__NVIC_SetPriority)
    i.__hardfp_ceil                          0x080063c0   Section        0  ceil.o(i.__hardfp_ceil)
    i.__hardfp_fmin                          0x080064b0   Section        0  fmin.o(i.__hardfp_fmin)
    i.__scatterload_copy                     0x08006512   Section       14  handlers.o(i.__scatterload_copy)
    i.__scatterload_null                     0x08006520   Section        2  handlers.o(i.__scatterload_null)
    i.__scatterload_zeroinit                 0x08006522   Section       14  handlers.o(i.__scatterload_zeroinit)
    i._fp_digits                             0x08006530   Section        0  printfa.o(i._fp_digits)
    _fp_digits                               0x08006531   Thumb Code   366  printfa.o(i._fp_digits)
    i._printf_core                           0x080066b4   Section        0  printfa.o(i._printf_core)
    _printf_core                             0x080066b5   Thumb Code  1744  printfa.o(i._printf_core)
    i._printf_post_padding                   0x08006d90   Section        0  printfa.o(i._printf_post_padding)
    _printf_post_padding                     0x08006d91   Thumb Code    36  printfa.o(i._printf_post_padding)
    i._printf_pre_padding                    0x08006db4   Section        0  printfa.o(i._printf_pre_padding)
    _printf_pre_padding                      0x08006db5   Thumb Code    46  printfa.o(i._printf_pre_padding)
    i._snputc                                0x08006de2   Section        0  printfa.o(i._snputc)
    _snputc                                  0x08006de3   Thumb Code    22  printfa.o(i._snputc)
    i.ack_boot_mode                          0x08006df8   Section        0  pc_interface.o(i.ack_boot_mode)
    i.ack_upgrade_status                     0x08006e0e   Section        0  pc_interface.o(i.ack_upgrade_status)
    i.check_app                              0x08006e24   Section        0  jumpapp.o(i.check_app)
    i.crc_test_func                          0x08006ecc   Section        0  main.o(i.crc_test_func)
    i.exec_commands                          0x08006f1c   Section        0  pc_interface.o(i.exec_commands)
    i.get_bootmode                           0x08006f64   Section        0  upgrade.o(i.get_bootmode)
    i.get_upgrade_status                     0x08006f70   Section        0  upgrade.o(i.get_upgrade_status)
    i.info_printf                            0x08006f80   Section        0  usart.o(i.info_printf)
    i.main                                   0x08006fb0   Section        0  main.o(i.main)
    i.mem_cfg_init                           0x0800708c   Section        0  jumpapp.o(i.mem_cfg_init)
    i.mem_cfg_show                           0x080070d0   Section        0  jumpapp.o(i.mem_cfg_show)
    i.pc_parse_and_execute_command2          0x08007238   Section        0  pc_interface.o(i.pc_parse_and_execute_command2)
    i.pc_send_ack                            0x080072ec   Section        0  pc_interface.o(i.pc_send_ack)
    i.read_cfg                               0x0800730c   Section        0  flash.o(i.read_cfg)
    i.read_data_non_check_size               0x08007330   Section        0  flash.o(i.read_data_non_check_size)
    i.set_boot_bootmode                      0x08007350   Section        0  upgrade.o(i.set_boot_bootmode)
    i.sum_crc                                0x080073a0   Section        0  pc_interface.o(i.sum_crc)
    i.uart1_send                             0x080073b8   Section        0  pc_interface.o(i.uart1_send)
    i.upgrade                                0x08007414   Section        0  upgrade.o(i.upgrade)
    i.upgrade_ini                            0x08007588   Section        0  upgrade.o(i.upgrade_ini)
    i.write_cfg                              0x080075b0   Section        0  flash.o(i.write_cfg)
    .constdata                               0x0800760c   Section        8  stm32h7xx_hal_dma.o(.constdata)
    flagBitshiftOffset                       0x0800760c   Data           8  stm32h7xx_hal_dma.o(.constdata)
    .constdata                               0x08007614   Section       24  stm32h7xx_hal_uart.o(.constdata)
    .constdata                               0x0800762c   Section       16  stm32h7xx_hal_uart_ex.o(.constdata)
    numerator                                0x0800762c   Data           8  stm32h7xx_hal_uart_ex.o(.constdata)
    denominator                              0x08007634   Data           8  stm32h7xx_hal_uart_ex.o(.constdata)
    .constdata                               0x0800763c   Section       16  system_stm32h7xx.o(.constdata)
    .ARM.__AT_0x080E0000                     0x080e0000   Section    131072  flash.o(.ARM.__AT_0x080E0000)
    .data                                    0x24000000   Section        8  flash.o(.data)
    .data                                    0x24000008   Section        4  jumpapp.o(.data)
    .data                                    0x2400000c   Section       32  main.o(.data)
    .data                                    0x2400002c   Section       12  stm32h7xx_hal.o(.data)
    .data                                    0x24000038   Section        8  system_stm32h7xx.o(.data)
    .bss                                     0x24000040   Section      304  main.o(.bss)
    .bss                                     0x24000170   Section       36  crc.o(.bss)
    .bss                                     0x24000194   Section       16  iwdg.o(.bss)
    .bss                                     0x240001a4   Section     1092  usart.o(.bss)
    UartTxBuff                               0x240001a4   Data         128  usart.o(.bss)
    UartTxBuff                               0x24000224   Data         128  usart.o(.bss)
    .bss                                     0x240005e8   Section      256  pc_interface.o(.bss)
    UartTxBuff                               0x240005e8   Data         256  pc_interface.o(.bss)
    .bss                                     0x240006e8   Section       28  upgrade.o(.bss)
    .bss                                     0x24000704   Section       28  stm32h7xx_hal_flash.o(.bss)
    STACK                                    0x24000720   Section     1024  startup_stm32h743xx.o(STACK)

    Global Symbols

    Symbol Name                              Value     Ov Type        Size  Object(Section)

    BuildAttributes$$THM_ISAv4$E$P$D$K$B$S$7EM$VFPv5_D16$PE$PLD8$A:L22UL41UL21$X:L11$S22US41US21$IEEE1$IW$USESV6$~STKCKD$USESV7$~SHL$OTIME$ROPI$IEEEJ$EBA8$MICROLIB$REQ8$PRES8$EABIv2 0x00000000   Number         0  anon$$obj.o ABSOLUTE
    __ARM_use_no_argv                        0x00000000   Number         0  main.o ABSOLUTE
    __cpp_initialize__aeabi_                  - Undefined Weak Reference
    __cxa_finalize                            - Undefined Weak Reference
    __decompress                              - Undefined Weak Reference
    _clock_init                               - Undefined Weak Reference
    _microlib_exit                            - Undefined Weak Reference
    __Vectors_Size                           0x00000298   Number         0  startup_stm32h743xx.o ABSOLUTE
    __Vectors                                0x08000000   Data           4  startup_stm32h743xx.o(RESET)
    __Vectors_End                            0x08000298   Data           0  startup_stm32h743xx.o(RESET)
    __main                                   0x08000299   Thumb Code     0  entry.o(.ARM.Collect$$$$00000000)
    _main_stk                                0x08000299   Thumb Code     0  entry2.o(.ARM.Collect$$$$00000001)
    _main_scatterload                        0x0800029d   Thumb Code     0  entry5.o(.ARM.Collect$$$$00000004)
    __main_after_scatterload                 0x080002a1   Thumb Code     0  entry5.o(.ARM.Collect$$$$00000004)
    _main_clock                              0x080002a1   Thumb Code     0  entry7b.o(.ARM.Collect$$$$00000008)
    _main_cpp_init                           0x080002a1   Thumb Code     0  entry8b.o(.ARM.Collect$$$$0000000A)
    _main_init                               0x080002a1   Thumb Code     0  entry9a.o(.ARM.Collect$$$$0000000B)
    __rt_final_cpp                           0x080002a9   Thumb Code     0  entry10a.o(.ARM.Collect$$$$0000000D)
    __rt_final_exit                          0x080002a9   Thumb Code     0  entry11a.o(.ARM.Collect$$$$0000000F)
    Reset_Handler                            0x080002ad   Thumb Code    12  startup_stm32h743xx.o(.text)
    ADC3_IRQHandler                          0x080002cb   Thumb Code     0  startup_stm32h743xx.o(.text)
    ADC_IRQHandler                           0x080002cb   Thumb Code     0  startup_stm32h743xx.o(.text)
    BDMA_Channel0_IRQHandler                 0x080002cb   Thumb Code     0  startup_stm32h743xx.o(.text)
    BDMA_Channel1_IRQHandler                 0x080002cb   Thumb Code     0  startup_stm32h743xx.o(.text)
    BDMA_Channel2_IRQHandler                 0x080002cb   Thumb Code     0  startup_stm32h743xx.o(.text)
    BDMA_Channel3_IRQHandler                 0x080002cb   Thumb Code     0  startup_stm32h743xx.o(.text)
    BDMA_Channel4_IRQHandler                 0x080002cb   Thumb Code     0  startup_stm32h743xx.o(.text)
    BDMA_Channel5_IRQHandler                 0x080002cb   Thumb Code     0  startup_stm32h743xx.o(.text)
    BDMA_Channel6_IRQHandler                 0x080002cb   Thumb Code     0  startup_stm32h743xx.o(.text)
    BDMA_Channel7_IRQHandler                 0x080002cb   Thumb Code     0  startup_stm32h743xx.o(.text)
    CEC_IRQHandler                           0x080002cb   Thumb Code     0  startup_stm32h743xx.o(.text)
    COMP1_IRQHandler                         0x080002cb   Thumb Code     0  startup_stm32h743xx.o(.text)
    CRS_IRQHandler                           0x080002cb   Thumb Code     0  startup_stm32h743xx.o(.text)
    DCMI_IRQHandler                          0x080002cb   Thumb Code     0  startup_stm32h743xx.o(.text)
    DFSDM1_FLT0_IRQHandler                   0x080002cb   Thumb Code     0  startup_stm32h743xx.o(.text)
    DFSDM1_FLT1_IRQHandler                   0x080002cb   Thumb Code     0  startup_stm32h743xx.o(.text)
    DFSDM1_FLT2_IRQHandler                   0x080002cb   Thumb Code     0  startup_stm32h743xx.o(.text)
    DFSDM1_FLT3_IRQHandler                   0x080002cb   Thumb Code     0  startup_stm32h743xx.o(.text)
    DMA1_Stream0_IRQHandler                  0x080002cb   Thumb Code     0  startup_stm32h743xx.o(.text)
    DMA1_Stream1_IRQHandler                  0x080002cb   Thumb Code     0  startup_stm32h743xx.o(.text)
    DMA1_Stream2_IRQHandler                  0x080002cb   Thumb Code     0  startup_stm32h743xx.o(.text)
    DMA1_Stream3_IRQHandler                  0x080002cb   Thumb Code     0  startup_stm32h743xx.o(.text)
    DMA1_Stream4_IRQHandler                  0x080002cb   Thumb Code     0  startup_stm32h743xx.o(.text)
    DMA1_Stream5_IRQHandler                  0x080002cb   Thumb Code     0  startup_stm32h743xx.o(.text)
    DMA1_Stream6_IRQHandler                  0x080002cb   Thumb Code     0  startup_stm32h743xx.o(.text)
    DMA1_Stream7_IRQHandler                  0x080002cb   Thumb Code     0  startup_stm32h743xx.o(.text)
    DMA2D_IRQHandler                         0x080002cb   Thumb Code     0  startup_stm32h743xx.o(.text)
    DMA2_Stream2_IRQHandler                  0x080002cb   Thumb Code     0  startup_stm32h743xx.o(.text)
    DMA2_Stream3_IRQHandler                  0x080002cb   Thumb Code     0  startup_stm32h743xx.o(.text)
    DMA2_Stream4_IRQHandler                  0x080002cb   Thumb Code     0  startup_stm32h743xx.o(.text)
    DMA2_Stream5_IRQHandler                  0x080002cb   Thumb Code     0  startup_stm32h743xx.o(.text)
    DMA2_Stream6_IRQHandler                  0x080002cb   Thumb Code     0  startup_stm32h743xx.o(.text)
    DMA2_Stream7_IRQHandler                  0x080002cb   Thumb Code     0  startup_stm32h743xx.o(.text)
    DMAMUX1_OVR_IRQHandler                   0x080002cb   Thumb Code     0  startup_stm32h743xx.o(.text)
    DMAMUX2_OVR_IRQHandler                   0x080002cb   Thumb Code     0  startup_stm32h743xx.o(.text)
    ECC_IRQHandler                           0x080002cb   Thumb Code     0  startup_stm32h743xx.o(.text)
    ETH_IRQHandler                           0x080002cb   Thumb Code     0  startup_stm32h743xx.o(.text)
    ETH_WKUP_IRQHandler                      0x080002cb   Thumb Code     0  startup_stm32h743xx.o(.text)
    EXTI0_IRQHandler                         0x080002cb   Thumb Code     0  startup_stm32h743xx.o(.text)
    EXTI15_10_IRQHandler                     0x080002cb   Thumb Code     0  startup_stm32h743xx.o(.text)
    EXTI1_IRQHandler                         0x080002cb   Thumb Code     0  startup_stm32h743xx.o(.text)
    EXTI2_IRQHandler                         0x080002cb   Thumb Code     0  startup_stm32h743xx.o(.text)
    EXTI3_IRQHandler                         0x080002cb   Thumb Code     0  startup_stm32h743xx.o(.text)
    EXTI4_IRQHandler                         0x080002cb   Thumb Code     0  startup_stm32h743xx.o(.text)
    EXTI9_5_IRQHandler                       0x080002cb   Thumb Code     0  startup_stm32h743xx.o(.text)
    FDCAN1_IT0_IRQHandler                    0x080002cb   Thumb Code     0  startup_stm32h743xx.o(.text)
    FDCAN1_IT1_IRQHandler                    0x080002cb   Thumb Code     0  startup_stm32h743xx.o(.text)
    FDCAN2_IT0_IRQHandler                    0x080002cb   Thumb Code     0  startup_stm32h743xx.o(.text)
    FDCAN2_IT1_IRQHandler                    0x080002cb   Thumb Code     0  startup_stm32h743xx.o(.text)
    FDCAN_CAL_IRQHandler                     0x080002cb   Thumb Code     0  startup_stm32h743xx.o(.text)
    FLASH_IRQHandler                         0x080002cb   Thumb Code     0  startup_stm32h743xx.o(.text)
    FMC_IRQHandler                           0x080002cb   Thumb Code     0  startup_stm32h743xx.o(.text)
    FPU_IRQHandler                           0x080002cb   Thumb Code     0  startup_stm32h743xx.o(.text)
    HRTIM1_FLT_IRQHandler                    0x080002cb   Thumb Code     0  startup_stm32h743xx.o(.text)
    HRTIM1_Master_IRQHandler                 0x080002cb   Thumb Code     0  startup_stm32h743xx.o(.text)
    HRTIM1_TIMA_IRQHandler                   0x080002cb   Thumb Code     0  startup_stm32h743xx.o(.text)
    HRTIM1_TIMB_IRQHandler                   0x080002cb   Thumb Code     0  startup_stm32h743xx.o(.text)
    HRTIM1_TIMC_IRQHandler                   0x080002cb   Thumb Code     0  startup_stm32h743xx.o(.text)
    HRTIM1_TIMD_IRQHandler                   0x080002cb   Thumb Code     0  startup_stm32h743xx.o(.text)
    HRTIM1_TIME_IRQHandler                   0x080002cb   Thumb Code     0  startup_stm32h743xx.o(.text)
    HSEM1_IRQHandler                         0x080002cb   Thumb Code     0  startup_stm32h743xx.o(.text)
    I2C1_ER_IRQHandler                       0x080002cb   Thumb Code     0  startup_stm32h743xx.o(.text)
    I2C1_EV_IRQHandler                       0x080002cb   Thumb Code     0  startup_stm32h743xx.o(.text)
    I2C2_ER_IRQHandler                       0x080002cb   Thumb Code     0  startup_stm32h743xx.o(.text)
    I2C2_EV_IRQHandler                       0x080002cb   Thumb Code     0  startup_stm32h743xx.o(.text)
    I2C3_ER_IRQHandler                       0x080002cb   Thumb Code     0  startup_stm32h743xx.o(.text)
    I2C3_EV_IRQHandler                       0x080002cb   Thumb Code     0  startup_stm32h743xx.o(.text)
    I2C4_ER_IRQHandler                       0x080002cb   Thumb Code     0  startup_stm32h743xx.o(.text)
    I2C4_EV_IRQHandler                       0x080002cb   Thumb Code     0  startup_stm32h743xx.o(.text)
    JPEG_IRQHandler                          0x080002cb   Thumb Code     0  startup_stm32h743xx.o(.text)
    LPTIM1_IRQHandler                        0x080002cb   Thumb Code     0  startup_stm32h743xx.o(.text)
    LPTIM2_IRQHandler                        0x080002cb   Thumb Code     0  startup_stm32h743xx.o(.text)
    LPTIM3_IRQHandler                        0x080002cb   Thumb Code     0  startup_stm32h743xx.o(.text)
    LPTIM4_IRQHandler                        0x080002cb   Thumb Code     0  startup_stm32h743xx.o(.text)
    LPTIM5_IRQHandler                        0x080002cb   Thumb Code     0  startup_stm32h743xx.o(.text)
    LPUART1_IRQHandler                       0x080002cb   Thumb Code     0  startup_stm32h743xx.o(.text)
    LTDC_ER_IRQHandler                       0x080002cb   Thumb Code     0  startup_stm32h743xx.o(.text)
    LTDC_IRQHandler                          0x080002cb   Thumb Code     0  startup_stm32h743xx.o(.text)
    MDIOS_IRQHandler                         0x080002cb   Thumb Code     0  startup_stm32h743xx.o(.text)
    MDIOS_WKUP_IRQHandler                    0x080002cb   Thumb Code     0  startup_stm32h743xx.o(.text)
    MDMA_IRQHandler                          0x080002cb   Thumb Code     0  startup_stm32h743xx.o(.text)
    OTG_FS_EP1_IN_IRQHandler                 0x080002cb   Thumb Code     0  startup_stm32h743xx.o(.text)
    OTG_FS_EP1_OUT_IRQHandler                0x080002cb   Thumb Code     0  startup_stm32h743xx.o(.text)
    OTG_FS_IRQHandler                        0x080002cb   Thumb Code     0  startup_stm32h743xx.o(.text)
    OTG_FS_WKUP_IRQHandler                   0x080002cb   Thumb Code     0  startup_stm32h743xx.o(.text)
    OTG_HS_EP1_IN_IRQHandler                 0x080002cb   Thumb Code     0  startup_stm32h743xx.o(.text)
    OTG_HS_EP1_OUT_IRQHandler                0x080002cb   Thumb Code     0  startup_stm32h743xx.o(.text)
    OTG_HS_IRQHandler                        0x080002cb   Thumb Code     0  startup_stm32h743xx.o(.text)
    OTG_HS_WKUP_IRQHandler                   0x080002cb   Thumb Code     0  startup_stm32h743xx.o(.text)
    PVD_AVD_IRQHandler                       0x080002cb   Thumb Code     0  startup_stm32h743xx.o(.text)
    QUADSPI_IRQHandler                       0x080002cb   Thumb Code     0  startup_stm32h743xx.o(.text)
    RCC_IRQHandler                           0x080002cb   Thumb Code     0  startup_stm32h743xx.o(.text)
    RNG_IRQHandler                           0x080002cb   Thumb Code     0  startup_stm32h743xx.o(.text)
    RTC_Alarm_IRQHandler                     0x080002cb   Thumb Code     0  startup_stm32h743xx.o(.text)
    RTC_WKUP_IRQHandler                      0x080002cb   Thumb Code     0  startup_stm32h743xx.o(.text)
    SAI1_IRQHandler                          0x080002cb   Thumb Code     0  startup_stm32h743xx.o(.text)
    SAI2_IRQHandler                          0x080002cb   Thumb Code     0  startup_stm32h743xx.o(.text)
    SAI3_IRQHandler                          0x080002cb   Thumb Code     0  startup_stm32h743xx.o(.text)
    SAI4_IRQHandler                          0x080002cb   Thumb Code     0  startup_stm32h743xx.o(.text)
    SDMMC1_IRQHandler                        0x080002cb   Thumb Code     0  startup_stm32h743xx.o(.text)
    SDMMC2_IRQHandler                        0x080002cb   Thumb Code     0  startup_stm32h743xx.o(.text)
    SPDIF_RX_IRQHandler                      0x080002cb   Thumb Code     0  startup_stm32h743xx.o(.text)
    SPI1_IRQHandler                          0x080002cb   Thumb Code     0  startup_stm32h743xx.o(.text)
    SPI2_IRQHandler                          0x080002cb   Thumb Code     0  startup_stm32h743xx.o(.text)
    SPI3_IRQHandler                          0x080002cb   Thumb Code     0  startup_stm32h743xx.o(.text)
    SPI4_IRQHandler                          0x080002cb   Thumb Code     0  startup_stm32h743xx.o(.text)
    SPI5_IRQHandler                          0x080002cb   Thumb Code     0  startup_stm32h743xx.o(.text)
    SPI6_IRQHandler                          0x080002cb   Thumb Code     0  startup_stm32h743xx.o(.text)
    SWPMI1_IRQHandler                        0x080002cb   Thumb Code     0  startup_stm32h743xx.o(.text)
    TAMP_STAMP_IRQHandler                    0x080002cb   Thumb Code     0  startup_stm32h743xx.o(.text)
    TIM15_IRQHandler                         0x080002cb   Thumb Code     0  startup_stm32h743xx.o(.text)
    TIM16_IRQHandler                         0x080002cb   Thumb Code     0  startup_stm32h743xx.o(.text)
    TIM17_IRQHandler                         0x080002cb   Thumb Code     0  startup_stm32h743xx.o(.text)
    TIM1_BRK_IRQHandler                      0x080002cb   Thumb Code     0  startup_stm32h743xx.o(.text)
    TIM1_CC_IRQHandler                       0x080002cb   Thumb Code     0  startup_stm32h743xx.o(.text)
    TIM1_TRG_COM_IRQHandler                  0x080002cb   Thumb Code     0  startup_stm32h743xx.o(.text)
    TIM1_UP_IRQHandler                       0x080002cb   Thumb Code     0  startup_stm32h743xx.o(.text)
    TIM2_IRQHandler                          0x080002cb   Thumb Code     0  startup_stm32h743xx.o(.text)
    TIM3_IRQHandler                          0x080002cb   Thumb Code     0  startup_stm32h743xx.o(.text)
    TIM4_IRQHandler                          0x080002cb   Thumb Code     0  startup_stm32h743xx.o(.text)
    TIM5_IRQHandler                          0x080002cb   Thumb Code     0  startup_stm32h743xx.o(.text)
    TIM6_DAC_IRQHandler                      0x080002cb   Thumb Code     0  startup_stm32h743xx.o(.text)
    TIM7_IRQHandler                          0x080002cb   Thumb Code     0  startup_stm32h743xx.o(.text)
    TIM8_BRK_TIM12_IRQHandler                0x080002cb   Thumb Code     0  startup_stm32h743xx.o(.text)
    TIM8_CC_IRQHandler                       0x080002cb   Thumb Code     0  startup_stm32h743xx.o(.text)
    TIM8_TRG_COM_TIM14_IRQHandler            0x080002cb   Thumb Code     0  startup_stm32h743xx.o(.text)
    TIM8_UP_TIM13_IRQHandler                 0x080002cb   Thumb Code     0  startup_stm32h743xx.o(.text)
    UART4_IRQHandler                         0x080002cb   Thumb Code     0  startup_stm32h743xx.o(.text)
    UART5_IRQHandler                         0x080002cb   Thumb Code     0  startup_stm32h743xx.o(.text)
    UART7_IRQHandler                         0x080002cb   Thumb Code     0  startup_stm32h743xx.o(.text)
    UART8_IRQHandler                         0x080002cb   Thumb Code     0  startup_stm32h743xx.o(.text)
    USART2_IRQHandler                        0x080002cb   Thumb Code     0  startup_stm32h743xx.o(.text)
    USART3_IRQHandler                        0x080002cb   Thumb Code     0  startup_stm32h743xx.o(.text)
    USART6_IRQHandler                        0x080002cb   Thumb Code     0  startup_stm32h743xx.o(.text)
    WAKEUP_PIN_IRQHandler                    0x080002cb   Thumb Code     0  startup_stm32h743xx.o(.text)
    WWDG_IRQHandler                          0x080002cb   Thumb Code     0  startup_stm32h743xx.o(.text)
    __aeabi_uldivmod                         0x080002d9   Thumb Code    98  uldiv.o(.text)
    __aeabi_memcpy                           0x0800033b   Thumb Code    36  memcpya.o(.text)
    __aeabi_memcpy4                          0x0800033b   Thumb Code     0  memcpya.o(.text)
    __aeabi_memcpy8                          0x0800033b   Thumb Code     0  memcpya.o(.text)
    __aeabi_memset                           0x0800035f   Thumb Code    14  memseta.o(.text)
    __aeabi_memset4                          0x0800035f   Thumb Code     0  memseta.o(.text)
    __aeabi_memset8                          0x0800035f   Thumb Code     0  memseta.o(.text)
    __aeabi_memclr                           0x0800036d   Thumb Code     4  memseta.o(.text)
    __aeabi_memclr4                          0x0800036d   Thumb Code     0  memseta.o(.text)
    __aeabi_memclr8                          0x0800036d   Thumb Code     0  memseta.o(.text)
    _memset$wrapper                          0x08000371   Thumb Code    18  memseta.o(.text)
    __aeabi_uidiv                            0x08000383   Thumb Code     0  uidiv.o(.text)
    __aeabi_uidivmod                         0x08000383   Thumb Code    44  uidiv.o(.text)
    __aeabi_llsl                             0x080003af   Thumb Code    30  llshl.o(.text)
    _ll_shift_l                              0x080003af   Thumb Code     0  llshl.o(.text)
    __aeabi_llsr                             0x080003cd   Thumb Code    32  llushr.o(.text)
    _ll_ushift_r                             0x080003cd   Thumb Code     0  llushr.o(.text)
    __I$use$fp                               0x080003ed   Thumb Code     0  iusefp.o(.text)
    __aeabi_dadd                             0x080003ed   Thumb Code   322  dadd.o(.text)
    __aeabi_dsub                             0x0800052f   Thumb Code     6  dadd.o(.text)
    __aeabi_drsub                            0x08000535   Thumb Code     6  dadd.o(.text)
    __aeabi_dmul                             0x0800053b   Thumb Code   228  dmul.o(.text)
    __aeabi_ddiv                             0x0800061f   Thumb Code   222  ddiv.o(.text)
    __aeabi_d2ulz                            0x080006fd   Thumb Code    48  dfixul.o(.text)
    __aeabi_cdrcmple                         0x0800072d   Thumb Code    48  cdrcmple.o(.text)
    __ARM_dcmp4                              0x0800075d   Thumb Code    96  dcmp4.o(.text)
    _dcmp4                                   0x0800075d   Thumb Code     0  dcmp4.o(.text)
    __scatterload                            0x080007bd   Thumb Code    28  init.o(.text)
    __scatterload_rt2                        0x080007bd   Thumb Code     0  init.o(.text)
    __aeabi_lasr                             0x080007e1   Thumb Code    36  llsshr.o(.text)
    _ll_sshift_r                             0x080007e1   Thumb Code     0  llsshr.o(.text)
    _double_round                            0x08000805   Thumb Code    30  depilogue.o(.text)
    _double_epilogue                         0x08000823   Thumb Code   156  depilogue.o(.text)
    BusFault_Handler                         0x080008bf   Thumb Code     2  stm32h7xx_it.o(i.BusFault_Handler)
    CheckUartReady                           0x08000959   Thumb Code    42  usart.o(i.CheckUartReady)
    Check_Jump_to_APP                        0x08000989   Thumb Code   138  jumpapp.o(i.Check_Jump_to_APP)
    DMA2_Stream0_IRQHandler                  0x08000b6d   Thumb Code     6  stm32h7xx_it.o(i.DMA2_Stream0_IRQHandler)
    DMA2_Stream1_IRQHandler                  0x08000b79   Thumb Code     6  stm32h7xx_it.o(i.DMA2_Stream1_IRQHandler)
    DebugMon_Handler                         0x08000fbd   Thumb Code     2  stm32h7xx_it.o(i.DebugMon_Handler)
    Enable_UART1_Receive                     0x08000fc1   Thumb Code   162  usart.o(i.Enable_UART1_Receive)
    Error_Handler                            0x08001075   Thumb Code     4  main.o(i.Error_Handler)
    ExitRun0Mode                             0x08001079   Thumb Code    22  system_stm32h7xx.o(i.ExitRun0Mode)
    FLASH_Erase                              0x08001095   Thumb Code    46  flash.o(i.FLASH_Erase)
    FLASH_Erase_Sector                       0x080010c5   Thumb Code    60  stm32h7xx_hal_flash_ex.o(i.FLASH_Erase_Sector)
    FLASH_ReadData                           0x08001181   Thumb Code    28  flash.o(i.FLASH_ReadData)
    FLASH_WaitForLastOperation               0x0800119d   Thumb Code   178  stm32h7xx_hal_flash.o(i.FLASH_WaitForLastOperation)
    FLASH_Write                              0x08001269   Thumb Code   162  flash.o(i.FLASH_Write)
    Flash_Ini                                0x08001315   Thumb Code   104  flash.o(i.Flash_Ini)
    GetSector                                0x08001389   Thumb Code   158  flash.o(i.GetSector)
    HAL_CRCEx_Polynomial_Set                 0x08001461   Thumb Code    84  stm32h7xx_hal_crc_ex.o(i.HAL_CRCEx_Polynomial_Set)
    HAL_CRC_Accumulate                       0x080014b5   Thumb Code    68  stm32h7xx_hal_crc.o(i.HAL_CRC_Accumulate)
    HAL_CRC_Calculate                        0x080014f9   Thumb Code    76  stm32h7xx_hal_crc.o(i.HAL_CRC_Calculate)
    HAL_CRC_Init                             0x08001545   Thumb Code   114  stm32h7xx_hal_crc.o(i.HAL_CRC_Init)
    HAL_CRC_MspDeInit                        0x080015bd   Thumb Code    20  crc.o(i.HAL_CRC_MspDeInit)
    HAL_CRC_MspInit                          0x080015d9   Thumb Code    30  crc.o(i.HAL_CRC_MspInit)
    HAL_DMA_Abort                            0x08001601   Thumb Code   836  stm32h7xx_hal_dma.o(i.HAL_DMA_Abort)
    HAL_DMA_Abort_IT                         0x08001961   Thumb Code   602  stm32h7xx_hal_dma.o(i.HAL_DMA_Abort_IT)
    HAL_DMA_DeInit                           0x08001be5   Thumb Code   446  stm32h7xx_hal_dma.o(i.HAL_DMA_DeInit)
    HAL_DMA_GetError                         0x08001dcd   Thumb Code     4  stm32h7xx_hal_dma.o(i.HAL_DMA_GetError)
    HAL_DMA_GetState                         0x08001dd1   Thumb Code     6  stm32h7xx_hal_dma.o(i.HAL_DMA_GetState)
    HAL_DMA_IRQHandler                       0x08001dd9   Thumb Code  1756  stm32h7xx_hal_dma.o(i.HAL_DMA_IRQHandler)
    HAL_DMA_Init                             0x080024c1   Thumb Code   926  stm32h7xx_hal_dma.o(i.HAL_DMA_Init)
    HAL_DMA_Start_IT                         0x08002885   Thumb Code   628  stm32h7xx_hal_dma.o(i.HAL_DMA_Start_IT)
    HAL_Delay                                0x08002b21   Thumb Code    32  stm32h7xx_hal.o(i.HAL_Delay)
    HAL_FLASHEx_Erase                        0x08002b45   Thumb Code   268  stm32h7xx_hal_flash_ex.o(i.HAL_FLASHEx_Erase)
    HAL_FLASH_Lock                           0x08002c59   Thumb Code    44  stm32h7xx_hal_flash.o(i.HAL_FLASH_Lock)
    HAL_FLASH_Program                        0x08002c89   Thumb Code   184  stm32h7xx_hal_flash.o(i.HAL_FLASH_Program)
    HAL_FLASH_Unlock                         0x08002d49   Thumb Code    54  stm32h7xx_hal_flash.o(i.HAL_FLASH_Unlock)
    HAL_GPIO_DeInit                          0x08002d8d   Thumb Code   324  stm32h7xx_hal_gpio.o(i.HAL_GPIO_DeInit)
    HAL_GPIO_Init                            0x08002efd   Thumb Code   506  stm32h7xx_hal_gpio.o(i.HAL_GPIO_Init)
    HAL_GetREVID                             0x08003129   Thumb Code     8  stm32h7xx_hal.o(i.HAL_GetREVID)
    HAL_GetTick                              0x08003135   Thumb Code     6  stm32h7xx_hal.o(i.HAL_GetTick)
    HAL_IWDG_Init                            0x08003141   Thumb Code   106  stm32h7xx_hal_iwdg.o(i.HAL_IWDG_Init)
    HAL_IncTick                              0x080031ad   Thumb Code    12  stm32h7xx_hal.o(i.HAL_IncTick)
    HAL_Init                                 0x080031bd   Thumb Code    74  stm32h7xx_hal.o(i.HAL_Init)
    HAL_InitTick                             0x08003219   Thumb Code    56  stm32h7xx_hal.o(i.HAL_InitTick)
    HAL_MPU_ConfigRegion                     0x08003259   Thumb Code    86  stm32h7xx_hal_cortex.o(i.HAL_MPU_ConfigRegion)
    HAL_MPU_Disable                          0x080032b5   Thumb Code    24  stm32h7xx_hal_cortex.o(i.HAL_MPU_Disable)
    HAL_MPU_Enable                           0x080032d1   Thumb Code    30  stm32h7xx_hal_cortex.o(i.HAL_MPU_Enable)
    HAL_MspInit                              0x080032f5   Thumb Code    22  stm32h7xx_hal_msp.o(i.HAL_MspInit)
    HAL_NVIC_DisableIRQ                      0x08003311   Thumb Code    34  stm32h7xx_hal_cortex.o(i.HAL_NVIC_DisableIRQ)
    HAL_NVIC_EnableIRQ                       0x08003333   Thumb Code    26  stm32h7xx_hal_cortex.o(i.HAL_NVIC_EnableIRQ)
    HAL_NVIC_SetPriority                     0x0800334d   Thumb Code    60  stm32h7xx_hal_cortex.o(i.HAL_NVIC_SetPriority)
    HAL_NVIC_SetPriorityGrouping             0x0800338d   Thumb Code    28  stm32h7xx_hal_cortex.o(i.HAL_NVIC_SetPriorityGrouping)
    HAL_PWREx_ConfigSupply                   0x080033b1   Thumb Code    78  stm32h7xx_hal_pwr_ex.o(i.HAL_PWREx_ConfigSupply)
    HAL_RCCEx_GetD3PCLK1Freq                 0x08003405   Thumb Code    26  stm32h7xx_hal_rcc_ex.o(i.HAL_RCCEx_GetD3PCLK1Freq)
    HAL_RCCEx_GetPLL2ClockFreq               0x08003429   Thumb Code   296  stm32h7xx_hal_rcc_ex.o(i.HAL_RCCEx_GetPLL2ClockFreq)
    HAL_RCCEx_GetPLL3ClockFreq               0x0800356d   Thumb Code   296  stm32h7xx_hal_rcc_ex.o(i.HAL_RCCEx_GetPLL3ClockFreq)
    HAL_RCCEx_PeriphCLKConfig                0x080036b1   Thumb Code  2472  stm32h7xx_hal_rcc_ex.o(i.HAL_RCCEx_PeriphCLKConfig)
    HAL_RCC_ClockConfig                      0x0800405d   Thumb Code   580  stm32h7xx_hal_rcc.o(i.HAL_RCC_ClockConfig)
    HAL_RCC_DeInit                           0x080042b9   Thumb Code   454  stm32h7xx_hal_rcc.o(i.HAL_RCC_DeInit)
    HAL_RCC_GetHCLKFreq                      0x080044a9   Thumb Code    52  stm32h7xx_hal_rcc.o(i.HAL_RCC_GetHCLKFreq)
    HAL_RCC_GetPCLK1Freq                     0x080044ed   Thumb Code    26  stm32h7xx_hal_rcc.o(i.HAL_RCC_GetPCLK1Freq)
    HAL_RCC_GetPCLK2Freq                     0x08004511   Thumb Code    26  stm32h7xx_hal_rcc.o(i.HAL_RCC_GetPCLK2Freq)
    HAL_RCC_GetSysClockFreq                  0x08004535   Thumb Code   278  stm32h7xx_hal_rcc.o(i.HAL_RCC_GetSysClockFreq)
    HAL_RCC_OscConfig                        0x0800466d   Thumb Code  1410  stm32h7xx_hal_rcc.o(i.HAL_RCC_OscConfig)
    HAL_SYSTICK_Config                       0x08004bef   Thumb Code    38  stm32h7xx_hal_cortex.o(i.HAL_SYSTICK_Config)
    HAL_UARTEx_DisableFifoMode               0x08004c15   Thumb Code    64  stm32h7xx_hal_uart_ex.o(i.HAL_UARTEx_DisableFifoMode)
    HAL_UARTEx_ReceiveToIdle_DMA             0x08004c55   Thumb Code    74  stm32h7xx_hal_uart_ex.o(i.HAL_UARTEx_ReceiveToIdle_DMA)
    HAL_UARTEx_RxEventCallback               0x08004ca1   Thumb Code    62  usart.o(i.HAL_UARTEx_RxEventCallback)
    HAL_UARTEx_RxFifoFullCallback            0x08004ced   Thumb Code     2  stm32h7xx_hal_uart_ex.o(i.HAL_UARTEx_RxFifoFullCallback)
    HAL_UARTEx_SetRxFifoThreshold            0x08004cef   Thumb Code    76  stm32h7xx_hal_uart_ex.o(i.HAL_UARTEx_SetRxFifoThreshold)
    HAL_UARTEx_SetTxFifoThreshold            0x08004d3b   Thumb Code    76  stm32h7xx_hal_uart_ex.o(i.HAL_UARTEx_SetTxFifoThreshold)
    HAL_UARTEx_TxFifoEmptyCallback           0x08004d87   Thumb Code     2  stm32h7xx_hal_uart_ex.o(i.HAL_UARTEx_TxFifoEmptyCallback)
    HAL_UARTEx_WakeupCallback                0x08004d89   Thumb Code     2  stm32h7xx_hal_uart_ex.o(i.HAL_UARTEx_WakeupCallback)
    HAL_UART_AbortReceive                    0x08004d8d   Thumb Code   168  stm32h7xx_hal_uart.o(i.HAL_UART_AbortReceive)
    HAL_UART_ErrorCallback                   0x08004e39   Thumb Code    20  usart.o(i.HAL_UART_ErrorCallback)
    HAL_UART_IRQHandler                      0x08004e51   Thumb Code   898  stm32h7xx_hal_uart.o(i.HAL_UART_IRQHandler)
    HAL_UART_Init                            0x080051ed   Thumb Code   106  stm32h7xx_hal_uart.o(i.HAL_UART_Init)
    HAL_UART_MspDeInit                       0x08005259   Thumb Code    88  usart.o(i.HAL_UART_MspDeInit)
    HAL_UART_MspInit                         0x080052c5   Thumb Code   318  usart.o(i.HAL_UART_MspInit)
    HAL_UART_RxCpltCallback                  0x08005421   Thumb Code     2  stm32h7xx_hal_uart.o(i.HAL_UART_RxCpltCallback)
    HAL_UART_RxHalfCpltCallback              0x08005423   Thumb Code     2  stm32h7xx_hal_uart.o(i.HAL_UART_RxHalfCpltCallback)
    HAL_UART_Transmit_DMA                    0x08005425   Thumb Code   132  stm32h7xx_hal_uart.o(i.HAL_UART_Transmit_DMA)
    HAL_UART_TxCpltCallback                  0x080054b5   Thumb Code     2  stm32h7xx_hal_uart.o(i.HAL_UART_TxCpltCallback)
    HAL_UART_TxHalfCpltCallback              0x080054b7   Thumb Code     2  stm32h7xx_hal_uart.o(i.HAL_UART_TxHalfCpltCallback)
    HardFault_Handler                        0x080054b9   Thumb Code     2  stm32h7xx_it.o(i.HardFault_Handler)
    IsSectorStart                            0x080054bb   Thumb Code    26  flash.o(i.IsSectorStart)
    Jump_to_APP                              0x080054d5   Thumb Code    78  jumpapp.o(i.Jump_to_APP)
    MX_CRC_Init                              0x08005555   Thumb Code    40  crc.o(i.MX_CRC_Init)
    MX_DMA_Init                              0x08005585   Thumb Code    56  dma.o(i.MX_DMA_Init)
    MX_GPIO_Init                             0x080055c1   Thumb Code    54  gpio.o(i.MX_GPIO_Init)
    MX_IWDG1_Init                            0x080055fd   Thumb Code    38  iwdg.o(i.MX_IWDG1_Init)
    MX_USART1_UART_Init                      0x0800562d   Thumb Code    98  usart.o(i.MX_USART1_UART_Init)
    MX_USART2_UART_Init                      0x08005699   Thumb Code    94  usart.o(i.MX_USART2_UART_Init)
    MemManage_Handler                        0x08005701   Thumb Code     2  stm32h7xx_it.o(i.MemManage_Handler)
    NMI_Handler                              0x08005703   Thumb Code     2  stm32h7xx_it.o(i.NMI_Handler)
    PendSV_Handler                           0x08005705   Thumb Code     2  stm32h7xx_it.o(i.PendSV_Handler)
    SVC_Handler                              0x08005949   Thumb Code     2  stm32h7xx_it.o(i.SVC_Handler)
    SysTick_Handler                          0x0800594b   Thumb Code     4  stm32h7xx_it.o(i.SysTick_Handler)
    SystemClock_Config                       0x08005951   Thumb Code   162  main.o(i.SystemClock_Config)
    SystemInit                               0x080059fd   Thumb Code   206  system_stm32h7xx.o(i.SystemInit)
    UART_AdvFeatureConfig                    0x08005b39   Thumb Code   200  stm32h7xx_hal_uart.o(i.UART_AdvFeatureConfig)
    UART_CheckIdleState                      0x08005c01   Thumb Code   170  stm32h7xx_hal_uart.o(i.UART_CheckIdleState)
    UART_SetConfig                           0x08005e79   Thumb Code   876  stm32h7xx_hal_uart.o(i.UART_SetConfig)
    UART_Start_Receive_DMA                   0x08006225   Thumb Code   156  stm32h7xx_hal_uart.o(i.UART_Start_Receive_DMA)
    UART_WaitOnFlagUntilTimeout              0x080062cd   Thumb Code   148  stm32h7xx_hal_uart.o(i.UART_WaitOnFlagUntilTimeout)
    USART1_IRQHandler                        0x08006361   Thumb Code     6  stm32h7xx_it.o(i.USART1_IRQHandler)
    UsageFault_Handler                       0x0800636d   Thumb Code     2  stm32h7xx_it.o(i.UsageFault_Handler)
    __0vsnprintf                             0x08006371   Thumb Code    40  printfa.o(i.__0vsnprintf)
    __1vsnprintf                             0x08006371   Thumb Code     0  printfa.o(i.__0vsnprintf)
    __2vsnprintf                             0x08006371   Thumb Code     0  printfa.o(i.__0vsnprintf)
    __c89vsnprintf                           0x08006371   Thumb Code     0  printfa.o(i.__0vsnprintf)
    vsnprintf                                0x08006371   Thumb Code     0  printfa.o(i.__0vsnprintf)
    __hardfp_ceil                            0x080063c1   Thumb Code   214  ceil.o(i.__hardfp_ceil)
    __hardfp_fmin                            0x080064b1   Thumb Code    98  fmin.o(i.__hardfp_fmin)
    __scatterload_copy                       0x08006513   Thumb Code    14  handlers.o(i.__scatterload_copy)
    __scatterload_null                       0x08006521   Thumb Code     2  handlers.o(i.__scatterload_null)
    __scatterload_zeroinit                   0x08006523   Thumb Code    14  handlers.o(i.__scatterload_zeroinit)
    ack_boot_mode                            0x08006df9   Thumb Code    22  pc_interface.o(i.ack_boot_mode)
    ack_upgrade_status                       0x08006e0f   Thumb Code    20  pc_interface.o(i.ack_upgrade_status)
    check_app                                0x08006e25   Thumb Code    90  jumpapp.o(i.check_app)
    crc_test_func                            0x08006ecd   Thumb Code    40  main.o(i.crc_test_func)
    exec_commands                            0x08006f1d   Thumb Code    72  pc_interface.o(i.exec_commands)
    get_bootmode                             0x08006f65   Thumb Code     6  upgrade.o(i.get_bootmode)
    get_upgrade_status                       0x08006f71   Thumb Code    12  upgrade.o(i.get_upgrade_status)
    info_printf                              0x08006f81   Thumb Code    42  usart.o(i.info_printf)
    main                                     0x08006fb1   Thumb Code   160  main.o(i.main)
    mem_cfg_init                             0x0800708d   Thumb Code    56  jumpapp.o(i.mem_cfg_init)
    mem_cfg_show                             0x080070d1   Thumb Code   122  jumpapp.o(i.mem_cfg_show)
    pc_parse_and_execute_command2            0x08007239   Thumb Code   174  pc_interface.o(i.pc_parse_and_execute_command2)
    pc_send_ack                              0x080072ed   Thumb Code    32  pc_interface.o(i.pc_send_ack)
    read_cfg                                 0x0800730d   Thumb Code    24  flash.o(i.read_cfg)
    read_data_non_check_size                 0x08007331   Thumb Code    30  flash.o(i.read_data_non_check_size)
    set_boot_bootmode                        0x08007351   Thumb Code    62  upgrade.o(i.set_boot_bootmode)
    sum_crc                                  0x080073a1   Thumb Code    24  pc_interface.o(i.sum_crc)
    uart1_send                               0x080073b9   Thumb Code    82  pc_interface.o(i.uart1_send)
    upgrade                                  0x08007415   Thumb Code   358  upgrade.o(i.upgrade)
    upgrade_ini                              0x08007589   Thumb Code    32  upgrade.o(i.upgrade_ini)
    write_cfg                                0x080075b1   Thumb Code    76  flash.o(i.write_cfg)
    UARTPrescTable                           0x08007614   Data          24  stm32h7xx_hal_uart.o(.constdata)
    D1CorePrescTable                         0x0800763c   Data          16  system_stm32h7xx.o(.constdata)
    Region$$Table$$Base                      0x0800764c   Number         0  anon$$obj.o(Region$$Table)
    Region$$Table$$Limit                     0x0800766c   Number         0  anon$$obj.o(Region$$Table)
    para_flash_area                          0x080e0000   Data       131072  flash.o(.ARM.__AT_0x080E0000)
    Next_Cfg_Address                         0x24000000   Data           4  flash.o(.data)
    Cur_Cfg_Address                          0x24000004   Data           4  flash.o(.data)
    Jump_To_Application                      0x24000008   Data           4  jumpapp.o(.data)
    test_size                                0x2400000c   Data           4  main.o(.data)
    mem_cfg                                  0x24000010   Data          28  main.o(.data)
    uwTickFreq                               0x2400002c   Data           1  stm32h7xx_hal.o(.data)
    uwTickPrio                               0x24000030   Data           4  stm32h7xx_hal.o(.data)
    uwTick                                   0x24000034   Data           4  stm32h7xx_hal.o(.data)
    SystemCoreClock                          0x24000038   Data           4  system_stm32h7xx.o(.data)
    SystemD2Clock                            0x2400003c   Data           4  system_stm32h7xx.o(.data)
    cli_para                                 0x24000040   Data         304  main.o(.bss)
    hcrc                                     0x24000170   Data          36  crc.o(.bss)
    hiwdg1                                   0x24000194   Data          16  iwdg.o(.bss)
    rxBufArr                                 0x240002a4   Data         300  usart.o(.bss)
    huart1                                   0x240003d0   Data         148  usart.o(.bss)
    huart2                                   0x24000464   Data         148  usart.o(.bss)
    hdma_usart1_rx                           0x240004f8   Data         120  usart.o(.bss)
    hdma_usart1_tx                           0x24000570   Data         120  usart.o(.bss)
    upgrade_ctl                              0x240006e8   Data          28  upgrade.o(.bss)
    pFlash                                   0x24000704   Data          28  stm32h7xx_hal_flash.o(.bss)
    __initial_sp                             0x24000b20   Data           0  startup_stm32h743xx.o(STACK)



==============================================================================

Memory Map of the image

  Image Entry point : 0x08000299

  Load Region LR_IROM1 (Base: 0x08000000, Size: 0x000076ac, Max: 0x00020000, ABSOLUTE)

    Execution Region ER_IROM1 (Exec base: 0x08000000, Load base: 0x08000000, Size: 0x0000766c, Max: 0x00020000, ABSOLUTE)

    Exec Addr    Load Addr    Size         Type   Attr      Idx    E Section Name        Object

    0x08000000   0x08000000   0x00000298   Data   RO            3    RESET               startup_stm32h743xx.o
    0x08000298   0x08000298   0x00000000   Code   RO         4006  * .ARM.Collect$$$$00000000  mc_w.l(entry.o)
    0x08000298   0x08000298   0x00000004   Code   RO         4045    .ARM.Collect$$$$00000001  mc_w.l(entry2.o)
    0x0800029c   0x0800029c   0x00000004   Code   RO         4048    .ARM.Collect$$$$00000004  mc_w.l(entry5.o)
    0x080002a0   0x080002a0   0x00000000   Code   RO         4050    .ARM.Collect$$$$00000008  mc_w.l(entry7b.o)
    0x080002a0   0x080002a0   0x00000000   Code   RO         4052    .ARM.Collect$$$$0000000A  mc_w.l(entry8b.o)
    0x080002a0   0x080002a0   0x00000008   Code   RO         4053    .ARM.Collect$$$$0000000B  mc_w.l(entry9a.o)
    0x080002a8   0x080002a8   0x00000000   Code   RO         4055    .ARM.Collect$$$$0000000D  mc_w.l(entry10a.o)
    0x080002a8   0x080002a8   0x00000000   Code   RO         4057    .ARM.Collect$$$$0000000F  mc_w.l(entry11a.o)
    0x080002a8   0x080002a8   0x00000004   Code   RO         4046    .ARM.Collect$$$$00002712  mc_w.l(entry2.o)
    0x080002ac   0x080002ac   0x0000002c   Code   RO            4    .text               startup_stm32h743xx.o
    0x080002d8   0x080002d8   0x00000062   Code   RO         4009    .text               mc_w.l(uldiv.o)
    0x0800033a   0x0800033a   0x00000024   Code   RO         4011    .text               mc_w.l(memcpya.o)
    0x0800035e   0x0800035e   0x00000024   Code   RO         4013    .text               mc_w.l(memseta.o)
    0x08000382   0x08000382   0x0000002c   Code   RO         4062    .text               mc_w.l(uidiv.o)
    0x080003ae   0x080003ae   0x0000001e   Code   RO         4064    .text               mc_w.l(llshl.o)
    0x080003cc   0x080003cc   0x00000020   Code   RO         4066    .text               mc_w.l(llushr.o)
    0x080003ec   0x080003ec   0x00000000   Code   RO         4068    .text               mc_w.l(iusefp.o)
    0x080003ec   0x080003ec   0x0000014e   Code   RO         4069    .text               mf_w.l(dadd.o)
    0x0800053a   0x0800053a   0x000000e4   Code   RO         4071    .text               mf_w.l(dmul.o)
    0x0800061e   0x0800061e   0x000000de   Code   RO         4073    .text               mf_w.l(ddiv.o)
    0x080006fc   0x080006fc   0x00000030   Code   RO         4075    .text               mf_w.l(dfixul.o)
    0x0800072c   0x0800072c   0x00000030   Code   RO         4077    .text               mf_w.l(cdrcmple.o)
    0x0800075c   0x0800075c   0x00000060   Code   RO         4079    .text               mf_w.l(dcmp4.o)
    0x080007bc   0x080007bc   0x00000024   Code   RO         4081    .text               mc_w.l(init.o)
    0x080007e0   0x080007e0   0x00000024   Code   RO         4084    .text               mc_w.l(llsshr.o)
    0x08000804   0x08000804   0x000000ba   Code   RO         4087    .text               mf_w.l(depilogue.o)
    0x080008be   0x080008be   0x00000002   Code   RO          622    i.BusFault_Handler  stm32h7xx_it.o
    0x080008c0   0x080008c0   0x00000030   Code   RO         1023    i.CRC_Handle_16     stm32h7xx_hal_crc.o
    0x080008f0   0x080008f0   0x00000066   Code   RO         1024    i.CRC_Handle_8      stm32h7xx_hal_crc.o
    0x08000956   0x08000956   0x00000002   PAD
    0x08000958   0x08000958   0x00000030   Code   RO          532    i.CheckUartReady    usart.o
    0x08000988   0x08000988   0x000001e4   Code   RO          246    i.Check_Jump_to_APP  jumpapp.o
    0x08000b6c   0x08000b6c   0x0000000c   Code   RO          623    i.DMA2_Stream0_IRQHandler  stm32h7xx_it.o
    0x08000b78   0x08000b78   0x0000000c   Code   RO          624    i.DMA2_Stream1_IRQHandler  stm32h7xx_it.o
    0x08000b84   0x08000b84   0x000000b4   Code   RO         1771    i.DMA_CalcBaseAndBitshift  stm32h7xx_hal_dma.o
    0x08000c38   0x08000c38   0x0000009c   Code   RO         1772    i.DMA_CalcDMAMUXChannelBaseAndMask  stm32h7xx_hal_dma.o
    0x08000cd4   0x08000cd4   0x00000074   Code   RO         1773    i.DMA_CalcDMAMUXRequestGenBaseAndMask  stm32h7xx_hal_dma.o
    0x08000d48   0x08000d48   0x00000054   Code   RO         1774    i.DMA_CheckFifoParam  stm32h7xx_hal_dma.o
    0x08000d9c   0x08000d9c   0x00000220   Code   RO         1775    i.DMA_SetConfig     stm32h7xx_hal_dma.o
    0x08000fbc   0x08000fbc   0x00000002   Code   RO          625    i.DebugMon_Handler  stm32h7xx_it.o
    0x08000fbe   0x08000fbe   0x00000002   PAD
    0x08000fc0   0x08000fc0   0x000000b4   Code   RO          534    i.Enable_UART1_Receive  usart.o
    0x08001074   0x08001074   0x00000004   Code   RO          336    i.Error_Handler     main.o
    0x08001078   0x08001078   0x0000001c   Code   RO         3956    i.ExitRun0Mode      system_stm32h7xx.o
    0x08001094   0x08001094   0x0000002e   Code   RO           13    i.FLASH_Erase       flash.o
    0x080010c2   0x080010c2   0x00000002   PAD
    0x080010c4   0x080010c4   0x00000040   Code   RO         1525    i.FLASH_Erase_Sector  stm32h7xx_hal_flash_ex.o
    0x08001104   0x08001104   0x0000007c   Code   RO         1526    i.FLASH_MassErase   stm32h7xx_hal_flash_ex.o
    0x08001180   0x08001180   0x0000001c   Code   RO           14    i.FLASH_ReadData    flash.o
    0x0800119c   0x0800119c   0x000000cc   Code   RO         1417    i.FLASH_WaitForLastOperation  stm32h7xx_hal_flash.o
    0x08001268   0x08001268   0x000000ac   Code   RO           16    i.FLASH_Write       flash.o
    0x08001314   0x08001314   0x00000074   Code   RO           17    i.Flash_Ini         flash.o
    0x08001388   0x08001388   0x000000d8   Code   RO           18    i.GetSector         flash.o
    0x08001460   0x08001460   0x00000054   Code   RO         1095    i.HAL_CRCEx_Polynomial_Set  stm32h7xx_hal_crc_ex.o
    0x080014b4   0x080014b4   0x00000044   Code   RO         1025    i.HAL_CRC_Accumulate  stm32h7xx_hal_crc.o
    0x080014f8   0x080014f8   0x0000004c   Code   RO         1026    i.HAL_CRC_Calculate  stm32h7xx_hal_crc.o
    0x08001544   0x08001544   0x00000078   Code   RO         1029    i.HAL_CRC_Init      stm32h7xx_hal_crc.o
    0x080015bc   0x080015bc   0x0000001c   Code   RO          418    i.HAL_CRC_MspDeInit  crc.o
    0x080015d8   0x080015d8   0x00000028   Code   RO          419    i.HAL_CRC_MspInit   crc.o
    0x08001600   0x08001600   0x00000360   Code   RO         1776    i.HAL_DMA_Abort     stm32h7xx_hal_dma.o
    0x08001960   0x08001960   0x00000284   Code   RO         1777    i.HAL_DMA_Abort_IT  stm32h7xx_hal_dma.o
    0x08001be4   0x08001be4   0x000001e8   Code   RO         1778    i.HAL_DMA_DeInit    stm32h7xx_hal_dma.o
    0x08001dcc   0x08001dcc   0x00000004   Code   RO         1779    i.HAL_DMA_GetError  stm32h7xx_hal_dma.o
    0x08001dd0   0x08001dd0   0x00000006   Code   RO         1780    i.HAL_DMA_GetState  stm32h7xx_hal_dma.o
    0x08001dd6   0x08001dd6   0x00000002   PAD
    0x08001dd8   0x08001dd8   0x000006e8   Code   RO         1781    i.HAL_DMA_IRQHandler  stm32h7xx_hal_dma.o
    0x080024c0   0x080024c0   0x000003c4   Code   RO         1782    i.HAL_DMA_Init      stm32h7xx_hal_dma.o
    0x08002884   0x08002884   0x0000029c   Code   RO         1786    i.HAL_DMA_Start_IT  stm32h7xx_hal_dma.o
    0x08002b20   0x08002b20   0x00000024   Code   RO         2485    i.HAL_Delay         stm32h7xx_hal.o
    0x08002b44   0x08002b44   0x00000114   Code   RO         1529    i.HAL_FLASHEx_Erase  stm32h7xx_hal_flash_ex.o
    0x08002c58   0x08002c58   0x00000030   Code   RO         1421    i.HAL_FLASH_Lock    stm32h7xx_hal_flash.o
    0x08002c88   0x08002c88   0x000000c0   Code   RO         1426    i.HAL_FLASH_Program  stm32h7xx_hal_flash.o
    0x08002d48   0x08002d48   0x00000044   Code   RO         1428    i.HAL_FLASH_Unlock  stm32h7xx_hal_flash.o
    0x08002d8c   0x08002d8c   0x00000170   Code   RO         1621    i.HAL_GPIO_DeInit   stm32h7xx_hal_gpio.o
    0x08002efc   0x08002efc   0x0000022c   Code   RO         1624    i.HAL_GPIO_Init     stm32h7xx_hal_gpio.o
    0x08003128   0x08003128   0x0000000c   Code   RO         2496    i.HAL_GetREVID      stm32h7xx_hal.o
    0x08003134   0x08003134   0x0000000c   Code   RO         2497    i.HAL_GetTick       stm32h7xx_hal.o
    0x08003140   0x08003140   0x0000006a   Code   RO         3388    i.HAL_IWDG_Init     stm32h7xx_hal_iwdg.o
    0x080031aa   0x080031aa   0x00000002   PAD
    0x080031ac   0x080031ac   0x00000010   Code   RO         2503    i.HAL_IncTick       stm32h7xx_hal.o
    0x080031bc   0x080031bc   0x0000005c   Code   RO         2504    i.HAL_Init          stm32h7xx_hal.o
    0x08003218   0x08003218   0x00000040   Code   RO         2505    i.HAL_InitTick      stm32h7xx_hal.o
    0x08003258   0x08003258   0x0000005c   Code   RO          871    i.HAL_MPU_ConfigRegion  stm32h7xx_hal_cortex.o
    0x080032b4   0x080032b4   0x0000001c   Code   RO          872    i.HAL_MPU_Disable   stm32h7xx_hal_cortex.o
    0x080032d0   0x080032d0   0x00000024   Code   RO          874    i.HAL_MPU_Enable    stm32h7xx_hal_cortex.o
    0x080032f4   0x080032f4   0x0000001c   Code   RO          716    i.HAL_MspInit       stm32h7xx_hal_msp.o
    0x08003310   0x08003310   0x00000022   Code   RO          877    i.HAL_NVIC_DisableIRQ  stm32h7xx_hal_cortex.o
    0x08003332   0x08003332   0x0000001a   Code   RO          878    i.HAL_NVIC_EnableIRQ  stm32h7xx_hal_cortex.o
    0x0800334c   0x0800334c   0x00000040   Code   RO          884    i.HAL_NVIC_SetPriority  stm32h7xx_hal_cortex.o
    0x0800338c   0x0800338c   0x00000024   Code   RO          885    i.HAL_NVIC_SetPriorityGrouping  stm32h7xx_hal_cortex.o
    0x080033b0   0x080033b0   0x00000054   Code   RO         2225    i.HAL_PWREx_ConfigSupply  stm32h7xx_hal_pwr_ex.o
    0x08003404   0x08003404   0x00000024   Code   RO         1245    i.HAL_RCCEx_GetD3PCLK1Freq  stm32h7xx_hal_rcc_ex.o
    0x08003428   0x08003428   0x00000144   Code   RO         1247    i.HAL_RCCEx_GetPLL2ClockFreq  stm32h7xx_hal_rcc_ex.o
    0x0800356c   0x0800356c   0x00000144   Code   RO         1248    i.HAL_RCCEx_GetPLL3ClockFreq  stm32h7xx_hal_rcc_ex.o
    0x080036b0   0x080036b0   0x000009ac   Code   RO         1254    i.HAL_RCCEx_PeriphCLKConfig  stm32h7xx_hal_rcc_ex.o
    0x0800405c   0x0800405c   0x0000025c   Code   RO         1130    i.HAL_RCC_ClockConfig  stm32h7xx_hal_rcc.o
    0x080042b8   0x080042b8   0x000001f0   Code   RO         1131    i.HAL_RCC_DeInit    stm32h7xx_hal_rcc.o
    0x080044a8   0x080044a8   0x00000044   Code   RO         1135    i.HAL_RCC_GetHCLKFreq  stm32h7xx_hal_rcc.o
    0x080044ec   0x080044ec   0x00000024   Code   RO         1137    i.HAL_RCC_GetPCLK1Freq  stm32h7xx_hal_rcc.o
    0x08004510   0x08004510   0x00000024   Code   RO         1138    i.HAL_RCC_GetPCLK2Freq  stm32h7xx_hal_rcc.o
    0x08004534   0x08004534   0x00000138   Code   RO         1139    i.HAL_RCC_GetSysClockFreq  stm32h7xx_hal_rcc.o
    0x0800466c   0x0800466c   0x00000582   Code   RO         1142    i.HAL_RCC_OscConfig  stm32h7xx_hal_rcc.o
    0x08004bee   0x08004bee   0x00000026   Code   RO          889    i.HAL_SYSTICK_Config  stm32h7xx_hal_cortex.o
    0x08004c14   0x08004c14   0x00000040   Code   RO         3838    i.HAL_UARTEx_DisableFifoMode  stm32h7xx_hal_uart_ex.o
    0x08004c54   0x08004c54   0x0000004a   Code   RO         3844    i.HAL_UARTEx_ReceiveToIdle_DMA  stm32h7xx_hal_uart_ex.o
    0x08004c9e   0x08004c9e   0x00000002   PAD
    0x08004ca0   0x08004ca0   0x0000004c   Code   RO          535    i.HAL_UARTEx_RxEventCallback  usart.o
    0x08004cec   0x08004cec   0x00000002   Code   RO         3846    i.HAL_UARTEx_RxFifoFullCallback  stm32h7xx_hal_uart_ex.o
    0x08004cee   0x08004cee   0x0000004c   Code   RO         3847    i.HAL_UARTEx_SetRxFifoThreshold  stm32h7xx_hal_uart_ex.o
    0x08004d3a   0x08004d3a   0x0000004c   Code   RO         3848    i.HAL_UARTEx_SetTxFifoThreshold  stm32h7xx_hal_uart_ex.o
    0x08004d86   0x08004d86   0x00000002   Code   RO         3850    i.HAL_UARTEx_TxFifoEmptyCallback  stm32h7xx_hal_uart_ex.o
    0x08004d88   0x08004d88   0x00000002   Code   RO         3851    i.HAL_UARTEx_WakeupCallback  stm32h7xx_hal_uart_ex.o
    0x08004d8a   0x08004d8a   0x00000002   PAD
    0x08004d8c   0x08004d8c   0x000000ac   Code   RO         3430    i.HAL_UART_AbortReceive  stm32h7xx_hal_uart.o
    0x08004e38   0x08004e38   0x00000018   Code   RO          536    i.HAL_UART_ErrorCallback  usart.o
    0x08004e50   0x08004e50   0x0000039c   Code   RO         3446    i.HAL_UART_IRQHandler  stm32h7xx_hal_uart.o
    0x080051ec   0x080051ec   0x0000006a   Code   RO         3447    i.HAL_UART_Init     stm32h7xx_hal_uart.o
    0x08005256   0x08005256   0x00000002   PAD
    0x08005258   0x08005258   0x0000006c   Code   RO          537    i.HAL_UART_MspDeInit  usart.o
    0x080052c4   0x080052c4   0x0000015c   Code   RO          538    i.HAL_UART_MspInit  usart.o
    0x08005420   0x08005420   0x00000002   Code   RO         3454    i.HAL_UART_RxCpltCallback  stm32h7xx_hal_uart.o
    0x08005422   0x08005422   0x00000002   Code   RO         3455    i.HAL_UART_RxHalfCpltCallback  stm32h7xx_hal_uart.o
    0x08005424   0x08005424   0x00000090   Code   RO         3457    i.HAL_UART_Transmit_DMA  stm32h7xx_hal_uart.o
    0x080054b4   0x080054b4   0x00000002   Code   RO         3459    i.HAL_UART_TxCpltCallback  stm32h7xx_hal_uart.o
    0x080054b6   0x080054b6   0x00000002   Code   RO         3460    i.HAL_UART_TxHalfCpltCallback  stm32h7xx_hal_uart.o
    0x080054b8   0x080054b8   0x00000002   Code   RO          626    i.HardFault_Handler  stm32h7xx_it.o
    0x080054ba   0x080054ba   0x0000001a   Code   RO           19    i.IsSectorStart     flash.o
    0x080054d4   0x080054d4   0x00000080   Code   RO          248    i.Jump_to_APP       jumpapp.o
    0x08005554   0x08005554   0x00000030   Code   RO          420    i.MX_CRC_Init       crc.o
    0x08005584   0x08005584   0x0000003c   Code   RO          460    i.MX_DMA_Init       dma.o
    0x080055c0   0x080055c0   0x0000003c   Code   RO          394    i.MX_GPIO_Init      gpio.o
    0x080055fc   0x080055fc   0x00000030   Code   RO          484    i.MX_IWDG1_Init     iwdg.o
    0x0800562c   0x0800562c   0x0000006c   Code   RO          539    i.MX_USART1_UART_Init  usart.o
    0x08005698   0x08005698   0x00000068   Code   RO          540    i.MX_USART2_UART_Init  usart.o
    0x08005700   0x08005700   0x00000002   Code   RO          627    i.MemManage_Handler  stm32h7xx_it.o
    0x08005702   0x08005702   0x00000002   Code   RO          628    i.NMI_Handler       stm32h7xx_it.o
    0x08005704   0x08005704   0x00000002   Code   RO          629    i.PendSV_Handler    stm32h7xx_it.o
    0x08005706   0x08005706   0x00000002   PAD
    0x08005708   0x08005708   0x00000120   Code   RO         1257    i.RCCEx_PLL2_Config  stm32h7xx_hal_rcc_ex.o
    0x08005828   0x08005828   0x00000120   Code   RO         1258    i.RCCEx_PLL3_Config  stm32h7xx_hal_rcc_ex.o
    0x08005948   0x08005948   0x00000002   Code   RO          630    i.SVC_Handler       stm32h7xx_it.o
    0x0800594a   0x0800594a   0x00000004   Code   RO          631    i.SysTick_Handler   stm32h7xx_it.o
    0x0800594e   0x0800594e   0x00000002   PAD
    0x08005950   0x08005950   0x000000ac   Code   RO          337    i.SystemClock_Config  main.o
    0x080059fc   0x080059fc   0x000000f8   Code   RO         3958    i.SystemInit        system_stm32h7xx.o
    0x08005af4   0x08005af4   0x00000044   Code   RO         3852    i.UARTEx_SetNbDataToProcess  stm32h7xx_hal_uart_ex.o
    0x08005b38   0x08005b38   0x000000c8   Code   RO         3461    i.UART_AdvFeatureConfig  stm32h7xx_hal_uart.o
    0x08005c00   0x08005c00   0x000000aa   Code   RO         3462    i.UART_CheckIdleState  stm32h7xx_hal_uart.o
    0x08005caa   0x08005caa   0x00000010   Code   RO         3463    i.UART_DMAAbortOnError  stm32h7xx_hal_uart.o
    0x08005cba   0x08005cba   0x0000004e   Code   RO         3464    i.UART_DMAError     stm32h7xx_hal_uart.o
    0x08005d08   0x08005d08   0x00000082   Code   RO         3465    i.UART_DMAReceiveCplt  stm32h7xx_hal_uart.o
    0x08005d8a   0x08005d8a   0x00000020   Code   RO         3467    i.UART_DMARxHalfCplt  stm32h7xx_hal_uart.o
    0x08005daa   0x08005daa   0x00000040   Code   RO         3469    i.UART_DMATransmitCplt  stm32h7xx_hal_uart.o
    0x08005dea   0x08005dea   0x0000000a   Code   RO         3471    i.UART_DMATxHalfCplt  stm32h7xx_hal_uart.o
    0x08005df4   0x08005df4   0x00000054   Code   RO         3473    i.UART_EndRxTransfer  stm32h7xx_hal_uart.o
    0x08005e48   0x08005e48   0x0000002e   Code   RO         3474    i.UART_EndTxTransfer  stm32h7xx_hal_uart.o
    0x08005e76   0x08005e76   0x00000002   PAD
    0x08005e78   0x08005e78   0x000003ac   Code   RO         3479    i.UART_SetConfig    stm32h7xx_hal_uart.o
    0x08006224   0x08006224   0x000000a8   Code   RO         3480    i.UART_Start_Receive_DMA  stm32h7xx_hal_uart.o
    0x080062cc   0x080062cc   0x00000094   Code   RO         3486    i.UART_WaitOnFlagUntilTimeout  stm32h7xx_hal_uart.o
    0x08006360   0x08006360   0x0000000c   Code   RO          632    i.USART1_IRQHandler  stm32h7xx_it.o
    0x0800636c   0x0800636c   0x00000002   Code   RO          633    i.UsageFault_Handler  stm32h7xx_it.o
    0x0800636e   0x0800636e   0x00000002   PAD
    0x08006370   0x08006370   0x0000002c   Code   RO         4023    i.__0vsnprintf      mc_w.l(printfa.o)
    0x0800639c   0x0800639c   0x00000022   Code   RO          891    i.__NVIC_SetPriority  stm32h7xx_hal_cortex.o
    0x080063be   0x080063be   0x00000002   PAD
    0x080063c0   0x080063c0   0x000000f0   Code   RO         3996    i.__hardfp_ceil     m_wv.l(ceil.o)
    0x080064b0   0x080064b0   0x00000062   Code   RO         4002    i.__hardfp_fmin     m_wv.l(fmin.o)
    0x08006512   0x08006512   0x0000000e   Code   RO         4091    i.__scatterload_copy  mc_w.l(handlers.o)
    0x08006520   0x08006520   0x00000002   Code   RO         4092    i.__scatterload_null  mc_w.l(handlers.o)
    0x08006522   0x08006522   0x0000000e   Code   RO         4093    i.__scatterload_zeroinit  mc_w.l(handlers.o)
    0x08006530   0x08006530   0x00000184   Code   RO         4025    i._fp_digits        mc_w.l(printfa.o)
    0x080066b4   0x080066b4   0x000006dc   Code   RO         4026    i._printf_core      mc_w.l(printfa.o)
    0x08006d90   0x08006d90   0x00000024   Code   RO         4027    i._printf_post_padding  mc_w.l(printfa.o)
    0x08006db4   0x08006db4   0x0000002e   Code   RO         4028    i._printf_pre_padding  mc_w.l(printfa.o)
    0x08006de2   0x08006de2   0x00000016   Code   RO         4029    i._snputc           mc_w.l(printfa.o)
    0x08006df8   0x08006df8   0x00000016   Code   RO          741    i.ack_boot_mode     pc_interface.o
    0x08006e0e   0x08006e0e   0x00000014   Code   RO          742    i.ack_upgrade_status  pc_interface.o
    0x08006e22   0x08006e22   0x00000002   PAD
    0x08006e24   0x08006e24   0x000000a8   Code   RO          249    i.check_app         jumpapp.o
    0x08006ecc   0x08006ecc   0x00000050   Code   RO          338    i.crc_test_func     main.o
    0x08006f1c   0x08006f1c   0x00000048   Code   RO          743    i.exec_commands     pc_interface.o
    0x08006f64   0x08006f64   0x0000000c   Code   RO          806    i.get_bootmode      upgrade.o
    0x08006f70   0x08006f70   0x00000010   Code   RO          807    i.get_upgrade_status  upgrade.o
    0x08006f80   0x08006f80   0x00000030   Code   RO          541    i.info_printf       usart.o
    0x08006fb0   0x08006fb0   0x000000dc   Code   RO          339    i.main              main.o
    0x0800708c   0x0800708c   0x00000044   Code   RO          250    i.mem_cfg_init      jumpapp.o
    0x080070d0   0x080070d0   0x00000168   Code   RO          251    i.mem_cfg_show      jumpapp.o
    0x08007238   0x08007238   0x000000b4   Code   RO          744    i.pc_parse_and_execute_command2  pc_interface.o
    0x080072ec   0x080072ec   0x00000020   Code   RO          745    i.pc_send_ack       pc_interface.o
    0x0800730c   0x0800730c   0x00000024   Code   RO           21    i.read_cfg          flash.o
    0x08007330   0x08007330   0x0000001e   Code   RO           23    i.read_data_non_check_size  flash.o
    0x0800734e   0x0800734e   0x00000002   PAD
    0x08007350   0x08007350   0x00000050   Code   RO          808    i.set_boot_bootmode  upgrade.o
    0x080073a0   0x080073a0   0x00000018   Code   RO          746    i.sum_crc           pc_interface.o
    0x080073b8   0x080073b8   0x0000005c   Code   RO          747    i.uart1_send        pc_interface.o
    0x08007414   0x08007414   0x00000174   Code   RO          809    i.upgrade           upgrade.o
    0x08007588   0x08007588   0x00000028   Code   RO          810    i.upgrade_ini       upgrade.o
    0x080075b0   0x080075b0   0x0000005c   Code   RO           24    i.write_cfg         flash.o
    0x0800760c   0x0800760c   0x00000008   Data   RO         1788    .constdata          stm32h7xx_hal_dma.o
    0x08007614   0x08007614   0x00000018   Data   RO         3487    .constdata          stm32h7xx_hal_uart.o
    0x0800762c   0x0800762c   0x00000010   Data   RO         3853    .constdata          stm32h7xx_hal_uart_ex.o
    0x0800763c   0x0800763c   0x00000010   Data   RO         3959    .constdata          system_stm32h7xx.o
    0x0800764c   0x0800764c   0x00000020   Data   RO         4089    Region$$Table       anon$$obj.o


    Execution Region RW_IRAM1 (Exec base: 0x20000000, Load base: 0x0800766c, Size: 0x00000000, Max: 0x00020000, ABSOLUTE)

    **** No section assigned to this execution region ****


    Execution Region RW_IRAM2 (Exec base: 0x24000000, Load base: 0x0800766c, Size: 0x00000b20, Max: 0x00080000, ABSOLUTE)

    Exec Addr    Load Addr    Size         Type   Attr      Idx    E Section Name        Object

    0x24000000   0x0800766c   0x00000008   Data   RW           26    .data               flash.o
    0x24000008   0x08007674   0x00000004   Data   RW          252    .data               jumpapp.o
    0x2400000c   0x08007678   0x00000020   Data   RW          341    .data               main.o
    0x2400002c   0x08007698   0x0000000c   Data   RW         2526    .data               stm32h7xx_hal.o
    0x24000038   0x080076a4   0x00000008   Data   RW         3960    .data               system_stm32h7xx.o
    0x24000040        -       0x00000130   Zero   RW          340    .bss                main.o
    0x24000170        -       0x00000024   Zero   RW          421    .bss                crc.o
    0x24000194        -       0x00000010   Zero   RW          485    .bss                iwdg.o
    0x240001a4        -       0x00000444   Zero   RW          543    .bss                usart.o
    0x240005e8        -       0x00000100   Zero   RW          748    .bss                pc_interface.o
    0x240006e8        -       0x0000001c   Zero   RW          811    .bss                upgrade.o
    0x24000704        -       0x0000001c   Zero   RW         1429    .bss                stm32h7xx_hal_flash.o
    0x24000720        -       0x00000400   Zero   RW            1    STACK               startup_stm32h743xx.o



  Load Region LR$$.ARM.__AT_0x080E0000 (Base: 0x080e0000, Size: 0x00000000, Max: 0x00020000, ABSOLUTE)

    Execution Region ER$$.ARM.__AT_0x080E0000 (Exec base: 0x080e0000, Load base: 0x080e0000, Size: 0x00020000, Max: 0x00020000, ABSOLUTE, UNINIT)

    Exec Addr    Load Addr    Size         Type   Attr      Idx    E Section Name        Object

    0x080e0000        -       0x00020000   Zero   RW           25    .ARM.__AT_0x080E0000  flash.o


==============================================================================

Image component sizes


      Code (inc. data)   RO Data    RW Data    ZI Data      Debug   Object Name

       116         26          0          0         36       2199   crc.o
        60          4          0          0          0        922   dma.o
       762        108          0          8     131072    1268732   flash.o
        60          6          0          0          0        959   gpio.o
        48         10          0          0         16        745   iwdg.o
      1208        730          0          4          0      11006   jumpapp.o
       476        110          0         32        304       4637   main.o
       442         16          0          0        256       6342   pc_interface.o
        44         12        664          0       1024        848   startup_stm32h743xx.o
       232         44          0         12          0      23572   stm32h7xx_hal.o
       388         28          0          0          0      42671   stm32h7xx_hal_cortex.o
       414          6          0          0          0       4620   stm32h7xx_hal_crc.o
        84          0          0          0          0       1415   stm32h7xx_hal_crc_ex.o
      6486        288          8          0          0      14137   stm32h7xx_hal_dma.o
       512         52          0          0         28      14846   stm32h7xx_hal_flash.o
       464         16          0          0          0       4413   stm32h7xx_hal_flash_ex.o
       924         94          0          0          0       2638   stm32h7xx_hal_gpio.o
       106          0          0          0          0       1488   stm32h7xx_hal_iwdg.o
        28          6          0          0          0        954   stm32h7xx_hal_msp.o
        84          6          0          0          0        797   stm32h7xx_hal_pwr_ex.o
      2962        144          0          0          0       8289   stm32h7xx_hal_rcc.o
      3736        118          0          0          0       7965   stm32h7xx_hal_rcc_ex.o
      3440        166         24          0          0      37269   stm32h7xx_hal_uart.o
       364          6         16          0          0       6501   stm32h7xx_hal_uart_ex.o
        56         18          0          0          0       5686   stm32h7xx_it.o
       276         48         16          8          0       2049   system_stm32h7xx.o
       520         50          0          0         28      40317   upgrade.o
      1044        118          0          0       1092       7430   usart.o

    ----------------------------------------------------------------------
     25366       2230        760         64     133856    1523447   Object Totals
         0          0         32          0          0          0   (incl. Generated)
        30          0          0          0          0          0   (incl. Padding)

    ----------------------------------------------------------------------

      Code (inc. data)   RO Data    RW Data    ZI Data      Debug   Library Member Name

       240         26          0          0          0        132   ceil.o
        98          0          0          0          0        164   fmin.o
         0          0          0          0          0          0   entry.o
         0          0          0          0          0          0   entry10a.o
         0          0          0          0          0          0   entry11a.o
         8          4          0          0          0          0   entry2.o
         4          0          0          0          0          0   entry5.o
         0          0          0          0          0          0   entry7b.o
         0          0          0          0          0          0   entry8b.o
         8          4          0          0          0          0   entry9a.o
        30          0          0          0          0          0   handlers.o
        36          8          0          0          0         68   init.o
         0          0          0          0          0          0   iusefp.o
        30          0          0          0          0         68   llshl.o
        36          0          0          0          0         68   llsshr.o
        32          0          0          0          0         68   llushr.o
        36          0          0          0          0         68   memcpya.o
        36          0          0          0          0        108   memseta.o
      2292         84          0          0          0        516   printfa.o
        44          0          0          0          0         80   uidiv.o
        98          0          0          0          0         92   uldiv.o
        48          0          0          0          0         68   cdrcmple.o
       334          0          0          0          0        148   dadd.o
        96          0          0          0          0         80   dcmp4.o
       222          0          0          0          0        100   ddiv.o
       186          0          0          0          0        176   depilogue.o
        48          0          0          0          0         68   dfixul.o
       228          0          0          0          0         96   dmul.o

    ----------------------------------------------------------------------
      4190        126          0          0          0       2168   Library Totals
         0          0          0          0          0          0   (incl. Padding)

    ----------------------------------------------------------------------

      Code (inc. data)   RO Data    RW Data    ZI Data      Debug   Library Name

       338         26          0          0          0        296   m_wv.l
      2690        100          0          0          0       1136   mc_w.l
      1162          0          0          0          0        736   mf_w.l

    ----------------------------------------------------------------------
      4190        126          0          0          0       2168   Library Totals

    ----------------------------------------------------------------------

==============================================================================


      Code (inc. data)   RO Data    RW Data    ZI Data      Debug   

     29556       2356        760         64     133856    1510931   Grand Totals
     29556       2356        760         64     133856    1510931   ELF Image Totals
     29556       2356        760         64          0          0   ROM Totals

==============================================================================

    Total RO  Size (Code + RO Data)                30316 (  29.61kB)
    Total RW  Size (RW Data + ZI Data)            133920 ( 130.78kB)
    Total ROM Size (Code + RO Data + RW Data)      30380 (  29.67kB)

==============================================================================

