<html>
<body>
<pre>
<h1>µVision Build Log</h1>
<h2>Tool Versions:</h2>
IDE-Version: ¶ÃVision V5.40.0.0
Copyright (C) 2024 ARM Ltd and ARM Germany GmbH. All rights reserved.
License Information: 1 jzxy, 1, LIC=TA39H-WDYDT-17FRR-K61J3-R77G6-SMRQV
 
Tool Versions:
Toolchain:       MDK-ARM Professional  Version: 5.40.0.3
Toolchain Path:  D:\software\Keil_v5\ARM\ARMCC\Bin
C Compiler:      Armcc.exe V5.06 update 7 (build 960)
Assembler:       Armasm.exe V5.06 update 7 (build 960)
Linker/Locator:  ArmLink.exe V5.06 update 7 (build 960)
Library Manager: ArmAr.exe V5.06 update 7 (build 960)
Hex Converter:   FromElf.exe V5.06 update 7 (build 960)
CPU DLL:         SARMCM3.DLL V5.40.0.3
Dialog DLL:      DCM.DLL V1.17.5.0
Target DLL:      CMSIS_AGDI.dll V1.33.18.0
Dialog DLL:      TCM.DLL V1.56.4.0
 
<h2>Project:</h2>
E:\Project\STM32Cube\X004\BootLoader\MDK-ARM\BootLoader.uvprojx
Project File Date:  12/31/2025

<h2>Output:</h2>
*** Using Compiler 'V5.06 update 7 (build 960)', folder: 'D:\software\Keil_v5\ARM\ARMCC\Bin'
Build target 'BootLoader'
assembling startup_stm32h743xx.s...
compiling stm32h7xx_hal_crc.c...
compiling iwdg.c...
compiling main.c...
../Core/Inc/usart.h(49): warning:  #1295-D: Deprecated declaration CheckUartReady - give arg types
  int CheckUartReady();
../Core/Inc/usart.h(50): warning:  #1295-D: Deprecated declaration Enable_UART1_Receive - give arg types
  void Enable_UART1_Receive();
../Core/Inc/usart.h(51): warning:  #1295-D: Deprecated declaration Disable_UART1_Receive - give arg types
  void Disable_UART1_Receive();
../Core/Inc/global_cfg.h(111): warning:  #1-D: last line of file ends without a newline
  // #endif
../Core/Inc/JumpApp.h(6): warning:  #1295-D: Deprecated declaration Check_Jump_to_APP - give arg types
  void Check_Jump_to_APP();
../Core/Inc/JumpApp.h(7): warning:  #1295-D: Deprecated declaration mem_cfg_show - give arg types
  void mem_cfg_show();
../Core/Inc/PC_interface.h(6): warning:  #1295-D: Deprecated declaration pc_parse_and_execute_command2 - give arg types
  void pc_parse_and_execute_command2();
../Core/Src/main.c(80): warning:  #167-D: argument of type "uint32_t" is incompatible with parameter of type "uint32_t *"
      uint32_t _crc = HAL_CRC_Calculate(&hcrc, mem_cfg.app_address, (test_size + 3) / 4);
../Core/Src/main.c(127): warning:  #223-D: function "mem_cfg_init" declared implicitly
    mem_cfg_init();
../Core/Src/main.c(132): warning:  #223-D: function "upgrade_ini" declared implicitly
    upgrade_ini();
../Core/Src/main.c: 10 warnings, 0 errors
compiling stm32h7xx_hal_msp.c...
compiling crc.c...
compiling usart.c...
../Core/Inc/usart.h(49): warning:  #1295-D: Deprecated declaration CheckUartReady - give arg types
  int CheckUartReady();
../Core/Inc/usart.h(50): warning:  #1295-D: Deprecated declaration Enable_UART1_Receive - give arg types
  void Enable_UART1_Receive();
../Core/Inc/usart.h(51): warning:  #1295-D: Deprecated declaration Disable_UART1_Receive - give arg types
  void Disable_UART1_Receive();
../Core/Inc/global_cfg.h(111): warning:  #1-D: last line of file ends without a newline
  // #endif
../Core/Src/usart.c(382): warning:  #167-D: argument of type "char *" is incompatible with parameter of type "const uint8_t *"
    HAL_UART_Transmit_DMA(&huart1, UartTxBuff, length);
../Core/Src/usart.c(399): warning:  #167-D: argument of type "char *" is incompatible with parameter of type "const uint8_t *"
    HAL_UART_Transmit_DMA(&huart1, UartTxBuff, length);
../Core/Src/usart.c: 6 warnings, 0 errors
compiling upgrade.c...
../Core/Inc/upgrade.h(7): warning:  #1295-D: Deprecated declaration upgrade_ini - give arg types
  void upgrade_ini();
../Core/Inc/upgrade.h(8): warning:  #1295-D: Deprecated declaration upgrade_check - give arg types
  void upgrade_check();
../Core/Inc/upgrade.h(20): warning:  #1-D: last line of file ends without a newline
  uint8_t get_bootmode();
../Core/Inc/upgrade.h(20): warning:  #1295-D: Deprecated declaration get_bootmode - give arg types
  uint8_t get_bootmode();
../Core/Inc/usart.h(49): warning:  #1295-D: Deprecated declaration CheckUartReady - give arg types
  int CheckUartReady();
../Core/Inc/usart.h(50): warning:  #1295-D: Deprecated declaration Enable_UART1_Receive - give arg types
  void Enable_UART1_Receive();
../Core/Inc/usart.h(51): warning:  #1295-D: Deprecated declaration Disable_UART1_Receive - give arg types
  void Disable_UART1_Receive();
../Core/Inc/global_cfg.h(111): warning:  #1-D: last line of file ends without a newline
  // #endif
..\Core\Src\upgrade.c(49): warning:  #144-D: a value of type "uint8_t *" cannot be used to initialize an entity of type "upgrade_packet *"
      upgrade_packet *p = data;
..\Core\Src\upgrade.c(78): warning:  #223-D: function "FLASH_Write" declared implicitly
          rslt =  FLASH_Write(upgrade_ctl.cur_address, data + sizeof(upgrade_first_packet), update_len);
..\Core\Src\upgrade.c(79): warning:  #144-D: a value of type "uint8_t *" cannot be used to initialize an entity of type "upgrade_first_packet *"
          upgrade_first_packet *p1 = data;
..\Core\Src\upgrade.c(88): warning:  #223-D: function "FLASH_Write" declared implicitly
          rslt =  FLASH_Write(upgrade_ctl.cur_address, data + sizeof(upgrade_packet), update_len);
..\Core\Src\upgrade.c(70): warning:  #546-D: transfer of control bypasses initialization of:
            variable "rslt"  (declared at line 74)
          goto fail;
          ^
..\Core\Src\upgrade.c(196): warning:  #1-D: last line of file ends without a newline
  #endif
..\Core\Src\upgrade.c: 14 warnings, 0 errors
compiling stm32h7xx_it.c...
compiling JumpApp.c...
../Core/Inc/usart.h(49): warning:  #1295-D: Deprecated declaration CheckUartReady - give arg types
  int CheckUartReady();
../Core/Inc/usart.h(50): warning:  #1295-D: Deprecated declaration Enable_UART1_Receive - give arg types
  void Enable_UART1_Receive();
../Core/Inc/usart.h(51): warning:  #1295-D: Deprecated declaration Disable_UART1_Receive - give arg types
  void Disable_UART1_Receive();
../Core/Inc/global_cfg.h(111): warning:  #1-D: last line of file ends without a newline
  // #endif
../Core/Inc/JumpApp.h(6): warning:  #1295-D: Deprecated declaration Check_Jump_to_APP - give arg types
  void Check_Jump_to_APP();
../Core/Inc/JumpApp.h(7): warning:  #1295-D: Deprecated declaration mem_cfg_show - give arg types
  void mem_cfg_show();
..\Core\Src\JumpApp.c(91): warning:  #177-D: variable "result"  was declared but never referenced
      uint8_t result = 1;
..\Core\Src\JumpApp.c: 7 warnings, 0 errors
compiling dma.c...
compiling memorymap.c...
compiling flash.c...
../Core/Inc/usart.h(49): warning:  #1295-D: Deprecated declaration CheckUartReady - give arg types
  int CheckUartReady();
../Core/Inc/usart.h(50): warning:  #1295-D: Deprecated declaration Enable_UART1_Receive - give arg types
  void Enable_UART1_Receive();
../Core/Inc/usart.h(51): warning:  #1295-D: Deprecated declaration Disable_UART1_Receive - give arg types
  void Disable_UART1_Receive();
../Core/Inc/global_cfg.h(111): warning:  #1-D: last line of file ends without a newline
  // #endif
..\Core\Src\flash.c(178): warning:  #167-D: argument of type "uint32_t *" is incompatible with parameter of type "uint32_t"
          if (HAL_FLASH_Program(FLASH_TYPEPROGRAM_FLASHWORD, (Addr + data_pos), flashdata_temp) != HAL_OK)
..\Core\Src\flash.c(159): warning:  #546-D: transfer of control bypasses initialization of:
            variable "data_pos"  (declared at line 172)
          goto End;
          ^
..\Core\Src\flash.c(168): warning:  #546-D: transfer of control bypasses initialization of:
            variable "data_pos"  (declared at line 172)
              goto End;
              ^
..\Core\Src\flash.c(225): warning:  #513-D: a value of type "uint32_t *" cannot be assigned to an entity of type "Flash_info *"
      flash_info = &temp;
..\Core\Src\flash.c(242): warning:  #513-D: a value of type "uint32_t *" cannot be assigned to an entity of type "Flash_info *"
      flash_info = &temp;
..\Core\Src\flash.c(256): warning:  #513-D: a value of type "uint32_t *" cannot be assigned to an entity of type "Flash_info *"
      flash_info = &temp;
..\Core\Src\flash.c(273): warning:  #513-D: a value of type "uint32_t *" cannot be assigned to an entity of type "Flash_info *"
          flash_info = &temp;
..\Core\Src\flash.c(297): warning:  #167-D: argument of type "mem_cfg_t *" is incompatible with parameter of type "uint8_t *"
      read_data_non_check_size(Cur_Cfg_Address, &mem_cfg, sizeof(mem_cfg)); 
..\Core\Src\flash.c: 12 warnings, 0 errors
compiling gpio.c...
compiling stm32h7xx_hal_cortex.c...
compiling PC_interface.c...
../Core/Inc/usart.h(49): warning:  #1295-D: Deprecated declaration CheckUartReady - give arg types
  int CheckUartReady();
../Core/Inc/usart.h(50): warning:  #1295-D: Deprecated declaration Enable_UART1_Receive - give arg types
  void Enable_UART1_Receive();
../Core/Inc/usart.h(51): warning:  #1295-D: Deprecated declaration Disable_UART1_Receive - give arg types
  void Disable_UART1_Receive();
../Core/Inc/global_cfg.h(111): warning:  #1-D: last line of file ends without a newline
  // #endif
../Core/Inc/PC_interface.h(6): warning:  #1295-D: Deprecated declaration pc_parse_and_execute_command2 - give arg types
  void pc_parse_and_execute_command2();
../Core/Inc/upgrade.h(7): warning:  #1295-D: Deprecated declaration upgrade_ini - give arg types
  void upgrade_ini();
../Core/Inc/upgrade.h(8): warning:  #1295-D: Deprecated declaration upgrade_check - give arg types
  void upgrade_check();
../Core/Inc/upgrade.h(20): warning:  #1-D: last line of file ends without a newline
  uint8_t get_bootmode();
../Core/Inc/upgrade.h(20): warning:  #1295-D: Deprecated declaration get_bootmode - give arg types
  uint8_t get_bootmode();
..\Core\Src\PC_interface.c(25): warning:  #161-D: unrecognized #pragma
  #pragma unpack()
..\Core\Src\PC_interface.c(55): warning:  #144-D: a value of type "uint8_t *" cannot be used to initialize an entity of type "min_cmd_t *"
      min_cmd_t *s = UartTxBuff;
..\Core\Src\PC_interface.c(142): warning:  #167-D: argument of type "char *" is incompatible with parameter of type "uint8_t *"
                  sum_crc(cli_para.rxbuf + i + 6, data->len) == *(uint8_t *)(cli_para.rxbuf + i + 6 + data->len) && /* Êï∞ÊçÆÂíåÊ†°È™? */
..\Core\Src\PC_interface.c: 12 warnings, 0 errors
compiling stm32h7xx_hal_pwr.c...
compiling stm32h7xx_hal_hsem.c...
compiling stm32h7xx_hal_crc_ex.c...
compiling stm32h7xx_hal_mdma.c...
compiling stm32h7xx_hal_i2c_ex.c...
compiling stm32h7xx_hal.c...
compiling stm32h7xx_hal_flash.c...
compiling stm32h7xx_hal_gpio.c...
compiling stm32h7xx_hal_flash_ex.c...
compiling stm32h7xx_hal_rcc.c...
compiling stm32h7xx_hal_dma_ex.c...
compiling stm32h7xx_hal_i2c.c...
compiling stm32h7xx_hal_pwr_ex.c...
compiling stm32h7xx_hal_rcc_ex.c...
compiling stm32h7xx_hal_dma.c...
compiling stm32h7xx_hal_uart_ex.c...
compiling stm32h7xx_hal_iwdg.c...
compiling system_stm32h7xx.c...
compiling stm32h7xx_hal_exti.c...
compiling stm32h7xx_hal_uart.c...
linking...
Program Size: Code=29568 RO-data=760 RW-data=64 ZI-data=133856  
FromELF: creating hex file...
After Build - User command #1: fromelf --bin --output "BootLoader\BootLoader.bin" "BootLoader\BootLoader.axf"
"BootLoader\BootLoader.axf" - 0 Error(s), 61 Warning(s).

<h2>Software Packages used:</h2>

Package Vendor: ARM
                https://www.keil.com/pack/ARM.CMSIS.6.1.0.pack
                ARM::CMSIS@6.1.0
                CMSIS (Common Microcontroller Software Interface Standard)
   * Component: CORE Version: 6.1.0

Package Vendor: Keil
                https://www.keil.com/pack/Keil.STM32H7xx_DFP.4.1.3.pack
                Keil::STM32H7xx_DFP@4.1.3
                STMicroelectronics STM32H7 Series Device Support

<h2>Collection of Component include folders:</h2>
  ./RTE/_BootLoader
  D:/software/Keil_v5/ARM/Packs/ARM/CMSIS/6.1.0/CMSIS/Core/Include

<h2>Collection of Component Files used:</h2>

   * Component: ARM::CMSIS:CORE@6.1.0
Build Time Elapsed:  00:01:00
</pre>
</body>
</html>
